../Core/Src/stm32f1xx_hal_msp.c:65:6:HAL_MspInit	8	static
../Core/Src/stm32f1xx_hal_msp.c:91:6:HAL_I2C_MspInit	32	static
../Core/Src/stm32f1xx_hal_msp.c:125:6:HAL_I2C_MspDeInit	8	static
../Core/Src/stm32f1xx_hal_msp.c:156:6:HAL_RTC_MspInit	16	static
../Core/Src/stm32f1xx_hal_msp.c:181:6:HAL_RTC_MspDeInit	0	static
../Core/Src/stm32f1xx_hal_msp.c:203:6:HAL_SPI_MspInit	32	static
../Core/Src/stm32f1xx_hal_msp.c:244:6:HAL_SPI_MspDeInit	0	static
../Core/Src/stm32f1xx_hal_msp.c:275:6:HAL_TIM_Base_MspInit	16	static
../Core/Src/stm32f1xx_hal_msp.c:300:6:HAL_TIM_Base_MspDeInit	0	static
../Core/Src/stm32f1xx_hal_msp.c:325:6:HAL_UART_MspInit	48	static
../Core/Src/stm32f1xx_hal_msp.c:411:6:HAL_UART_MspDeInit	8	static
