../Core/Src/main.c:122:6:HAL_TIM_PeriodElapsedCallback	16	static
../Core/Src/main.c:135:6:HAL_UART_RxIdleCallback	16	static
../Core/Src/main.c:153:6:HAL_GPIO_EXTI_Callback	16	static
../Core/Src/main.c:174:6:check_buttons	8	static
../Core/Src/main.c:200:6:Setup	8	static
../Core/Src/main.c:213:5:main	8	static
../Core/Src/main.c:287:6:SystemClock_Config	88	static
../Core/Src/main.c:333:13:MX_I2C1_Init	8	static
../Core/Src/main.c:367:13:MX_RTC_Init	16	static
../Core/Src/main.c:431:13:MX_SPI1_Init	8	static
../Core/Src/main.c:469:13:MX_TIM3_Init	32	static
../Core/Src/main.c:514:13:MX_USART1_UART_Init	8	static
../Core/Src/main.c:579:13:MX_DMA_Init	16	static
../Core/Src/main.c:597:13:MX_GPIO_Init	40	static
../Core/Src/main.c:630:6:Error_Handler	4	static,ignoring_inline_asm
