../Core/Src/main.c:113:6:HAL_TIM_PeriodElapsedCallback	16	static
../Core/Src/main.c:123:6:HAL_UART_RxIdleCallback	16	static
../Core/Src/main.c:142:6:HAL_GPIO_EXTI_Callback	16	static
../Core/Src/main.c:163:6:check_buttons	8	static
../Core/Src/main.c:191:5:main	8	static
../Core/Src/main.c:264:6:SystemClock_Config	88	static
../Core/Src/main.c:310:13:MX_I2C1_Init	8	static
../Core/Src/main.c:344:13:MX_RTC_Init	16	static
../Core/Src/main.c:408:13:MX_SPI1_Init	8	static
../Core/Src/main.c:446:13:MX_TIM3_Init	32	static
../Core/Src/main.c:491:13:MX_USART1_UART_Init	8	static
../Core/Src/main.c:524:13:MX_USART3_UART_Init	8	static
../Core/Src/main.c:555:13:MX_DMA_Init	16	static
../Core/Src/main.c:573:13:MX_GPIO_Init	40	static
../Core/Src/main.c:606:6:Error_Handler	4	static,ignoring_inline_asm
