stm32f1xx_it.c:58:6:SDTimer_Handler	0	static
stm32f1xx_it.c:81:6:NMI_Handler	0	static
stm32f1xx_it.c:96:6:HardFault_Handler	0	static
stm32f1xx_it.c:111:6:MemManage_Handler	0	static
stm32f1xx_it.c:126:6:BusFault_Handler	0	static
stm32f1xx_it.c:141:6:UsageFault_Handler	0	static
stm32f1xx_it.c:156:6:SVC_Handler	0	static
stm32f1xx_it.c:169:6:DebugMon_Handler	0	static
stm32f1xx_it.c:182:6:PendSV_Handler	0	static
stm32f1xx_it.c:195:6:SysTick_Handler	8	static
stm32f1xx_it.c:221:6:EXTI1_IRQHandler	8	static
stm32f1xx_it.c:235:6:EXTI2_IRQHandler	8	static
stm32f1xx_it.c:249:6:DMA1_Channel5_IRQHandler	8	static
stm32f1xx_it.c:263:6:USART1_IRQHandler	16	static
