stm32f1xx_hal_msp.c:65:6:HAL_MspInit	8	static
stm32f1xx_hal_msp.c:91:6:HAL_CRC_MspInit	8	static
stm32f1xx_hal_msp.c:113:6:HAL_CRC_MspDeInit	0	static
stm32f1xx_hal_msp.c:135:6:HAL_I2C_MspInit	32	static
stm32f1xx_hal_msp.c:169:6:HAL_I2C_MspDeInit	8	static
stm32f1xx_hal_msp.c:200:6:HAL_RTC_MspInit	16	static
stm32f1xx_hal_msp.c:225:6:HAL_RTC_MspDeInit	0	static
stm32f1xx_hal_msp.c:247:6:HAL_SPI_MspInit	32	static
stm32f1xx_hal_msp.c:288:6:HAL_SPI_MspDeInit	8	static
stm32f1xx_hal_msp.c:319:6:HAL_UART_MspInit	40	static
stm32f1xx_hal_msp.c:378:6:HAL_UART_MspDeInit	8	static
