Archive member included to satisfy reference by file (symbol)

c:/st/stm32cubeide_1.9.0/stm32cubeide/plugins/com.st.stm32cube.ide.mcu.externaltools.gnu-tools-for-stm32.10.3-2021.10.win32_1.0.0.202111181127/tools/bin/../lib/gcc/arm-none-eabi/10.3.1/../../../../arm-none-eabi/lib/thumb/v7-m/nofp\libc_nano.a(lib_a-errno.o)
                              ./Core/Src/syscalls.o (__errno)
c:/st/stm32cubeide_1.9.0/stm32cubeide/plugins/com.st.stm32cube.ide.mcu.externaltools.gnu-tools-for-stm32.10.3-2021.10.win32_1.0.0.202111181127/tools/bin/../lib/gcc/arm-none-eabi/10.3.1/../../../../arm-none-eabi/lib/thumb/v7-m/nofp\libc_nano.a(lib_a-exit.o)
                              c:/st/stm32cubeide_1.9.0/stm32cubeide/plugins/com.st.stm32cube.ide.mcu.externaltools.gnu-tools-for-stm32.10.3-2021.10.win32_1.0.0.202111181127/tools/bin/../lib/gcc/arm-none-eabi/10.3.1/../../../../arm-none-eabi/lib/thumb/v7-m/nofp/crt0.o (exit)
c:/st/stm32cubeide_1.9.0/stm32cubeide/plugins/com.st.stm32cube.ide.mcu.externaltools.gnu-tools-for-stm32.10.3-2021.10.win32_1.0.0.202111181127/tools/bin/../lib/gcc/arm-none-eabi/10.3.1/../../../../arm-none-eabi/lib/thumb/v7-m/nofp\libc_nano.a(lib_a-impure.o)
                              c:/st/stm32cubeide_1.9.0/stm32cubeide/plugins/com.st.stm32cube.ide.mcu.externaltools.gnu-tools-for-stm32.10.3-2021.10.win32_1.0.0.202111181127/tools/bin/../lib/gcc/arm-none-eabi/10.3.1/../../../../arm-none-eabi/lib/thumb/v7-m/nofp\libc_nano.a(lib_a-exit.o) (_global_impure_ptr)
c:/st/stm32cubeide_1.9.0/stm32cubeide/plugins/com.st.stm32cube.ide.mcu.externaltools.gnu-tools-for-stm32.10.3-2021.10.win32_1.0.0.202111181127/tools/bin/../lib/gcc/arm-none-eabi/10.3.1/../../../../arm-none-eabi/lib/thumb/v7-m/nofp\libc_nano.a(lib_a-init.o)
                              c:/st/stm32cubeide_1.9.0/stm32cubeide/plugins/com.st.stm32cube.ide.mcu.externaltools.gnu-tools-for-stm32.10.3-2021.10.win32_1.0.0.202111181127/tools/bin/../lib/gcc/arm-none-eabi/10.3.1/../../../../arm-none-eabi/lib/thumb/v7-m/nofp/crt0.o (__libc_init_array)
c:/st/stm32cubeide_1.9.0/stm32cubeide/plugins/com.st.stm32cube.ide.mcu.externaltools.gnu-tools-for-stm32.10.3-2021.10.win32_1.0.0.202111181127/tools/bin/../lib/gcc/arm-none-eabi/10.3.1/../../../../arm-none-eabi/lib/thumb/v7-m/nofp\libc_nano.a(lib_a-memset.o)
                              c:/st/stm32cubeide_1.9.0/stm32cubeide/plugins/com.st.stm32cube.ide.mcu.externaltools.gnu-tools-for-stm32.10.3-2021.10.win32_1.0.0.202111181127/tools/bin/../lib/gcc/arm-none-eabi/10.3.1/../../../../arm-none-eabi/lib/thumb/v7-m/nofp/crt0.o (memset)
c:/st/stm32cubeide_1.9.0/stm32cubeide/plugins/com.st.stm32cube.ide.mcu.externaltools.gnu-tools-for-stm32.10.3-2021.10.win32_1.0.0.202111181127/tools/bin/../lib/gcc/arm-none-eabi/10.3.1/../../../../arm-none-eabi/lib/thumb/v7-m/nofp\libc_nano.a(lib_a-strlen.o)
                              ./Core/Src/fonts.o (strlen)

Discarded input sections

 .text          0x0000000000000000        0x0 c:/st/stm32cubeide_1.9.0/stm32cubeide/plugins/com.st.stm32cube.ide.mcu.externaltools.gnu-tools-for-stm32.10.3-2021.10.win32_1.0.0.202111181127/tools/bin/../lib/gcc/arm-none-eabi/10.3.1/thumb/v7-m/nofp/crti.o
 .data          0x0000000000000000        0x0 c:/st/stm32cubeide_1.9.0/stm32cubeide/plugins/com.st.stm32cube.ide.mcu.externaltools.gnu-tools-for-stm32.10.3-2021.10.win32_1.0.0.202111181127/tools/bin/../lib/gcc/arm-none-eabi/10.3.1/thumb/v7-m/nofp/crti.o
 .bss           0x0000000000000000        0x0 c:/st/stm32cubeide_1.9.0/stm32cubeide/plugins/com.st.stm32cube.ide.mcu.externaltools.gnu-tools-for-stm32.10.3-2021.10.win32_1.0.0.202111181127/tools/bin/../lib/gcc/arm-none-eabi/10.3.1/thumb/v7-m/nofp/crti.o
 .data          0x0000000000000000        0x4 c:/st/stm32cubeide_1.9.0/stm32cubeide/plugins/com.st.stm32cube.ide.mcu.externaltools.gnu-tools-for-stm32.10.3-2021.10.win32_1.0.0.202111181127/tools/bin/../lib/gcc/arm-none-eabi/10.3.1/thumb/v7-m/nofp/crtbegin.o
 .rodata        0x0000000000000000       0x24 c:/st/stm32cubeide_1.9.0/stm32cubeide/plugins/com.st.stm32cube.ide.mcu.externaltools.gnu-tools-for-stm32.10.3-2021.10.win32_1.0.0.202111181127/tools/bin/../lib/gcc/arm-none-eabi/10.3.1/thumb/v7-m/nofp/crtbegin.o
 .text          0x0000000000000000       0x7c c:/st/stm32cubeide_1.9.0/stm32cubeide/plugins/com.st.stm32cube.ide.mcu.externaltools.gnu-tools-for-stm32.10.3-2021.10.win32_1.0.0.202111181127/tools/bin/../lib/gcc/arm-none-eabi/10.3.1/../../../../arm-none-eabi/lib/thumb/v7-m/nofp/crt0.o
 .data          0x0000000000000000        0x0 c:/st/stm32cubeide_1.9.0/stm32cubeide/plugins/com.st.stm32cube.ide.mcu.externaltools.gnu-tools-for-stm32.10.3-2021.10.win32_1.0.0.202111181127/tools/bin/../lib/gcc/arm-none-eabi/10.3.1/../../../../arm-none-eabi/lib/thumb/v7-m/nofp/crt0.o
[...]
Memory Configuration

Name             Origin             Length             Attributes
RAM              0x0000000020000000 0x0000000000005000 xrw
FLASH            0x0000000008000000 0x0000000000010000 xr
*default*        0x0000000000000000 0xffffffffffffffff

Linker script and memory map

LOAD c:/st/stm32cubeide_1.9.0/stm32cubeide/plugins/com.st.stm32cube.ide.mcu.externaltools.gnu-tools-for-stm32.10.3-2021.10.win32_1.0.0.202111181127/tools/bin/../lib/gcc/arm-none-eabi/10.3.1/thumb/v7-m/nofp/crti.o
LOAD c:/st/stm32cubeide_1.9.0/stm32cubeide/plugins/com.st.stm32cube.ide.mcu.externaltools.gnu-tools-for-stm32.10.3-2021.10.win32_1.0.0.202111181127/tools/bin/../lib/gcc/arm-none-eabi/10.3.1/thumb/v7-m/nofp/crtbegin.o
LOAD c:/st/stm32cubeide_1.9.0/stm32cubeide/plugins/com.st.stm32cube.ide.mcu.externaltools.gnu-tools-for-stm32.10.3-2021.10.win32_1.0.0.202111181127/tools/bin/../lib/gcc/arm-none-eabi/10.3.1/../../../../arm-none-eabi/lib/thumb/v7-m/nofp/crt0.o
LOAD ./Core/Src/fonts.o
LOAD ./Core/Src/main.o
LOAD ./Core/Src/ssd1306.o
LOAD ./Core/Src/stm32f1xx_hal_msp.o
LOAD ./Core/Src/stm32f1xx_it.o
LOAD ./Core/Src/syscalls.o
LOAD ./Core/Src/sysmem.o
LOAD ./Core/Src/system_stm32f1xx.o
LOAD ./Core/Startup/startup_stm32f103c8tx.o
LOAD ./Drivers/STM32F1xx_HAL_Driver/Src/stm32f1xx_hal.o
LOAD ./Drivers/STM32F1xx_HAL_Driver/Src/stm32f1xx_hal_cortex.o
LOAD ./Drivers/STM32F1xx_HAL_Driver/Src/stm32f1xx_hal_dma.o
LOAD ./Drivers/STM32F1xx_HAL_Driver/Src/stm32f1xx_hal_exti.o
LOAD ./Drivers/STM32F1xx_HAL_Driver/Src/stm32f1xx_hal_flash.o
LOAD ./Drivers/STM32F1xx_HAL_Driver/Src/stm32f1xx_hal_flash_ex.o
LOAD ./Drivers/STM32F1xx_HAL_Driver/Src/stm32f1xx_hal_gpio.o
LOAD ./Drivers/STM32F1xx_HAL_Driver/Src/stm32f1xx_hal_gpio_ex.o
LOAD ./Drivers/STM32F1xx_HAL_Driver/Src/stm32f1xx_hal_i2c.o
LOAD ./Drivers/STM32F1xx_HAL_Driver/Src/stm32f1xx_hal_pwr.o
LOAD ./Drivers/STM32F1xx_HAL_Driver/Src/stm32f1xx_hal_rcc.o
LOAD ./Drivers/STM32F1xx_HAL_Driver/Src/stm32f1xx_hal_rcc_ex.o
LOAD ./Drivers/STM32F1xx_HAL_Driver/Src/stm32f1xx_hal_rtc.o
LOAD ./Drivers/STM32F1xx_HAL_Driver/Src/stm32f1xx_hal_rtc_ex.o
LOAD ./Drivers/STM32F1xx_HAL_Driver/Src/stm32f1xx_hal_tim.o
LOAD ./Drivers/STM32F1xx_HAL_Driver/Src/stm32f1xx_hal_tim_ex.o
START GROUP
LOAD c:/st/stm32cubeide_1.9.0/stm32cubeide/plugins/com.st.stm32cube.ide.mcu.externaltools.gnu-tools-for-stm32.10.3-2021.10.win32_1.0.0.202111181127/tools/bin/../lib/gcc/arm-none-eabi/10.3.1/../../../../arm-none-eabi/lib/thumb/v7-m/nofp\libc_nano.a
LOAD c:/st/stm32cubeide_1.9.0/stm32cubeide/plugins/com.st.stm32cube.ide.mcu.externaltools.gnu-tools-for-stm32.10.3-2021.10.win32_1.0.0.202111181127/tools/bin/../lib/gcc/arm-none-eabi/10.3.1/../../../../arm-none-eabi/lib/thumb/v7-m/nofp\libm.a
END GROUP
START GROUP
LOAD c:/st/stm32cubeide_1.9.0/stm32cubeide/plugins/com.st.stm32cube.ide.mcu.externaltools.gnu-tools-for-stm32.10.3-2021.10.win32_1.0.0.202111181127/tools/bin/../lib/gcc/arm-none-eabi/10.3.1/thumb/v7-m/nofp\libgcc.a
LOAD c:/st/stm32cubeide_1.9.0/stm32cubeide/plugins/com.st.stm32cube.ide.mcu.externaltools.gnu-tools-for-stm32.10.3-2021.10.win32_1.0.0.202111181127/tools/bin/../lib/gcc/arm-none-eabi/10.3.1/../../../../arm-none-eabi/lib/thumb/v7-m/nofp\libc_nano.a
END GROUP
START GROUP
LOAD c:/st/stm32cubeide_1.9.0/stm32cubeide/plugins/com.st.stm32cube.ide.mcu.externaltools.gnu-tools-for-stm32.10.3-2021.10.win32_1.0.0.202111181127/tools/bin/../lib/gcc/arm-none-eabi/10.3.1/thumb/v7-m/nofp\libgcc.a
LOAD c:/st/stm32cubeide_1.9.0/stm32cubeide/plugins/com.st.stm32cube.ide.mcu.externaltools.gnu-tools-for-stm32.10.3-2021.10.win32_1.0.0.202111181127/tools/bin/../lib/gcc/arm-none-eabi/10.3.1/../../../../arm-none-eabi/lib/thumb/v7-m/nofp\libc_nano.a
LOAD c:/st/stm32cubeide_1.9.0/stm32cubeide/plugins/com.st.stm32cube.ide.mcu.externaltools.gnu-tools-for-stm32.10.3-2021.10.win32_1.0.0.202111181127/tools/bin/../lib/gcc/arm-none-eabi/10.3.1/../../../../arm-none-eabi/lib/thumb/v7-m/nofp\libnosys.a
END GROUP
START GROUP
LOAD c:/st/stm32cubeide_1.9.0/stm32cubeide/plugins/com.st.stm32cube.ide.mcu.externaltools.gnu-tools-for-stm32.10.3-2021.10.win32_1.0.0.202111181127/tools/bin/../lib/gcc/arm-none-eabi/10.3.1/thumb/v7-m/nofp\libgcc.a
LOAD c:/st/stm32cubeide_1.9.0/stm32cubeide/plugins/com.st.stm32cube.ide.mcu.externaltools.gnu-tools-for-stm32.10.3-2021.10.win32_1.0.0.202111181127/tools/bin/../lib/gcc/arm-none-eabi/10.3.1/../../../../arm-none-eabi/lib/thumb/v7-m/nofp\libc_nano.a
LOAD c:/st/stm32cubeide_1.9.0/stm32cubeide/plugins/com.st.stm32cube.ide.mcu.externaltools.gnu-tools-for-stm32.10.3-2021.10.win32_1.0.0.202111181127/tools/bin/../lib/gcc/arm-none-eabi/10.3.1/../../../../arm-none-eabi/lib/thumb/v7-m/nofp\libnosys.a
END GROUP
LOAD c:/st/stm32cubeide_1.9.0/stm32cubeide/plugins/com.st.stm32cube.ide.mcu.externaltools.gnu-tools-for-stm32.10.3-2021.10.win32_1.0.0.202111181127/tools/bin/../lib/gcc/arm-none-eabi/10.3.1/thumb/v7-m/nofp/crtend.o
LOAD c:/st/stm32cubeide_1.9.0/stm32cubeide/plugins/com.st.stm32cube.ide.mcu.externaltools.gnu-tools-for-stm32.10.3-2021.10.win32_1.0.0.202111181127/tools/bin/../lib/gcc/arm-none-eabi/10.3.1/thumb/v7-m/nofp/crtn.o
                0x0000000020005000                _estack = (ORIGIN (RAM) + LENGTH (RAM))
                0x0000000000000200                _Min_Heap_Size = 0x200
                0x0000000000000400                _Min_Stack_Size = 0x400

.isr_vector     0x0000000008000000      0x10c
                0x0000000008000000                . = ALIGN (0x4)
 *(.isr_vector)
 .isr_vector    0x0000000008000000      0x10c ./Core/Startup/startup_stm32f103c8tx.o
                0x0000000008000000                g_pfnVectors
                0x000000000800010c                . = ALIGN (0x4)

.text           0x000000000800010c     0x3240
                0x000000000800010c                . = ALIGN (0x4)
 *(.text)
 .text          0x000000000800010c       0x40 c:/st/stm32cubeide_1.9.0/stm32cubeide/plugins/com.st.stm32cube.ide.mcu.externaltools.gnu-tools-for-stm32.10.3-2021.10.win32_1.0.0.202111181127/tools/bin/../lib/gcc/arm-none-eabi/10.3.1/thumb/v7-m/nofp/crtbegin.o
 *(.text*)
 .text.HAL_RTC_AlarmAEventCallback
                0x000000000800014c       0x14 ./Core/Src/main.o
                0x000000000800014c                HAL_RTC_AlarmAEventCallback
 .text.main     0x0000000008000160       0xf4 ./Core/Src/main.o
                0x0000000008000160                main
 .text.SystemClock_Config
                0x0000000008000254       0xa6 ./Core/Src/main.o
                0x0000000008000254                SystemClock_Config
 *fill*         0x00000000080002fa        0x2 
 .text.MX_I2C1_Init
                0x00000000080002fc       0x5c ./Core/Src/main.o
 .text.MX_RTC_Init
                0x0000000008000358       0xc8 ./Core/Src/main.o
 .text.MX_GPIO_Init
                0x0000000008000420       0x5c ./Core/Src/main.o
 .text.Error_Handler
                0x000000000800047c        0xa ./Core/Src/main.o
                0x000000000800047c                Error_Handler
 *fill*         0x0000000008000486        0x2 
 .text.SSD1306_UpdateScreen
                0x0000000008000488       0x5c ./Core/Src/ssd1306.o
                0x0000000008000488                SSD1306_UpdateScreen
 .text.SSD1306_Fill
                0x00000000080004e4       0x30 ./Core/Src/ssd1306.o
                0x00000000080004e4                SSD1306_Fill
 .text.SSD1306_DrawPixel
                0x0000000008000514       0xbc ./Core/Src/ssd1306.o
                0x0000000008000514                SSD1306_DrawPixel
 .text.SSD1306_GotoXY
                0x00000000080005d0       0x2c ./Core/Src/ssd1306.o
                0x00000000080005d0                SSD1306_GotoXY
 .text.SSD1306_Putc
                0x00000000080005fc      0x100 ./Core/Src/ssd1306.o
                0x00000000080005fc                SSD1306_Putc
 .text.SSD1306_Puts
                0x00000000080006fc       0x4a ./Core/Src/ssd1306.o
                0x00000000080006fc                SSD1306_Puts
 .text.SSD1306_Clear
                0x0000000008000746       0x12 ./Core/Src/ssd1306.o
                0x0000000008000746                SSD1306_Clear
 .text.ssd1306_I2C_WriteMulti
                0x0000000008000758       0xcc ./Core/Src/ssd1306.o
                0x0000000008000758                ssd1306_I2C_WriteMulti
 .text.ssd1306_I2C_Write
                0x0000000008000824       0x3c ./Core/Src/ssd1306.o
                0x0000000008000824                ssd1306_I2C_Write
 .text.HAL_MspInit
                0x0000000008000860       0x64 ./Core/Src/stm32f1xx_hal_msp.o
                0x0000000008000860                HAL_MspInit
 .text.HAL_I2C_MspInit
                0x00000000080008c4       0x7c ./Core/Src/stm32f1xx_hal_msp.o
                0x00000000080008c4                HAL_I2C_MspInit
 .text.HAL_RTC_MspInit
                0x0000000008000940       0x68 ./Core/Src/stm32f1xx_hal_msp.o
                0x0000000008000940                HAL_RTC_MspInit
 .text.NMI_Handler
                0x00000000080009a8        0x6 ./Core/Src/stm32f1xx_it.o
                0x00000000080009a8                NMI_Handler
 .text.HardFault_Handler
                0x00000000080009ae        0x6 ./Core/Src/stm32f1xx_it.o
                0x00000000080009ae                HardFault_Handler
 .text.MemManage_Handler
                0x00000000080009b4        0x6 ./Core/Src/stm32f1xx_it.o
                0x00000000080009b4                MemManage_Handler
 .text.BusFault_Handler
                0x00000000080009ba        0x6 ./Core/Src/stm32f1xx_it.o
                0x00000000080009ba                BusFault_Handler
 .text.UsageFault_Handler
                0x00000000080009c0        0x6 ./Core/Src/stm32f1xx_it.o
                0x00000000080009c0                UsageFault_Handler
 .text.SVC_Handler
                0x00000000080009c6        0xc ./Core/Src/stm32f1xx_it.o
                0x00000000080009c6                SVC_Handler
 .text.DebugMon_Handler
                0x00000000080009d2        0xc ./Core/Src/stm32f1xx_it.o
                0x00000000080009d2                DebugMon_Handler
 .text.PendSV_Handler
                0x00000000080009de        0xc ./Core/Src/stm32f1xx_it.o
                0x00000000080009de                PendSV_Handler
 .text.SysTick_Handler
                0x00000000080009ea        0xc ./Core/Src/stm32f1xx_it.o
                0x00000000080009ea                SysTick_Handler
 *fill*         0x00000000080009f6        0x2 
 .text.RTC_IRQHandler
                0x00000000080009f8       0x14 ./Core/Src/stm32f1xx_it.o
                0x00000000080009f8                RTC_IRQHandler
 .text.RTC_Alarm_IRQHandler
                0x0000000008000a0c       0x14 ./Core/Src/stm32f1xx_it.o
                0x0000000008000a0c                RTC_Alarm_IRQHandler
 .text.SystemInit
                0x0000000008000a20        0xc ./Core/Src/system_stm32f1xx.o
                0x0000000008000a20                SystemInit
 .text.Reset_Handler
                0x0000000008000a2c       0x48 ./Core/Startup/startup_stm32f103c8tx.o
                0x0000000008000a2c                Reset_Handler
 .text.Default_Handler
                0x0000000008000a74        0x2 ./Core/Startup/startup_stm32f103c8tx.o
                0x0000000008000a74                EXTI2_IRQHandler
                0x0000000008000a74                TIM1_CC_IRQHandler
                0x0000000008000a74                PVD_IRQHandler
                0x0000000008000a74                EXTI3_IRQHandler
                0x0000000008000a74                EXTI0_IRQHandler
                0x0000000008000a74                I2C2_EV_IRQHandler
                0x0000000008000a74                ADC1_2_IRQHandler
                0x0000000008000a74                SPI1_IRQHandler
                0x0000000008000a74                TAMPER_IRQHandler
                0x0000000008000a74                DMA1_Channel4_IRQHandler
                0x0000000008000a74                USART3_IRQHandler
                0x0000000008000a74                DMA1_Channel7_IRQHandler
                0x0000000008000a74                CAN1_RX1_IRQHandler
                0x0000000008000a74                TIM4_IRQHandler
                0x0000000008000a74                I2C1_EV_IRQHandler
                0x0000000008000a74                DMA1_Channel6_IRQHandler
                0x0000000008000a74                TIM3_IRQHandler
                0x0000000008000a74                RCC_IRQHandler
                0x0000000008000a74                TIM1_TRG_COM_IRQHandler
                0x0000000008000a74                DMA1_Channel1_IRQHandler
                0x0000000008000a74                Default_Handler
                0x0000000008000a74                EXTI15_10_IRQHandler
                0x0000000008000a74                EXTI9_5_IRQHandler
                0x0000000008000a74                SPI2_IRQHandler
                0x0000000008000a74                DMA1_Channel5_IRQHandler
                0x0000000008000a74                EXTI4_IRQHandler
                0x0000000008000a74                USB_LP_CAN1_RX0_IRQHandler
                0x0000000008000a74                USB_HP_CAN1_TX_IRQHandler
                0x0000000008000a74                DMA1_Channel3_IRQHandler
                0x0000000008000a74                TIM1_UP_IRQHandler
                0x0000000008000a74                WWDG_IRQHandler
                0x0000000008000a74                TIM2_IRQHandler
                0x0000000008000a74                TIM1_BRK_IRQHandler
                0x0000000008000a74                EXTI1_IRQHandler
                0x0000000008000a74                USART2_IRQHandler
                0x0000000008000a74                I2C2_ER_IRQHandler
                0x0000000008000a74                DMA1_Channel2_IRQHandler
                0x0000000008000a74                CAN1_SCE_IRQHandler
                0x0000000008000a74                FLASH_IRQHandler
                0x0000000008000a74                USART1_IRQHandler
                0x0000000008000a74                I2C1_ER_IRQHandler
                0x0000000008000a74                USBWakeUp_IRQHandler
 *fill*         0x0000000008000a76        0x2 
 .text.HAL_Init
                0x0000000008000a78       0x2c ./Drivers/STM32F1xx_HAL_Driver/Src/stm32f1xx_hal.o
                0x0000000008000a78                HAL_Init
 .text.HAL_InitTick
                0x0000000008000aa4       0x60 ./Drivers/STM32F1xx_HAL_Driver/Src/stm32f1xx_hal.o
                0x0000000008000aa4                HAL_InitTick
 .text.HAL_IncTick
                0x0000000008000b04       0x24 ./Drivers/STM32F1xx_HAL_Driver/Src/stm32f1xx_hal.o
                0x0000000008000b04                HAL_IncTick
 .text.HAL_GetTick
                0x0000000008000b28       0x14 ./Drivers/STM32F1xx_HAL_Driver/Src/stm32f1xx_hal.o
                0x0000000008000b28                HAL_GetTick
 .text.HAL_Delay
                0x0000000008000b3c       0x48 ./Drivers/STM32F1xx_HAL_Driver/Src/stm32f1xx_hal.o
                0x0000000008000b3c                HAL_Delay
 .text.HAL_SuspendTick
                0x0000000008000b84       0x1c ./Drivers/STM32F1xx_HAL_Driver/Src/stm32f1xx_hal.o
                0x0000000008000b84                HAL_SuspendTick
 .text.HAL_ResumeTick
                0x0000000008000ba0       0x1c ./Drivers/STM32F1xx_HAL_Driver/Src/stm32f1xx_hal.o
                0x0000000008000ba0                HAL_ResumeTick
 .text.__NVIC_SetPriorityGrouping
                0x0000000008000bbc       0x48 ./Drivers/STM32F1xx_HAL_Driver/Src/stm32f1xx_hal_cortex.o
 .text.__NVIC_GetPriorityGrouping
                0x0000000008000c04       0x1c ./Drivers/STM32F1xx_HAL_Driver/Src/stm32f1xx_hal_cortex.o
 .text.__NVIC_EnableIRQ
                0x0000000008000c20       0x38 ./Drivers/STM32F1xx_HAL_Driver/Src/stm32f1xx_hal_cortex.o
 .text.__NVIC_SetPriority
                0x0000000008000c58       0x54 ./Drivers/STM32F1xx_HAL_Driver/Src/stm32f1xx_hal_cortex.o
 .text.NVIC_EncodePriority
                0x0000000008000cac       0x64 ./Drivers/STM32F1xx_HAL_Driver/Src/stm32f1xx_hal_cortex.o
 .text.SysTick_Config
                0x0000000008000d10       0x44 ./Drivers/STM32F1xx_HAL_Driver/Src/stm32f1xx_hal_cortex.o
 .text.HAL_NVIC_SetPriorityGrouping
                0x0000000008000d54       0x16 ./Drivers/STM32F1xx_HAL_Driver/Src/stm32f1xx_hal_cortex.o
                0x0000000008000d54                HAL_NVIC_SetPriorityGrouping
 .text.HAL_NVIC_SetPriority
                0x0000000008000d6a       0x38 ./Drivers/STM32F1xx_HAL_Driver/Src/stm32f1xx_hal_cortex.o
                0x0000000008000d6a                HAL_NVIC_SetPriority
 .text.HAL_NVIC_EnableIRQ
                0x0000000008000da2       0x1c ./Drivers/STM32F1xx_HAL_Driver/Src/stm32f1xx_hal_cortex.o
                0x0000000008000da2                HAL_NVIC_EnableIRQ
 .text.HAL_SYSTICK_Config
                0x0000000008000dbe       0x18 ./Drivers/STM32F1xx_HAL_Driver/Src/stm32f1xx_hal_cortex.o
                0x0000000008000dbe                HAL_SYSTICK_Config
 *fill*         0x0000000008000dd6        0x2 
 .text.HAL_GPIO_Init
                0x0000000008000dd8      0x308 ./Drivers/STM32F1xx_HAL_Driver/Src/stm32f1xx_hal_gpio.o
                0x0000000008000dd8                HAL_GPIO_Init
 .text.HAL_I2C_Init
                0x00000000080010e0      0x288 ./Drivers/STM32F1xx_HAL_Driver/Src/stm32f1xx_hal_i2c.o
                0x00000000080010e0                HAL_I2C_Init
 .text.HAL_I2C_Master_Transmit
                0x0000000008001368      0x1fc ./Drivers/STM32F1xx_HAL_Driver/Src/stm32f1xx_hal_i2c.o
                0x0000000008001368                HAL_I2C_Master_Transmit
 .text.I2C_MasterRequestWrite
                0x0000000008001564      0x104 ./Drivers/STM32F1xx_HAL_Driver/Src/stm32f1xx_hal_i2c.o
 .text.I2C_WaitOnFlagUntilTimeout
                0x0000000008001668       0xae ./Drivers/STM32F1xx_HAL_Driver/Src/stm32f1xx_hal_i2c.o
 .text.I2C_WaitOnMasterAddressFlagUntilTimeout
                0x0000000008001716       0xfe ./Drivers/STM32F1xx_HAL_Driver/Src/stm32f1xx_hal_i2c.o
 .text.I2C_WaitOnTXEFlagUntilTimeout
                0x0000000008001814       0x82 ./Drivers/STM32F1xx_HAL_Driver/Src/stm32f1xx_hal_i2c.o
 .text.I2C_WaitOnBTFFlagUntilTimeout
                0x0000000008001896       0x82 ./Drivers/STM32F1xx_HAL_Driver/Src/stm32f1xx_hal_i2c.o
 .text.I2C_IsAcknowledgeFailed
                0x0000000008001918       0x5c ./Drivers/STM32F1xx_HAL_Driver/Src/stm32f1xx_hal_i2c.o
 .text.PWR_OverloadWfe
                0x0000000008001974       0x10 ./Drivers/STM32F1xx_HAL_Driver/Src/stm32f1xx_hal_pwr.o
 .text.HAL_PWR_EnableBkUpAccess
                0x0000000008001984       0x18 ./Drivers/STM32F1xx_HAL_Driver/Src/stm32f1xx_hal_pwr.o
                0x0000000008001984                HAL_PWR_EnableBkUpAccess
 .text.HAL_PWR_EnterSTOPMode
                0x000000000800199c       0x64 ./Drivers/STM32F1xx_HAL_Driver/Src/stm32f1xx_hal_pwr.o
                0x000000000800199c                HAL_PWR_EnterSTOPMode
 .text.HAL_RCC_OscConfig
                0x0000000008001a00      0x504 ./Drivers/STM32F1xx_HAL_Driver/Src/stm32f1xx_hal_rcc.o
                0x0000000008001a00                HAL_RCC_OscConfig
 .text.HAL_RCC_ClockConfig
                0x0000000008001f04      0x1d4 ./Drivers/STM32F1xx_HAL_Driver/Src/stm32f1xx_hal_rcc.o
                0x0000000008001f04                HAL_RCC_ClockConfig
 .text.HAL_RCC_GetSysClockFreq
                0x00000000080020d8       0xbc ./Drivers/STM32F1xx_HAL_Driver/Src/stm32f1xx_hal_rcc.o
                0x00000000080020d8                HAL_RCC_GetSysClockFreq
 .text.HAL_RCC_GetHCLKFreq
                0x0000000008002194       0x14 ./Drivers/STM32F1xx_HAL_Driver/Src/stm32f1xx_hal_rcc.o
                0x0000000008002194                HAL_RCC_GetHCLKFreq
 .text.HAL_RCC_GetPCLK1Freq
                0x00000000080021a8       0x28 ./Drivers/STM32F1xx_HAL_Driver/Src/stm32f1xx_hal_rcc.o
                0x00000000080021a8                HAL_RCC_GetPCLK1Freq
 .text.HAL_RCC_GetPCLK2Freq
                0x00000000080021d0       0x28 ./Drivers/STM32F1xx_HAL_Driver/Src/stm32f1xx_hal_rcc.o
                0x00000000080021d0                HAL_RCC_GetPCLK2Freq
 .text.RCC_Delay
                0x00000000080021f8       0x3c ./Drivers/STM32F1xx_HAL_Driver/Src/stm32f1xx_hal_rcc.o
 .text.HAL_RCCEx_PeriphCLKConfig
                0x0000000008002234      0x16c ./Drivers/STM32F1xx_HAL_Driver/Src/stm32f1xx_hal_rcc_ex.o
                0x0000000008002234                HAL_RCCEx_PeriphCLKConfig
 .text.HAL_RCCEx_GetPeriphCLKFreq
                0x00000000080023a0      0x180 ./Drivers/STM32F1xx_HAL_Driver/Src/stm32f1xx_hal_rcc_ex.o
                0x00000000080023a0                HAL_RCCEx_GetPeriphCLKFreq
 .text.HAL_RTC_Init
                0x0000000008002520      0x12c ./Drivers/STM32F1xx_HAL_Driver/Src/stm32f1xx_hal_rtc.o
                0x0000000008002520                HAL_RTC_Init
 .text.HAL_RTC_SetTime
                0x000000000800264c      0x12e ./Drivers/STM32F1xx_HAL_Driver/Src/stm32f1xx_hal_rtc.o
                0x000000000800264c                HAL_RTC_SetTime
 *fill*         0x000000000800277a        0x2 
 .text.HAL_RTC_GetTime
                0x000000000800277c      0x1b0 ./Drivers/STM32F1xx_HAL_Driver/Src/stm32f1xx_hal_rtc.o
                0x000000000800277c                HAL_RTC_GetTime
 .text.HAL_RTC_SetDate
                0x000000000800292c      0x16c ./Drivers/STM32F1xx_HAL_Driver/Src/stm32f1xx_hal_rtc.o
                0x000000000800292c                HAL_RTC_SetDate
 .text.HAL_RTC_GetDate
                0x0000000008002a98       0xa8 ./Drivers/STM32F1xx_HAL_Driver/Src/stm32f1xx_hal_rtc.o
                0x0000000008002a98                HAL_RTC_GetDate
 .text.HAL_RTC_SetAlarm_IT
                0x0000000008002b40      0x170 ./Drivers/STM32F1xx_HAL_Driver/Src/stm32f1xx_hal_rtc.o
                0x0000000008002b40                HAL_RTC_SetAlarm_IT
 .text.HAL_RTC_AlarmIRQHandler
                0x0000000008002cb0       0x54 ./Drivers/STM32F1xx_HAL_Driver/Src/stm32f1xx_hal_rtc.o
                0x0000000008002cb0                HAL_RTC_AlarmIRQHandler
 .text.HAL_RTC_WaitForSynchro
                0x0000000008002d04       0x5a ./Drivers/STM32F1xx_HAL_Driver/Src/stm32f1xx_hal_rtc.o
                0x0000000008002d04                HAL_RTC_WaitForSynchro
 .text.RTC_ReadTimeCounter
                0x0000000008002d5e       0x60 ./Drivers/STM32F1xx_HAL_Driver/Src/stm32f1xx_hal_rtc.o
 .text.RTC_WriteTimeCounter
                0x0000000008002dbe       0x4e ./Drivers/STM32F1xx_HAL_Driver/Src/stm32f1xx_hal_rtc.o
 .text.RTC_ReadAlarmCounter
                0x0000000008002e0c       0x32 ./Drivers/STM32F1xx_HAL_Driver/Src/stm32f1xx_hal_rtc.o
 .text.RTC_WriteAlarmCounter
                0x0000000008002e3e       0x4e ./Drivers/STM32F1xx_HAL_Driver/Src/stm32f1xx_hal_rtc.o
 .text.RTC_EnterInitMode
                0x0000000008002e8c       0x50 ./Drivers/STM32F1xx_HAL_Driver/Src/stm32f1xx_hal_rtc.o
 .text.RTC_ExitInitMode
                0x0000000008002edc       0x50 ./Drivers/STM32F1xx_HAL_Driver/Src/stm32f1xx_hal_rtc.o
 .text.RTC_ByteToBcd2
                0x0000000008002f2c       0x3a ./Drivers/STM32F1xx_HAL_Driver/Src/stm32f1xx_hal_rtc.o
 .text.RTC_Bcd2ToByte
                0x0000000008002f66       0x3a ./Drivers/STM32F1xx_HAL_Driver/Src/stm32f1xx_hal_rtc.o
 .text.RTC_DateUpdate
                0x0000000008002fa0      0x152 ./Drivers/STM32F1xx_HAL_Driver/Src/stm32f1xx_hal_rtc.o
 *fill*         0x00000000080030f2        0x2 
 .text.RTC_IsLeapYear
                0x00000000080030f4       0x64 ./Drivers/STM32F1xx_HAL_Driver/Src/stm32f1xx_hal_rtc.o
 .text.RTC_WeekDayNum
                0x0000000008003158       0xf0 ./Drivers/STM32F1xx_HAL_Driver/Src/stm32f1xx_hal_rtc.o
 .text.HAL_RTCEx_RTCIRQHandler
                0x0000000008003248       0x6e ./Drivers/STM32F1xx_HAL_Driver/Src/stm32f1xx_hal_rtc_ex.o
                0x0000000008003248                HAL_RTCEx_RTCIRQHandler
 .text.HAL_RTCEx_RTCEventCallback
                0x00000000080032b6       0x12 ./Drivers/STM32F1xx_HAL_Driver/Src/stm32f1xx_hal_rtc_ex.o
                0x00000000080032b6                HAL_RTCEx_RTCEventCallback
 .text.HAL_RTCEx_RTCEventErrorCallback
                0x00000000080032c8       0x12 ./Drivers/STM32F1xx_HAL_Driver/Src/stm32f1xx_hal_rtc_ex.o
                0x00000000080032c8                HAL_RTCEx_RTCEventErrorCallback
 *fill*         0x00000000080032da        0x2 
 .text.__libc_init_array
                0x00000000080032dc       0x48 c:/st/stm32cubeide_1.9.0/stm32cubeide/plugins/com.st.stm32cube.ide.mcu.externaltools.gnu-tools-for-stm32.10.3-2021.10.win32_1.0.0.202111181127/tools/bin/../lib/gcc/arm-none-eabi/10.3.1/../../../../arm-none-eabi/lib/thumb/v7-m/nofp\libc_nano.a(lib_a-init.o)
                0x00000000080032dc                __libc_init_array
 .text.memset   0x0000000008003324       0x10 c:/st/stm32cubeide_1.9.0/stm32cubeide/plugins/com.st.stm32cube.ide.mcu.externaltools.gnu-tools-for-stm32.10.3-2021.10.win32_1.0.0.202111181127/tools/bin/../lib/gcc/arm-none-eabi/10.3.1/../../../../arm-none-eabi/lib/thumb/v7-m/nofp\libc_nano.a(lib_a-memset.o)
                0x0000000008003324                memset
 *(.glue_7)
 .glue_7        0x0000000008003334        0x0 linker stubs
 *(.glue_7t)
 .glue_7t       0x0000000008003334        0x0 linker stubs
 *(.eh_frame)
 .eh_frame      0x0000000008003334        0x0 c:/st/stm32cubeide_1.9.0/stm32cubeide/plugins/com.st.stm32cube.ide.mcu.externaltools.gnu-tools-for-stm32.10.3-2021.10.win32_1.0.0.202111181127/tools/bin/../lib/gcc/arm-none-eabi/10.3.1/thumb/v7-m/nofp/crtbegin.o
 *(.init)
 .init          0x0000000008003334        0x4 c:/st/stm32cubeide_1.9.0/stm32cubeide/plugins/com.st.stm32cube.ide.mcu.externaltools.gnu-tools-for-stm32.10.3-2021.10.win32_1.0.0.202111181127/tools/bin/../lib/gcc/arm-none-eabi/10.3.1/thumb/v7-m/nofp/crti.o
                0x0000000008003334                _init
 .init          0x0000000008003338        0x8 c:/st/stm32cubeide_1.9.0/stm32cubeide/plugins/com.st.stm32cube.ide.mcu.externaltools.gnu-tools-for-stm32.10.3-2021.10.win32_1.0.0.202111181127/tools/bin/../lib/gcc/arm-none-eabi/10.3.1/thumb/v7-m/nofp/crtn.o
 *(.fini)
 .fini          0x0000000008003340        0x4 c:/st/stm32cubeide_1.9.0/stm32cubeide/plugins/com.st.stm32cube.ide.mcu.externaltools.gnu-tools-for-stm32.10.3-2021.10.win32_1.0.0.202111181127/tools/bin/../lib/gcc/arm-none-eabi/10.3.1/thumb/v7-m/nofp/crti.o
                0x0000000008003340                _fini
 .fini          0x0000000008003344        0x8 c:/st/stm32cubeide_1.9.0/stm32cubeide/plugins/com.st.stm32cube.ide.mcu.externaltools.gnu-tools-for-stm32.10.3-2021.10.win32_1.0.0.202111181127/tools/bin/../lib/gcc/arm-none-eabi/10.3.1/thumb/v7-m/nofp/crtn.o
                0x000000000800334c                . = ALIGN (0x4)
                0x000000000800334c                _etext = .

.vfp11_veneer   0x000000000800334c        0x0
 .vfp11_veneer  0x000000000800334c        0x0 linker stubs

.v4_bx          0x000000000800334c        0x0
 .v4_bx         0x000000000800334c        0x0 linker stubs

.iplt           0x000000000800334c        0x0
 .iplt          0x000000000800334c        0x0 c:/st/stm32cubeide_1.9.0/stm32cubeide/plugins/com.st.stm32cube.ide.mcu.externaltools.gnu-tools-for-stm32.10.3-2021.10.win32_1.0.0.202111181127/tools/bin/../lib/gcc/arm-none-eabi/10.3.1/thumb/v7-m/nofp/crtbegin.o

.rodata         0x000000000800334c     0x1394
                0x000000000800334c                . = ALIGN (0x4)
 *(.rodata)
 .rodata        0x000000000800334c        0xe ./Core/Src/main.o
 *fill*         0x000000000800335a        0x2 
 .rodata        0x000000000800335c       0x10 ./Drivers/STM32F1xx_HAL_Driver/Src/stm32f1xx_hal_rcc.o
 .rodata        0x000000000800336c       0x10 ./Drivers/STM32F1xx_HAL_Driver/Src/stm32f1xx_hal_rcc_ex.o
 *(.rodata*)
 .rodata.Font16x26
                0x000000000800337c     0x134c ./Core/Src/fonts.o
                0x000000000800337c                Font16x26
 .rodata.AHBPrescTable
                0x00000000080046c8       0x10 ./Core/Src/system_stm32f1xx.o
                0x00000000080046c8                AHBPrescTable
 .rodata.APBPrescTable
                0x00000000080046d8        0x8 ./Core/Src/system_stm32f1xx.o
                0x00000000080046d8                APBPrescTable
                0x00000000080046e0                . = ALIGN (0x4)

.rel.dyn        0x00000000080046e0        0x0
 .rel.iplt      0x00000000080046e0        0x0 c:/st/stm32cubeide_1.9.0/stm32cubeide/plugins/com.st.stm32cube.ide.mcu.externaltools.gnu-tools-for-stm32.10.3-2021.10.win32_1.0.0.202111181127/tools/bin/../lib/gcc/arm-none-eabi/10.3.1/thumb/v7-m/nofp/crtbegin.o

.ARM.extab      0x00000000080046e0        0x0
                0x00000000080046e0                . = ALIGN (0x4)
 *(.ARM.extab* .gnu.linkonce.armextab.*)
                0x00000000080046e0                . = ALIGN (0x4)

.ARM            0x00000000080046e0        0x0
                0x00000000080046e0                . = ALIGN (0x4)
                0x00000000080046e0                __exidx_start = .
 *(.ARM.exidx*)
                0x00000000080046e0                __exidx_end = .
                0x00000000080046e0                . = ALIGN (0x4)

.preinit_array  0x00000000080046e0        0x0
                0x00000000080046e0                . = ALIGN (0x4)
                0x00000000080046e0                PROVIDE (__preinit_array_start = .)
 *(.preinit_array*)
                0x00000000080046e0                PROVIDE (__preinit_array_end = .)
                0x00000000080046e0                . = ALIGN (0x4)

.init_array     0x00000000080046e0        0x4
                0x00000000080046e0                . = ALIGN (0x4)
                0x00000000080046e0                PROVIDE (__init_array_start = .)
 *(SORT_BY_NAME(.init_array.*))
 *(.init_array*)
 .init_array    0x00000000080046e0        0x4 c:/st/stm32cubeide_1.9.0/stm32cubeide/plugins/com.st.stm32cube.ide.mcu.externaltools.gnu-tools-for-stm32.10.3-2021.10.win32_1.0.0.202111181127/tools/bin/../lib/gcc/arm-none-eabi/10.3.1/thumb/v7-m/nofp/crtbegin.o
                0x00000000080046e4                PROVIDE (__init_array_end = .)
                0x00000000080046e4                . = ALIGN (0x4)

.fini_array     0x00000000080046e4        0x4
                0x00000000080046e4                . = ALIGN (0x4)
                [!provide]                        PROVIDE (__fini_array_start = .)
 *(SORT_BY_NAME(.fini_array.*))
 *(.fini_array*)
 .fini_array    0x00000000080046e4        0x4 c:/st/stm32cubeide_1.9.0/stm32cubeide/plugins/com.st.stm32cube.ide.mcu.externaltools.gnu-tools-for-stm32.10.3-2021.10.win32_1.0.0.202111181127/tools/bin/../lib/gcc/arm-none-eabi/10.3.1/thumb/v7-m/nofp/crtbegin.o
                [!provide]                        PROVIDE (__fini_array_end = .)
                0x00000000080046e8                . = ALIGN (0x4)
                0x00000000080046e8                _sidata = LOADADDR (.data)

.data           0x0000000020000000       0x14 load address 0x00000000080046e8
                0x0000000020000000                . = ALIGN (0x4)
                0x0000000020000000                _sdata = .
 *(.data)
 *(.data*)
 .data.Font_16x26
                0x0000000020000000        0x8 ./Core/Src/fonts.o
                0x0000000020000000                Font_16x26
 .data.SystemCoreClock
                0x0000000020000008        0x4 ./Core/Src/system_stm32f1xx.o
                0x0000000020000008                SystemCoreClock
 .data.uwTickPrio
                0x000000002000000c        0x4 ./Drivers/STM32F1xx_HAL_Driver/Src/stm32f1xx_hal.o
                0x000000002000000c                uwTickPrio
 .data.uwTickFreq
                0x0000000020000010        0x1 ./Drivers/STM32F1xx_HAL_Driver/Src/stm32f1xx_hal.o
                0x0000000020000010                uwTickFreq
 *(.RamFunc)
 *(.RamFunc*)
                0x0000000020000014                . = ALIGN (0x4)
 *fill*         0x0000000020000011        0x3 
                0x0000000020000014                _edata = .

.igot.plt       0x0000000020000014        0x0 load address 0x00000000080046fc
 .igot.plt      0x0000000020000014        0x0 c:/st/stm32cubeide_1.9.0/stm32cubeide/plugins/com.st.stm32cube.ide.mcu.externaltools.gnu-tools-for-stm32.10.3-2021.10.win32_1.0.0.202111181127/tools/bin/../lib/gcc/arm-none-eabi/10.3.1/thumb/v7-m/nofp/crtbegin.o
                0x0000000020000014                . = ALIGN (0x4)

.bss            0x0000000020000014      0x490 load address 0x00000000080046fc
                0x0000000020000014                _sbss = .
                0x0000000020000014                __bss_start__ = _sbss
 *(.bss)
 .bss           0x0000000020000014       0x1c c:/st/stm32cubeide_1.9.0/stm32cubeide/plugins/com.st.stm32cube.ide.mcu.externaltools.gnu-tools-for-stm32.10.3-2021.10.win32_1.0.0.202111181127/tools/bin/../lib/gcc/arm-none-eabi/10.3.1/thumb/v7-m/nofp/crtbegin.o
 *(.bss*)
 .bss.hi2c1     0x0000000020000030       0x54 ./Core/Src/main.o
                0x0000000020000030                hi2c1
 .bss.hrtc      0x0000000020000084       0x14 ./Core/Src/main.o
                0x0000000020000084                hrtc
 .bss.SSD1306_Buffer
                0x0000000020000098      0x400 ./Core/Src/ssd1306.o
 .bss.SSD1306   0x0000000020000498        0x6 ./Core/Src/ssd1306.o
 *fill*         0x000000002000049e        0x2 
 .bss.uwTick    0x00000000200004a0        0x4 ./Drivers/STM32F1xx_HAL_Driver/Src/stm32f1xx_hal.o
                0x00000000200004a0                uwTick
 *(COMMON)
                0x00000000200004a4                . = ALIGN (0x4)
                0x00000000200004a4                _ebss = .
                0x00000000200004a4                __bss_end__ = _ebss

._user_heap_stack
                0x00000000200004a4      0x604 load address 0x00000000080046fc
                0x00000000200004a8                . = ALIGN (0x8)
 *fill*         0x00000000200004a4        0x4 
                [!provide]                        PROVIDE (end = .)
                0x00000000200004a8                PROVIDE (_end = .)
                0x00000000200006a8                . = (. + _Min_Heap_Size)
 *fill*         0x00000000200004a8      0x200 
                0x0000000020000aa8                . = (. + _Min_Stack_Size)
 *fill*         0x00000000200006a8      0x400 
                0x0000000020000aa8                . = ALIGN (0x8)

/DISCARD/
 libc.a(*)
 libm.a(*)
 libgcc.a(*)

.ARM.attributes
                0x0000000000000000       0x29
 *(.ARM.attributes)
 .ARM.attributes
                0x0000000000000000       0x1d c:/st/stm32cubeide_1.9.0/stm32cubeide/plugins/com.st.stm32cube.ide.mcu.externaltools.gnu-tools-for-stm32.10.3-2021.10.win32_1.0.0.202111181127/tools/bin/../lib/gcc/arm-none-eabi/10.3.1/thumb/v7-m/nofp/crti.o
 .ARM.attributes
                0x000000000000001d       0x2d c:/st/stm32cubeide_1.9.0/stm32cubeide/plugins/com.st.stm32cube.ide.mcu.externaltools.gnu-tools-for-stm32.10.3-2021.10.win32_1.0.0.202111181127/tools/bin/../lib/gcc/arm-none-eabi/10.3.1/thumb/v7-m/nofp/crtbegin.o
 .ARM.attributes
                0x000000000000004a       0x2d ./Core/Src/fonts.o
 .ARM.attributes
                0x0000000000000077       0x2d ./Core/Src/main.o
 .ARM.attributes
                0x00000000000000a4       0x2d ./Core/Src/ssd1306.o
 .ARM.attributes
                0x00000000000000d1       0x2d ./Core/Src/stm32f1xx_hal_msp.o
 .ARM.attributes
                0x00000000000000fe       0x2d ./Core/Src/stm32f1xx_it.o
 .ARM.attributes
                0x000000000000012b       0x2d ./Core/Src/system_stm32f1xx.o
 .ARM.attributes
                0x0000000000000158       0x21 ./Core/Startup/startup_stm32f103c8tx.o
 .ARM.attributes
                0x0000000000000179       0x2d ./Drivers/STM32F1xx_HAL_Driver/Src/stm32f1xx_hal.o
 .ARM.attributes
                0x00000000000001a6       0x2d ./Drivers/STM32F1xx_HAL_Driver/Src/stm32f1xx_hal_cortex.o
 .ARM.attributes
                0x00000000000001d3       0x2d ./Drivers/STM32F1xx_HAL_Driver/Src/stm32f1xx_hal_gpio.o
 .ARM.attributes
                0x0000000000000200       0x2d ./Drivers/STM32F1xx_HAL_Driver/Src/stm32f1xx_hal_i2c.o
 .ARM.attributes
                0x000000000000022d       0x2d ./Drivers/STM32F1xx_HAL_Driver/Src/stm32f1xx_hal_pwr.o
 .ARM.attributes
                0x000000000000025a       0x2d ./Drivers/STM32F1xx_HAL_Driver/Src/stm32f1xx_hal_rcc.o
 .ARM.attributes
                0x0000000000000287       0x2d ./Drivers/STM32F1xx_HAL_Driver/Src/stm32f1xx_hal_rcc_ex.o
 .ARM.attributes
                0x00000000000002b4       0x2d ./Drivers/STM32F1xx_HAL_Driver/Src/stm32f1xx_hal_rtc.o
 .ARM.attributes
                0x00000000000002e1       0x2d ./Drivers/STM32F1xx_HAL_Driver/Src/stm32f1xx_hal_rtc_ex.o
 .ARM.attributes
                0x000000000000030e       0x2d c:/st/stm32cubeide_1.9.0/stm32cubeide/plugins/com.st.stm32cube.ide.mcu.externaltools.gnu-tools-for-stm32.10.3-2021.10.win32_1.0.0.202111181127/tools/bin/../lib/gcc/arm-none-eabi/10.3.1/../../../../arm-none-eabi/lib/thumb/v7-m/nofp\libc_nano.a(lib_a-init.o)
 .ARM.attributes
                0x000000000000033b       0x2d c:/st/stm32cubeide_1.9.0/stm32cubeide/plugins/com.st.stm32cube.ide.mcu.externaltools.gnu-tools-for-stm32.10.3-2021.10.win32_1.0.0.202111181127/tools/bin/../lib/gcc/arm-none-eabi/10.3.1/../../../../arm-none-eabi/lib/thumb/v7-m/nofp\libc_nano.a(lib_a-memset.o)
 .ARM.attributes
                0x0000000000000368       0x1d c:/st/stm32cubeide_1.9.0/stm32cubeide/plugins/com.st.stm32cube.ide.mcu.externaltools.gnu-tools-for-stm32.10.3-2021.10.win32_1.0.0.202111181127/tools/bin/../lib/gcc/arm-none-eabi/10.3.1/thumb/v7-m/nofp/crtn.o
OUTPUT(RTC_int.elf elf32-littlearm)
LOAD linker stubs
LOAD c:/st/stm32cubeide_1.9.0/stm32cubeide/plugins/com.st.stm32cube.ide.mcu.externaltools.gnu-tools-for-stm32.10.3-2021.10.win32_1.0.0.202111181127/tools/bin/../lib/gcc/arm-none-eabi/10.3.1/../../../../arm-none-eabi/lib/thumb/v7-m/nofp\libc.a
LOAD c:/st/stm32cubeide_1.9.0/stm32cubeide/plugins/com.st.stm32cube.ide.mcu.externaltools.gnu-tools-for-stm32.10.3-2021.10.win32_1.0.0.202111181127/tools/bin/../lib/gcc/arm-none-eabi/10.3.1/../../../../arm-none-eabi/lib/thumb/v7-m/nofp\libm.a
LOAD c:/st/stm32cubeide_1.9.0/stm32cubeide/plugins/com.st.stm32cube.ide.mcu.externaltools.gnu-tools-for-stm32.10.3-2021.10.win32_1.0.0.202111181127/tools/bin/../lib/gcc/arm-none-eabi/10.3.1/thumb/v7-m/nofp\libgcc.a

.debug_info     0x0000000000000000     0x9af3
 .debug_info    0x0000000000000000      0x27a ./Core/Src/fonts.o
 .debug_info    0x000000000000027a      0xe52 ./Core/Src/main.o
 .debug_info    0x00000000000010cc     0x1112 ./Core/Src/ssd1306.o
 .debug_info    0x00000000000021de      0xc94 ./Core/Src/stm32f1xx_hal_msp.o
 .debug_info    0x0000000000002e72      0x393 ./Core/Src/stm32f1xx_it.o
 .debug_info    0x0000000000003205      0x23d ./Core/Src/system_stm32f1xx.o
 .debug_info    0x0000000000003442       0x22 ./Core/Startup/startup_stm32f103c8tx.o
 .debug_info    0x0000000000003464      0x734 ./Drivers/STM32F1xx_HAL_Driver/Src/stm32f1xx_hal.o
 .debug_info    0x0000000000003b98      0xb20 ./Drivers/STM32F1xx_HAL_Driver/Src/stm32f1xx_hal_cortex.o
 .debug_info    0x00000000000046b8      0x615 ./Drivers/STM32F1xx_HAL_Driver/Src/stm32f1xx_hal_gpio.o
 .debug_info    0x0000000000004ccd     0x2734 ./Drivers/STM32F1xx_HAL_Driver/Src/stm32f1xx_hal_i2c.o
 .debug_info    0x0000000000007401      0x65c ./Drivers/STM32F1xx_HAL_Driver/Src/stm32f1xx_hal_pwr.o
 .debug_info    0x0000000000007a5d      0x860 ./Drivers/STM32F1xx_HAL_Driver/Src/stm32f1xx_hal_rcc.o
 .debug_info    0x00000000000082bd      0x3e0 ./Drivers/STM32F1xx_HAL_Driver/Src/stm32f1xx_hal_rcc_ex.o
 .debug_info    0x000000000000869d      0xd49 ./Drivers/STM32F1xx_HAL_Driver/Src/stm32f1xx_hal_rtc.o
 .debug_info    0x00000000000093e6      0x70d ./Drivers/STM32F1xx_HAL_Driver/Src/stm32f1xx_hal_rtc_ex.o

.debug_abbrev   0x0000000000000000     0x1ea1
 .debug_abbrev  0x0000000000000000      0x111 ./Core/Src/fonts.o
 .debug_abbrev  0x0000000000000111      0x2bb ./Core/Src/main.o
 .debug_abbrev  0x00000000000003cc      0x2f8 ./Core/Src/ssd1306.o
 .debug_abbrev  0x00000000000006c4      0x1c5 ./Core/Src/stm32f1xx_hal_msp.o
 .debug_abbrev  0x0000000000000889      0x13e ./Core/Src/stm32f1xx_it.o
 .debug_abbrev  0x00000000000009c7      0x13b ./Core/Src/system_stm32f1xx.o
 .debug_abbrev  0x0000000000000b02       0x12 ./Core/Startup/startup_stm32f103c8tx.o
 .debug_abbrev  0x0000000000000b14      0x1fb ./Drivers/STM32F1xx_HAL_Driver/Src/stm32f1xx_hal.o
 .debug_abbrev  0x0000000000000d0f      0x2ed ./Drivers/STM32F1xx_HAL_Driver/Src/stm32f1xx_hal_cortex.o
 .debug_abbrev  0x0000000000000ffc      0x1bb ./Drivers/STM32F1xx_HAL_Driver/Src/stm32f1xx_hal_gpio.o
 .debug_abbrev  0x00000000000011b7      0x288 ./Drivers/STM32F1xx_HAL_Driver/Src/stm32f1xx_hal_i2c.o
 .debug_abbrev  0x000000000000143f      0x1ed ./Drivers/STM32F1xx_HAL_Driver/Src/stm32f1xx_hal_pwr.o
 .debug_abbrev  0x000000000000162c      0x2a8 ./Drivers/STM32F1xx_HAL_Driver/Src/stm32f1xx_hal_rcc.o
 .debug_abbrev  0x00000000000018d4      0x182 ./Drivers/STM32F1xx_HAL_Driver/Src/stm32f1xx_hal_rcc_ex.o
 .debug_abbrev  0x0000000000001a56      0x22a ./Drivers/STM32F1xx_HAL_Driver/Src/stm32f1xx_hal_rtc.o
 .debug_abbrev  0x0000000000001c80      0x221 ./Drivers/STM32F1xx_HAL_Driver/Src/stm32f1xx_hal_rtc_ex.o

.debug_aranges  0x0000000000000000      0xa28
 .debug_aranges
                0x0000000000000000       0x20 ./Core/Src/fonts.o
 .debug_aranges
                0x0000000000000020       0x50 ./Core/Src/main.o
 .debug_aranges
                0x0000000000000070       0xf8 ./Core/Src/ssd1306.o
 .debug_aranges
                0x0000000000000168       0x40 ./Core/Src/stm32f1xx_hal_msp.o
 .debug_aranges
                0x00000000000001a8       0x70 ./Core/Src/stm32f1xx_it.o
 .debug_aranges
                0x0000000000000218       0x28 ./Core/Src/system_stm32f1xx.o
 .debug_aranges
                0x0000000000000240       0x28 ./Core/Startup/startup_stm32f103c8tx.o
 .debug_aranges
                0x0000000000000268       0xe0 ./Drivers/STM32F1xx_HAL_Driver/Src/stm32f1xx_hal.o
 .debug_aranges
                0x0000000000000348      0x100 ./Drivers/STM32F1xx_HAL_Driver/Src/stm32f1xx_hal_cortex.o
 .debug_aranges
                0x0000000000000448       0x58 ./Drivers/STM32F1xx_HAL_Driver/Src/stm32f1xx_hal_gpio.o
 .debug_aranges
                0x00000000000004a0      0x2a0 ./Drivers/STM32F1xx_HAL_Driver/Src/stm32f1xx_hal_i2c.o
 .debug_aranges
                0x0000000000000740       0xa8 ./Drivers/STM32F1xx_HAL_Driver/Src/stm32f1xx_hal_pwr.o
 .debug_aranges
                0x00000000000007e8       0x90 ./Drivers/STM32F1xx_HAL_Driver/Src/stm32f1xx_hal_rcc.o
 .debug_aranges
                0x0000000000000878       0x30 ./Drivers/STM32F1xx_HAL_Driver/Src/stm32f1xx_hal_rcc_ex.o
 .debug_aranges
                0x00000000000008a8       0xf8 ./Drivers/STM32F1xx_HAL_Driver/Src/stm32f1xx_hal_rtc.o
 .debug_aranges
                0x00000000000009a0       0x88 ./Drivers/STM32F1xx_HAL_Driver/Src/stm32f1xx_hal_rtc_ex.o

.debug_ranges   0x0000000000000000      0x958
 .debug_ranges  0x0000000000000000       0x10 ./Core/Src/fonts.o
 .debug_ranges  0x0000000000000010       0x40 ./Core/Src/main.o
 .debug_ranges  0x0000000000000050       0xe8 ./Core/Src/ssd1306.o
 .debug_ranges  0x0000000000000138       0x30 ./Core/Src/stm32f1xx_hal_msp.o
 .debug_ranges  0x0000000000000168       0x60 ./Core/Src/stm32f1xx_it.o
 .debug_ranges  0x00000000000001c8       0x18 ./Core/Src/system_stm32f1xx.o
 .debug_ranges  0x00000000000001e0       0x20 ./Core/Startup/startup_stm32f103c8tx.o
 .debug_ranges  0x0000000000000200       0xd0 ./Drivers/STM32F1xx_HAL_Driver/Src/stm32f1xx_hal.o
 .debug_ranges  0x00000000000002d0       0xf0 ./Drivers/STM32F1xx_HAL_Driver/Src/stm32f1xx_hal_cortex.o
 .debug_ranges  0x00000000000003c0       0x48 ./Drivers/STM32F1xx_HAL_Driver/Src/stm32f1xx_hal_gpio.o
 .debug_ranges  0x0000000000000408      0x2b8 ./Drivers/STM32F1xx_HAL_Driver/Src/stm32f1xx_hal_i2c.o
 .debug_ranges  0x00000000000006c0       0x98 ./Drivers/STM32F1xx_HAL_Driver/Src/stm32f1xx_hal_pwr.o
 .debug_ranges  0x0000000000000758       0x80 ./Drivers/STM32F1xx_HAL_Driver/Src/stm32f1xx_hal_rcc.o
 .debug_ranges  0x00000000000007d8       0x20 ./Drivers/STM32F1xx_HAL_Driver/Src/stm32f1xx_hal_rcc_ex.o
 .debug_ranges  0x00000000000007f8       0xe8 ./Drivers/STM32F1xx_HAL_Driver/Src/stm32f1xx_hal_rtc.o
 .debug_ranges  0x00000000000008e0       0x78 ./Drivers/STM32F1xx_HAL_Driver/Src/stm32f1xx_hal_rtc_ex.o

.debug_macro    0x0000000000000000    0x17621
 .debug_macro   0x0000000000000000      0x27a ./Core/Src/fonts.o
 .debug_macro   0x000000000000027a      0xa6c ./Core/Src/fonts.o
 .debug_macro   0x0000000000000ce6      0x21b ./Core/Src/fonts.o
 .debug_macro   0x0000000000000f01       0x2e ./Core/Src/fonts.o
 .debug_macro   0x0000000000000f2f       0x22 ./Core/Src/fonts.o
 .debug_macro   0x0000000000000f51       0x22 ./Core/Src/fonts.o
 .debug_macro   0x0000000000000f73       0x8e ./Core/Src/fonts.o
 .debug_macro   0x0000000000001001       0x51 ./Core/Src/fonts.o
 .debug_macro   0x0000000000001052      0x103 ./Core/Src/fonts.o
 .debug_macro   0x0000000000001155       0x6a ./Core/Src/fonts.o
 .debug_macro   0x00000000000011bf      0x1df ./Core/Src/fonts.o
 .debug_macro   0x000000000000139e       0x1c ./Core/Src/fonts.o
 .debug_macro   0x00000000000013ba       0x22 ./Core/Src/fonts.o
 .debug_macro   0x00000000000013dc       0xbd ./Core/Src/fonts.o
 .debug_macro   0x0000000000001499      0xd23 ./Core/Src/fonts.o
 .debug_macro   0x00000000000021bc     0xe09e ./Core/Src/fonts.o
 .debug_macro   0x000000000001025a       0x6d ./Core/Src/fonts.o
 .debug_macro   0x00000000000102c7     0x3468 ./Core/Src/fonts.o
 .debug_macro   0x000000000001372f      0x174 ./Core/Src/fonts.o
 .debug_macro   0x00000000000138a3       0x5c ./Core/Src/fonts.o
 .debug_macro   0x00000000000138ff      0x5be ./Core/Src/fonts.o
 .debug_macro   0x0000000000013ebd      0x289 ./Core/Src/fonts.o
 .debug_macro   0x0000000000014146      0x1cb ./Core/Src/fonts.o
 .debug_macro   0x0000000000014311      0x114 ./Core/Src/fonts.o
 .debug_macro   0x0000000000014425      0x1b2 ./Core/Src/fonts.o
 .debug_macro   0x00000000000145d7       0x27 ./Core/Src/fonts.o
 .debug_macro   0x00000000000145fe      0x136 ./Core/Src/fonts.o
 .debug_macro   0x0000000000014734      0x1bc ./Core/Src/fonts.o
 .debug_macro   0x00000000000148f0       0x34 ./Core/Src/fonts.o
 .debug_macro   0x0000000000014924       0x3c ./Core/Src/fonts.o
 .debug_macro   0x0000000000014960       0x57 ./Core/Src/fonts.o
 .debug_macro   0x00000000000149b7       0x88 ./Core/Src/fonts.o
 .debug_macro   0x0000000000014a3f      0x241 ./Core/Src/fonts.o
 .debug_macro   0x0000000000014c80      0x287 ./Core/Src/fonts.o
 .debug_macro   0x0000000000014f07      0x141 ./Core/Src/fonts.o
 .debug_macro   0x0000000000015048      0x1ef ./Core/Src/fonts.o
 .debug_macro   0x0000000000015237       0xec ./Core/Src/fonts.o
 .debug_macro   0x0000000000015323       0x83 ./Core/Src/fonts.o
 .debug_macro   0x00000000000153a6       0x52 ./Core/Src/fonts.o
 .debug_macro   0x00000000000153f8       0x18 ./Core/Src/fonts.o
 .debug_macro   0x0000000000015410       0x3c ./Core/Src/fonts.o
 .debug_macro   0x000000000001544c       0x34 ./Core/Src/fonts.o
 .debug_macro   0x0000000000015480       0x16 ./Core/Src/fonts.o
 .debug_macro   0x0000000000015496       0x43 ./Core/Src/fonts.o
 .debug_macro   0x00000000000154d9       0x34 ./Core/Src/fonts.o
 .debug_macro   0x000000000001550d       0x10 ./Core/Src/fonts.o
 .debug_macro   0x000000000001551d       0x58 ./Core/Src/fonts.o
 .debug_macro   0x0000000000015575       0x71 ./Core/Src/fonts.o
 .debug_macro   0x00000000000155e6       0x1c ./Core/Src/fonts.o
 .debug_macro   0x0000000000015602      0x12a ./Core/Src/fonts.o
 .debug_macro   0x000000000001572c      0x341 ./Core/Src/fonts.o
 .debug_macro   0x0000000000015a6d       0x10 ./Core/Src/fonts.o
 .debug_macro   0x0000000000015a7d       0x35 ./Core/Src/fonts.o
 .debug_macro   0x0000000000015ab2       0x20 ./Core/Src/fonts.o
 .debug_macro   0x0000000000015ad2      0x2cb ./Core/Src/main.o
 .debug_macro   0x0000000000015d9d       0x16 ./Core/Src/main.o
 .debug_macro   0x0000000000015db3       0x16 ./Core/Src/main.o
 .debug_macro   0x0000000000015dc9       0x29 ./Core/Src/main.o
 .debug_macro   0x0000000000015df2       0x1d ./Core/Src/main.o
 .debug_macro   0x0000000000015e0f      0x305 ./Core/Src/ssd1306.o
 .debug_macro   0x0000000000016114      0x1ac ./Core/Src/stm32f1xx_hal_msp.o
 .debug_macro   0x00000000000162c0      0x1b6 ./Core/Src/stm32f1xx_it.o
 .debug_macro   0x0000000000016476      0x1a2 ./Core/Src/system_stm32f1xx.o
 .debug_macro   0x0000000000016618      0x1c6 ./Drivers/STM32F1xx_HAL_Driver/Src/stm32f1xx_hal.o
 .debug_macro   0x00000000000167de      0x1a2 ./Drivers/STM32F1xx_HAL_Driver/Src/stm32f1xx_hal_cortex.o
 .debug_macro   0x0000000000016980      0x20d ./Drivers/STM32F1xx_HAL_Driver/Src/stm32f1xx_hal_gpio.o
 .debug_macro   0x0000000000016b8d      0x1e9 ./Drivers/STM32F1xx_HAL_Driver/Src/stm32f1xx_hal_i2c.o
 .debug_macro   0x0000000000016d76      0x202 ./Drivers/STM32F1xx_HAL_Driver/Src/stm32f1xx_hal_pwr.o
 .debug_macro   0x0000000000016f78      0x1b4 ./Drivers/STM32F1xx_HAL_Driver/Src/stm32f1xx_hal_rcc.o
 .debug_macro   0x000000000001712c      0x1a2 ./Drivers/STM32F1xx_HAL_Driver/Src/stm32f1xx_hal_rcc_ex.o
 .debug_macro   0x00000000000172ce      0x1b1 ./Drivers/STM32F1xx_HAL_Driver/Src/stm32f1xx_hal_rtc.o
 .debug_macro   0x000000000001747f      0x1a2 ./Drivers/STM32F1xx_HAL_Driver/Src/stm32f1xx_hal_rtc_ex.o

.debug_line     0x0000000000000000     0xc6f4
 .debug_line    0x0000000000000000      0x7cf ./Core/Src/fonts.o
 .debug_line    0x00000000000007cf      0x9a2 ./Core/Src/main.o
 .debug_line    0x0000000000001171      0xfa3 ./Core/Src/ssd1306.o
 .debug_line    0x0000000000002114      0x6f7 ./Core/Src/stm32f1xx_hal_msp.o
 .debug_line    0x000000000000280b      0x75f ./Core/Src/stm32f1xx_it.o
 .debug_line    0x0000000000002f6a      0x6eb ./Core/Src/system_stm32f1xx.o
 .debug_line    0x0000000000003655       0x87 ./Core/Startup/startup_stm32f103c8tx.o
 .debug_line    0x00000000000036dc      0x918 ./Drivers/STM32F1xx_HAL_Driver/Src/stm32f1xx_hal.o
 .debug_line    0x0000000000003ff4      0xb00 ./Drivers/STM32F1xx_HAL_Driver/Src/stm32f1xx_hal_cortex.o
 .debug_line    0x0000000000004af4      0x9af ./Drivers/STM32F1xx_HAL_Driver/Src/stm32f1xx_hal_gpio.o
 .debug_line    0x00000000000054a3     0x3a02 ./Drivers/STM32F1xx_HAL_Driver/Src/stm32f1xx_hal_i2c.o
 .debug_line    0x0000000000008ea5      0x89a ./Drivers/STM32F1xx_HAL_Driver/Src/stm32f1xx_hal_pwr.o
 .debug_line    0x000000000000973f      0xd26 ./Drivers/STM32F1xx_HAL_Driver/Src/stm32f1xx_hal_rcc.o
 .debug_line    0x000000000000a465      0x864 ./Drivers/STM32F1xx_HAL_Driver/Src/stm32f1xx_hal_rcc_ex.o
 .debug_line    0x000000000000acc9     0x108a ./Drivers/STM32F1xx_HAL_Driver/Src/stm32f1xx_hal_rtc.o
 .debug_line    0x000000000000bd53      0x9a1 ./Drivers/STM32F1xx_HAL_Driver/Src/stm32f1xx_hal_rtc_ex.o

.debug_str      0x0000000000000000    0x83e0e
 .debug_str     0x0000000000000000    0x8088a ./Core/Src/fonts.o
                                      0x80be1 (size before relaxing)
 .debug_str     0x000000000008088a      0xa94 ./Core/Src/main.o
                                      0x8167d (size before relaxing)
 .debug_str     0x000000000008131e      0x4ec ./Core/Src/ssd1306.o
                                      0x816ae (size before relaxing)
 .debug_str     0x000000000008180a      0x3c1 ./Core/Src/stm32f1xx_hal_msp.o
                                      0x7e718 (size before relaxing)
 .debug_str     0x0000000000081bcb      0x11d ./Core/Src/stm32f1xx_it.o
                                      0x7df7f (size before relaxing)
 .debug_str     0x0000000000081ce8       0x7e ./Core/Src/system_stm32f1xx.o
                                      0x7ddbd (size before relaxing)
 .debug_str     0x0000000000081d66       0x36 ./Core/Startup/startup_stm32f103c8tx.o
                                         0x6f (size before relaxing)
 .debug_str     0x0000000000081d9c      0x365 ./Drivers/STM32F1xx_HAL_Driver/Src/stm32f1xx_hal.o
                                      0x7e4f0 (size before relaxing)
 .debug_str     0x0000000000082101      0x294 ./Drivers/STM32F1xx_HAL_Driver/Src/stm32f1xx_hal_cortex.o
                                      0x7e43c (size before relaxing)
 .debug_str     0x0000000000082395      0x322 ./Drivers/STM32F1xx_HAL_Driver/Src/stm32f1xx_hal_gpio.o
                                      0x7e143 (size before relaxing)
 .debug_str     0x00000000000826b7      0xb59 ./Drivers/STM32F1xx_HAL_Driver/Src/stm32f1xx_hal_i2c.o
                                      0x7ee31 (size before relaxing)
 .debug_str     0x0000000000083210      0x4df ./Drivers/STM32F1xx_HAL_Driver/Src/stm32f1xx_hal_pwr.o
                                      0x7e2f4 (size before relaxing)
 .debug_str     0x00000000000836ef      0x1fd ./Drivers/STM32F1xx_HAL_Driver/Src/stm32f1xx_hal_rcc.o
                                      0x7e1ec (size before relaxing)
 .debug_str     0x00000000000838ec       0x9f ./Drivers/STM32F1xx_HAL_Driver/Src/stm32f1xx_hal_rcc_ex.o
                                      0x7df3c (size before relaxing)
 .debug_str     0x000000000008398b      0x28d ./Drivers/STM32F1xx_HAL_Driver/Src/stm32f1xx_hal_rtc.o
                                      0x7e2c8 (size before relaxing)
 .debug_str     0x0000000000083c18      0x1f6 ./Drivers/STM32F1xx_HAL_Driver/Src/stm32f1xx_hal_rtc_ex.o
                                      0x7e10a (size before relaxing)

.comment        0x0000000000000000       0x50
 .comment       0x0000000000000000       0x50 ./Core/Src/fonts.o
                                         0x51 (size before relaxing)
 .comment       0x0000000000000050       0x51 ./Core/Src/main.o
 .comment       0x0000000000000050       0x51 ./Core/Src/ssd1306.o
 .comment       0x0000000000000050       0x51 ./Core/Src/stm32f1xx_hal_msp.o
 .comment       0x0000000000000050       0x51 ./Core/Src/stm32f1xx_it.o
 .comment       0x0000000000000050       0x51 ./Core/Src/system_stm32f1xx.o
 .comment       0x0000000000000050       0x51 ./Drivers/STM32F1xx_HAL_Driver/Src/stm32f1xx_hal.o
 .comment       0x0000000000000050       0x51 ./Drivers/STM32F1xx_HAL_Driver/Src/stm32f1xx_hal_cortex.o
 .comment       0x0000000000000050       0x51 ./Drivers/STM32F1xx_HAL_Driver/Src/stm32f1xx_hal_gpio.o
 .comment       0x0000000000000050       0x51 ./Drivers/STM32F1xx_HAL_Driver/Src/stm32f1xx_hal_i2c.o
 .comment       0x0000000000000050       0x51 ./Drivers/STM32F1xx_HAL_Driver/Src/stm32f1xx_hal_pwr.o
 .comment       0x0000000000000050       0x51 ./Drivers/STM32F1xx_HAL_Driver/Src/stm32f1xx_hal_rcc.o
 .comment       0x0000000000000050       0x51 ./Drivers/STM32F1xx_HAL_Driver/Src/stm32f1xx_hal_rcc_ex.o
 .comment       0x0000000000000050       0x51 ./Drivers/STM32F1xx_HAL_Driver/Src/stm32f1xx_hal_rtc.o
 .comment       0x0000000000000050       0x51 ./Drivers/STM32F1xx_HAL_Driver/Src/stm32f1xx_hal_rtc_ex.o

.debug_frame    0x0000000000000000     0x2868
 .debug_frame   0x0000000000000000       0x38 ./Core/Src/fonts.o
 .debug_frame   0x0000000000000038       0xf8 ./Core/Src/main.o
 .debug_frame   0x0000000000000130      0x414 ./Core/Src/ssd1306.o
 .debug_frame   0x0000000000000544       0xc8 ./Core/Src/stm32f1xx_hal_msp.o
 .debug_frame   0x000000000000060c      0x13c ./Core/Src/stm32f1xx_it.o
 .debug_frame   0x0000000000000748       0x58 ./Core/Src/system_stm32f1xx.o
 .debug_frame   0x00000000000007a0      0x334 ./Drivers/STM32F1xx_HAL_Driver/Src/stm32f1xx_hal.o
 .debug_frame   0x0000000000000ad4      0x428 ./Drivers/STM32F1xx_HAL_Driver/Src/stm32f1xx_hal_cortex.o
 .debug_frame   0x0000000000000efc      0x14c ./Drivers/STM32F1xx_HAL_Driver/Src/stm32f1xx_hal_gpio.o
 .debug_frame   0x0000000000001048      0xc5c ./Drivers/STM32F1xx_HAL_Driver/Src/stm32f1xx_hal_i2c.o
 .debug_frame   0x0000000000001ca4      0x270 ./Drivers/STM32F1xx_HAL_Driver/Src/stm32f1xx_hal_pwr.o
 .debug_frame   0x0000000000001f14      0x21c ./Drivers/STM32F1xx_HAL_Driver/Src/stm32f1xx_hal_rcc.o
 .debug_frame   0x0000000000002130       0x84 ./Drivers/STM32F1xx_HAL_Driver/Src/stm32f1xx_hal_rcc_ex.o
 .debug_frame   0x00000000000021b4      0x434 ./Drivers/STM32F1xx_HAL_Driver/Src/stm32f1xx_hal_rtc.o
 .debug_frame   0x00000000000025e8      0x234 ./Drivers/STM32F1xx_HAL_Driver/Src/stm32f1xx_hal_rtc_ex.o
 .debug_frame   0x000000000000281c       0x2c c:/st/stm32cubeide_1.9.0/stm32cubeide/plugins/com.st.stm32cube.ide.mcu.externaltools.gnu-tools-for-stm32.10.3-2021.10.win32_1.0.0.202111181127/tools/bin/../lib/gcc/arm-none-eabi/10.3.1/../../../../arm-none-eabi/lib/thumb/v7-m/nofp\libc_nano.a(lib_a-init.o)
 .debug_frame   0x0000000000002848       0x20 c:/st/stm32cubeide_1.9.0/stm32cubeide/plugins/com.st.stm32cube.ide.mcu.externaltools.gnu-tools-for-stm32.10.3-2021.10.win32_1.0.0.202111181127/tools/bin/../lib/gcc/arm-none-eabi/10.3.1/../../../../arm-none-eabi/lib/thumb/v7-m/nofp\libc_nano.a(lib_a-memset.o)
