Archive member included to satisfy reference by file (symbol)

c:/st/stm32cubeide_1.9.0/stm32cubeide/plugins/com.st.stm32cube.ide.mcu.externaltools.gnu-tools-for-stm32.10.3-2021.10.win32_1.0.0.202111181127/tools/bin/../lib/gcc/arm-none-eabi/10.3.1/../../../../arm-none-eabi/lib/thumb/v7-m/nofp\libc_nano.a(lib_a-errno.o)
                              ./Core/Src/syscalls.o (__errno)
c:/st/stm32cubeide_1.9.0/stm32cubeide/plugins/com.st.stm32cube.ide.mcu.externaltools.gnu-tools-for-stm32.10.3-2021.10.win32_1.0.0.202111181127/tools/bin/../lib/gcc/arm-none-eabi/10.3.1/../../../../arm-none-eabi/lib/thumb/v7-m/nofp\libc_nano.a(lib_a-exit.o)
                              c:/st/stm32cubeide_1.9.0/stm32cubeide/plugins/com.st.stm32cube.ide.mcu.externaltools.gnu-tools-for-stm32.10.3-2021.10.win32_1.0.0.202111181127/tools/bin/../lib/gcc/arm-none-eabi/10.3.1/../../../../arm-none-eabi/lib/thumb/v7-m/nofp/crt0.o (exit)
c:/st/stm32cubeide_1.9.0/stm32cubeide/plugins/com.st.stm32cube.ide.mcu.externaltools.gnu-tools-for-stm32.10.3-2021.10.win32_1.0.0.202111181127/tools/bin/../lib/gcc/arm-none-eabi/10.3.1/../../../../arm-none-eabi/lib/thumb/v7-m/nofp\libc_nano.a(lib_a-impure.o)
                              c:/st/stm32cubeide_1.9.0/stm32cubeide/plugins/com.st.stm32cube.ide.mcu.externaltools.gnu-tools-for-stm32.10.3-2021.10.win32_1.0.0.202111181127/tools/bin/../lib/gcc/arm-none-eabi/10.3.1/../../../../arm-none-eabi/lib/thumb/v7-m/nofp\libc_nano.a(lib_a-exit.o) (_global_impure_ptr)
c:/st/stm32cubeide_1.9.0/stm32cubeide/plugins/com.st.stm32cube.ide.mcu.externaltools.gnu-tools-for-stm32.10.3-2021.10.win32_1.0.0.202111181127/tools/bin/../lib/gcc/arm-none-eabi/10.3.1/../../../../arm-none-eabi/lib/thumb/v7-m/nofp\libc_nano.a(lib_a-init.o)
                              c:/st/stm32cubeide_1.9.0/stm32cubeide/plugins/com.st.stm32cube.ide.mcu.externaltools.gnu-tools-for-stm32.10.3-2021.10.win32_1.0.0.202111181127/tools/bin/../lib/gcc/arm-none-eabi/10.3.1/../../../../arm-none-eabi/lib/thumb/v7-m/nofp/crt0.o (__libc_init_array)
c:/st/stm32cubeide_1.9.0/stm32cubeide/plugins/com.st.stm32cube.ide.mcu.externaltools.gnu-tools-for-stm32.10.3-2021.10.win32_1.0.0.202111181127/tools/bin/../lib/gcc/arm-none-eabi/10.3.1/../../../../arm-none-eabi/lib/thumb/v7-m/nofp\libc_nano.a(lib_a-memcpy-stub.o)
                              ./Core/Src/GPS/GPScontroller.o (memcpy)
c:/st/stm32cubeide_1.9.0/stm32cubeide/plugins/com.st.stm32cube.ide.mcu.externaltools.gnu-tools-for-stm32.10.3-2021.10.win32_1.0.0.202111181127/tools/bin/../lib/gcc/arm-none-eabi/10.3.1/../../../../arm-none-eabi/lib/thumb/v7-m/nofp\libc_nano.a(lib_a-memset.o)
                              c:/st/stm32cubeide_1.9.0/stm32cubeide/plugins/com.st.stm32cube.ide.mcu.externaltools.gnu-tools-for-stm32.10.3-2021.10.win32_1.0.0.202111181127/tools/bin/../lib/gcc/arm-none-eabi/10.3.1/../../../../arm-none-eabi/lib/thumb/v7-m/nofp/crt0.o (memset)
c:/st/stm32cubeide_1.9.0/stm32cubeide/plugins/com.st.stm32cube.ide.mcu.externaltools.gnu-tools-for-stm32.10.3-2021.10.win32_1.0.0.202111181127/tools/bin/../lib/gcc/arm-none-eabi/10.3.1/../../../../arm-none-eabi/lib/thumb/v7-m/nofp\libc_nano.a(lib_a-putchar.o)
                              ./Core/Src/OLED/u8g2/u8x8_d_stdio.o (putchar)
c:/st/stm32cubeide_1.9.0/stm32cubeide/plugins/com.st.stm32cube.ide.mcu.externaltools.gnu-tools-for-stm32.10.3-2021.10.win32_1.0.0.202111181127/tools/bin/../lib/gcc/arm-none-eabi/10.3.1/../../../../arm-none-eabi/lib/thumb/v7-m/nofp\libc_nano.a(lib_a-strlen.o)
                              ./Core/Src/GPS/tools.o (strlen)
c:/st/stm32cubeide_1.9.0/stm32cubeide/plugins/com.st.stm32cube.ide.mcu.externaltools.gnu-tools-for-stm32.10.3-2021.10.win32_1.0.0.202111181127/tools/bin/../lib/gcc/arm-none-eabi/10.3.1/../../../../arm-none-eabi/lib/thumb/v7-m/nofp\libc_nano.a(lib_a-findfp.o)
                              c:/st/stm32cubeide_1.9.0/stm32cubeide/plugins/com.st.stm32cube.ide.mcu.externaltools.gnu-tools-for-stm32.10.3-2021.10.win32_1.0.0.202111181127/tools/bin/../lib/gcc/arm-none-eabi/10.3.1/../../../../arm-none-eabi/lib/thumb/v7-m/nofp\libc_nano.a(lib_a-putchar.o) (__sinit)
c:/st/stm32cubeide_1.9.0/stm32cubeide/plugins/com.st.stm32cube.ide.mcu.externaltools.gnu-tools-for-stm32.10.3-2021.10.win32_1.0.0.202111181127/tools/bin/../lib/gcc/arm-none-eabi/10.3.1/../../../../arm-none-eabi/lib/thumb/v7-m/nofp\libc_nano.a(lib_a-fwalk.o)
                              c:/st/stm32cubeide_1.9.0/stm32cubeide/plugins/com.st.stm32cube.ide.mcu.externaltools.gnu-tools-for-stm32.10.3-2021.10.win32_1.0.0.202111181127/tools/bin/../lib/gcc/arm-none-eabi/10.3.1/../../../../arm-none-eabi/lib/thumb/v7-m/nofp\libc_nano.a(lib_a-findfp.o) (_fwalk)
c:/st/stm32cubeide_1.9.0/stm32cubeide/plugins/com.st.stm32cube.ide.mcu.externaltools.gnu-tools-for-stm32.10.3-2021.10.win32_1.0.0.202111181127/tools/bin/../lib/gcc/arm-none-eabi/10.3.1/../../../../arm-none-eabi/lib/thumb/v7-m/nofp\libc_nano.a(lib_a-lock.o)
[...]
Memory Configuration

Name             Origin             Length             Attributes
RAM              0x0000000020000000 0x0000000000005000 xrw
FLASH            0x0000000008000000 0x0000000000010000 xr
*default*        0x0000000000000000 0xffffffffffffffff

Linker script and memory map

LOAD c:/st/stm32cubeide_1.9.0/stm32cubeide/plugins/com.st.stm32cube.ide.mcu.externaltools.gnu-tools-for-stm32.10.3-2021.10.win32_1.0.0.202111181127/tools/bin/../lib/gcc/arm-none-eabi/10.3.1/thumb/v7-m/nofp/crti.o
LOAD c:/st/stm32cubeide_1.9.0/stm32cubeide/plugins/com.st.stm32cube.ide.mcu.externaltools.gnu-tools-for-stm32.10.3-2021.10.win32_1.0.0.202111181127/tools/bin/../lib/gcc/arm-none-eabi/10.3.1/thumb/v7-m/nofp/crtbegin.o
LOAD c:/st/stm32cubeide_1.9.0/stm32cubeide/plugins/com.st.stm32cube.ide.mcu.externaltools.gnu-tools-for-stm32.10.3-2021.10.win32_1.0.0.202111181127/tools/bin/../lib/gcc/arm-none-eabi/10.3.1/../../../../arm-none-eabi/lib/thumb/v7-m/nofp/crt0.o
LOAD ./Core/Src/GPS/GPScontroller.o
LOAD ./Core/Src/GPS/GPSmodel.o
LOAD ./Core/Src/GPS/parser.o
LOAD ./Core/Src/GPS/tools.o
LOAD ./Core/Src/OLED/Screens.o
LOAD ./Core/Src/OLED/u8g2/u8g2_bitmap.o
LOAD ./Core/Src/OLED/u8g2/u8g2_box.o
LOAD ./Core/Src/OLED/u8g2/u8g2_buffer.o
LOAD ./Core/Src/OLED/u8g2/u8g2_circle.o
LOAD ./Core/Src/OLED/u8g2/u8g2_cleardisplay.o
LOAD ./Core/Src/OLED/u8g2/u8g2_d_memory.o
LOAD ./Core/Src/OLED/u8g2/u8g2_d_setup.o
LOAD ./Core/Src/OLED/u8g2/u8g2_font.o
LOAD ./Core/Src/OLED/u8g2/u8g2_fonts.o
LOAD ./Core/Src/OLED/u8g2/u8g2_hvline.o
LOAD ./Core/Src/OLED/u8g2/u8g2_input_value.o
LOAD ./Core/Src/OLED/u8g2/u8g2_intersection.o
LOAD ./Core/Src/OLED/u8g2/u8g2_kerning.o
LOAD ./Core/Src/OLED/u8g2/u8g2_line.o
LOAD ./Core/Src/OLED/u8g2/u8g2_ll_hvline.o
LOAD ./Core/Src/OLED/u8g2/u8g2_message.o
LOAD ./Core/Src/OLED/u8g2/u8g2_polygon.o
LOAD ./Core/Src/OLED/u8g2/u8g2_selection_list.o
LOAD ./Core/Src/OLED/u8g2/u8g2_setup.o
LOAD ./Core/Src/OLED/u8g2/u8log.o
LOAD ./Core/Src/OLED/u8g2/u8log_u8g2.o
LOAD ./Core/Src/OLED/u8g2/u8log_u8x8.o
LOAD ./Core/Src/OLED/u8g2/u8x8_8x8.o
LOAD ./Core/Src/OLED/u8g2/u8x8_byte.o
LOAD ./Core/Src/OLED/u8g2/u8x8_cad.o
LOAD ./Core/Src/OLED/u8g2/u8x8_capture.o
LOAD ./Core/Src/OLED/u8g2/u8x8_d_a2printer.o
LOAD ./Core/Src/OLED/u8g2/u8x8_d_il3820_296x128.o
LOAD ./Core/Src/OLED/u8g2/u8x8_d_ist3020.o
LOAD ./Core/Src/OLED/u8g2/u8x8_d_ist7920.o
LOAD ./Core/Src/OLED/u8g2/u8x8_d_ks0108.o
LOAD ./Core/Src/OLED/u8g2/u8x8_d_lc7981.o
LOAD ./Core/Src/OLED/u8g2/u8x8_d_ld7032_60x32.o
LOAD ./Core/Src/OLED/u8g2/u8x8_d_ls013b7dh03.o
LOAD ./Core/Src/OLED/u8g2/u8x8_d_max7219.o
LOAD ./Core/Src/OLED/u8g2/u8x8_d_pcd8544_84x48.o
LOAD ./Core/Src/OLED/u8g2/u8x8_d_pcf8812.o
LOAD ./Core/Src/OLED/u8g2/u8x8_d_pcf8814_hx1230.o
LOAD ./Core/Src/OLED/u8g2/u8x8_d_sbn1661.o
LOAD ./Core/Src/OLED/u8g2/u8x8_d_sed1330.o
LOAD ./Core/Src/OLED/u8g2/u8x8_d_sh1106_64x32.o
LOAD ./Core/Src/OLED/u8g2/u8x8_d_sh1106_72x40.o
LOAD ./Core/Src/OLED/u8g2/u8x8_d_sh1107.o
LOAD ./Core/Src/OLED/u8g2/u8x8_d_sh1108.o
LOAD ./Core/Src/OLED/u8g2/u8x8_d_sh1122.o
LOAD ./Core/Src/OLED/u8g2/u8x8_d_ssd1305.o
LOAD ./Core/Src/OLED/u8g2/u8x8_d_ssd1306_128x32.o
LOAD ./Core/Src/OLED/u8g2/u8x8_d_ssd1306_128x64_noname.o
LOAD ./Core/Src/OLED/u8g2/u8x8_d_ssd1306_48x64.o
LOAD ./Core/Src/OLED/u8g2/u8x8_d_ssd1306_64x32.o
LOAD ./Core/Src/OLED/u8g2/u8x8_d_ssd1306_64x48.o
LOAD ./Core/Src/OLED/u8g2/u8x8_d_ssd1306_96x16.o
LOAD ./Core/Src/OLED/u8g2/u8x8_d_ssd1309.o
LOAD ./Core/Src/OLED/u8g2/u8x8_d_ssd1316.o
LOAD ./Core/Src/OLED/u8g2/u8x8_d_ssd1317.o
LOAD ./Core/Src/OLED/u8g2/u8x8_d_ssd1318.o
LOAD ./Core/Src/OLED/u8g2/u8x8_d_ssd1322.o
LOAD ./Core/Src/OLED/u8g2/u8x8_d_ssd1325.o
LOAD ./Core/Src/OLED/u8g2/u8x8_d_ssd1326.o
LOAD ./Core/Src/OLED/u8g2/u8x8_d_ssd1327.o
LOAD ./Core/Src/OLED/u8g2/u8x8_d_ssd1329.o
LOAD ./Core/Src/OLED/u8g2/u8x8_d_ssd1606_172x72.o
LOAD ./Core/Src/OLED/u8g2/u8x8_d_ssd1607_200x200.o
LOAD ./Core/Src/OLED/u8g2/u8x8_d_st7511.o
LOAD ./Core/Src/OLED/u8g2/u8x8_d_st75256.o
LOAD ./Core/Src/OLED/u8g2/u8x8_d_st7528.o
LOAD ./Core/Src/OLED/u8g2/u8x8_d_st75320.o
LOAD ./Core/Src/OLED/u8g2/u8x8_d_st7565.o
LOAD ./Core/Src/OLED/u8g2/u8x8_d_st7567.o
LOAD ./Core/Src/OLED/u8g2/u8x8_d_st7586s_erc240160.o
LOAD ./Core/Src/OLED/u8g2/u8x8_d_st7586s_s028hn118a.o
LOAD ./Core/Src/OLED/u8g2/u8x8_d_st7588.o
LOAD ./Core/Src/OLED/u8g2/u8x8_d_st7920.o
LOAD ./Core/Src/OLED/u8g2/u8x8_d_stdio.o
LOAD ./Core/Src/OLED/u8g2/u8x8_d_t6963.o
LOAD ./Core/Src/OLED/u8g2/u8x8_d_uc1601.o
LOAD ./Core/Src/OLED/u8g2/u8x8_d_uc1604.o
LOAD ./Core/Src/OLED/u8g2/u8x8_d_uc1608.o
LOAD ./Core/Src/OLED/u8g2/u8x8_d_uc1610.o
LOAD ./Core/Src/OLED/u8g2/u8x8_d_uc1611.o
LOAD ./Core/Src/OLED/u8g2/u8x8_d_uc1617.o
LOAD ./Core/Src/OLED/u8g2/u8x8_d_uc1638.o
LOAD ./Core/Src/OLED/u8g2/u8x8_d_uc1701_dogs102.o
LOAD ./Core/Src/OLED/u8g2/u8x8_d_uc1701_mini12864.o
LOAD ./Core/Src/OLED/u8g2/u8x8_debounce.o
LOAD ./Core/Src/OLED/u8g2/u8x8_display.o
LOAD ./Core/Src/OLED/u8g2/u8x8_fonts.o
LOAD ./Core/Src/OLED/u8g2/u8x8_gpio.o
LOAD ./Core/Src/OLED/u8g2/u8x8_input_value.o
LOAD ./Core/Src/OLED/u8g2/u8x8_message.o
LOAD ./Core/Src/OLED/u8g2/u8x8_selection_list.o
LOAD ./Core/Src/OLED/u8g2/u8x8_setup.o
LOAD ./Core/Src/OLED/u8g2/u8x8_string.o
LOAD ./Core/Src/OLED/u8g2/u8x8_u16toa.o
LOAD ./Core/Src/OLED/u8g2/u8x8_u8toa.o
LOAD ./Core/Src/SDlogging.o
LOAD ./Core/Src/fatfs_sd.o
LOAD ./Core/Src/main.o
LOAD ./Core/Src/stm32f1xx_hal_msp.o
LOAD ./Core/Src/stm32f1xx_it.o
LOAD ./Core/Src/syscalls.o
LOAD ./Core/Src/sysmem.o
LOAD ./Core/Src/system_stm32f1xx.o
LOAD ./Core/Startup/startup_stm32f103c8tx.o
LOAD ./Drivers/STM32F1xx_HAL_Driver/Src/stm32f1xx_hal.o
LOAD ./Drivers/STM32F1xx_HAL_Driver/Src/stm32f1xx_hal_cortex.o
LOAD ./Drivers/STM32F1xx_HAL_Driver/Src/stm32f1xx_hal_dma.o
LOAD ./Drivers/STM32F1xx_HAL_Driver/Src/stm32f1xx_hal_exti.o
LOAD ./Drivers/STM32F1xx_HAL_Driver/Src/stm32f1xx_hal_flash.o
LOAD ./Drivers/STM32F1xx_HAL_Driver/Src/stm32f1xx_hal_flash_ex.o
LOAD ./Drivers/STM32F1xx_HAL_Driver/Src/stm32f1xx_hal_gpio.o
LOAD ./Drivers/STM32F1xx_HAL_Driver/Src/stm32f1xx_hal_gpio_ex.o
LOAD ./Drivers/STM32F1xx_HAL_Driver/Src/stm32f1xx_hal_i2c.o
LOAD ./Drivers/STM32F1xx_HAL_Driver/Src/stm32f1xx_hal_pwr.o
LOAD ./Drivers/STM32F1xx_HAL_Driver/Src/stm32f1xx_hal_rcc.o
LOAD ./Drivers/STM32F1xx_HAL_Driver/Src/stm32f1xx_hal_rcc_ex.o
LOAD ./Drivers/STM32F1xx_HAL_Driver/Src/stm32f1xx_hal_rtc.o
LOAD ./Drivers/STM32F1xx_HAL_Driver/Src/stm32f1xx_hal_rtc_ex.o
LOAD ./Drivers/STM32F1xx_HAL_Driver/Src/stm32f1xx_hal_spi.o
LOAD ./Drivers/STM32F1xx_HAL_Driver/Src/stm32f1xx_hal_tim.o
LOAD ./Drivers/STM32F1xx_HAL_Driver/Src/stm32f1xx_hal_tim_ex.o
LOAD ./Drivers/STM32F1xx_HAL_Driver/Src/stm32f1xx_hal_uart.o
LOAD ./FATFS/App/fatfs.o
LOAD ./FATFS/Target/user_diskio.o
LOAD ./Middlewares/Third_Party/FatFs/src/diskio.o
LOAD ./Middlewares/Third_Party/FatFs/src/ff.o
LOAD ./Middlewares/Third_Party/FatFs/src/ff_gen_drv.o
LOAD ./Middlewares/Third_Party/FatFs/src/option/ccsbcs.o
LOAD ./Middlewares/Third_Party/FatFs/src/option/syscall.o
START GROUP
LOAD c:/st/stm32cubeide_1.9.0/stm32cubeide/plugins/com.st.stm32cube.ide.mcu.externaltools.gnu-tools-for-stm32.10.3-2021.10.win32_1.0.0.202111181127/tools/bin/../lib/gcc/arm-none-eabi/10.3.1/../../../../arm-none-eabi/lib/thumb/v7-m/nofp\libc_nano.a
LOAD c:/st/stm32cubeide_1.9.0/stm32cubeide/plugins/com.st.stm32cube.ide.mcu.externaltools.gnu-tools-for-stm32.10.3-2021.10.win32_1.0.0.202111181127/tools/bin/../lib/gcc/arm-none-eabi/10.3.1/../../../../arm-none-eabi/lib/thumb/v7-m/nofp\libm.a
END GROUP
START GROUP
LOAD c:/st/stm32cubeide_1.9.0/stm32cubeide/plugins/com.st.stm32cube.ide.mcu.externaltools.gnu-tools-for-stm32.10.3-2021.10.win32_1.0.0.202111181127/tools/bin/../lib/gcc/arm-none-eabi/10.3.1/thumb/v7-m/nofp\libgcc.a
LOAD c:/st/stm32cubeide_1.9.0/stm32cubeide/plugins/com.st.stm32cube.ide.mcu.externaltools.gnu-tools-for-stm32.10.3-2021.10.win32_1.0.0.202111181127/tools/bin/../lib/gcc/arm-none-eabi/10.3.1/../../../../arm-none-eabi/lib/thumb/v7-m/nofp\libc_nano.a
END GROUP
START GROUP
LOAD c:/st/stm32cubeide_1.9.0/stm32cubeide/plugins/com.st.stm32cube.ide.mcu.externaltools.gnu-tools-for-stm32.10.3-2021.10.win32_1.0.0.202111181127/tools/bin/../lib/gcc/arm-none-eabi/10.3.1/thumb/v7-m/nofp\libgcc.a
LOAD c:/st/stm32cubeide_1.9.0/stm32cubeide/plugins/com.st.stm32cube.ide.mcu.externaltools.gnu-tools-for-stm32.10.3-2021.10.win32_1.0.0.202111181127/tools/bin/../lib/gcc/arm-none-eabi/10.3.1/../../../../arm-none-eabi/lib/thumb/v7-m/nofp\libc_nano.a
LOAD c:/st/stm32cubeide_1.9.0/stm32cubeide/plugins/com.st.stm32cube.ide.mcu.externaltools.gnu-tools-for-stm32.10.3-2021.10.win32_1.0.0.202111181127/tools/bin/../lib/gcc/arm-none-eabi/10.3.1/../../../../arm-none-eabi/lib/thumb/v7-m/nofp\libnosys.a
END GROUP
START GROUP
LOAD c:/st/stm32cubeide_1.9.0/stm32cubeide/plugins/com.st.stm32cube.ide.mcu.externaltools.gnu-tools-for-stm32.10.3-2021.10.win32_1.0.0.202111181127/tools/bin/../lib/gcc/arm-none-eabi/10.3.1/thumb/v7-m/nofp\libgcc.a
LOAD c:/st/stm32cubeide_1.9.0/stm32cubeide/plugins/com.st.stm32cube.ide.mcu.externaltools.gnu-tools-for-stm32.10.3-2021.10.win32_1.0.0.202111181127/tools/bin/../lib/gcc/arm-none-eabi/10.3.1/../../../../arm-none-eabi/lib/thumb/v7-m/nofp\libc_nano.a
LOAD c:/st/stm32cubeide_1.9.0/stm32cubeide/plugins/com.st.stm32cube.ide.mcu.externaltools.gnu-tools-for-stm32.10.3-2021.10.win32_1.0.0.202111181127/tools/bin/../lib/gcc/arm-none-eabi/10.3.1/../../../../arm-none-eabi/lib/thumb/v7-m/nofp\libnosys.a
END GROUP
LOAD c:/st/stm32cubeide_1.9.0/stm32cubeide/plugins/com.st.stm32cube.ide.mcu.externaltools.gnu-tools-for-stm32.10.3-2021.10.win32_1.0.0.202111181127/tools/bin/../lib/gcc/arm-none-eabi/10.3.1/thumb/v7-m/nofp/crtend.o
LOAD c:/st/stm32cubeide_1.9.0/stm32cubeide/plugins/com.st.stm32cube.ide.mcu.externaltools.gnu-tools-for-stm32.10.3-2021.10.win32_1.0.0.202111181127/tools/bin/../lib/gcc/arm-none-eabi/10.3.1/thumb/v7-m/nofp/crtn.o
                0x0000000020005000                _estack = (ORIGIN (RAM) + LENGTH (RAM))
                0x0000000000000200                _Min_Heap_Size = 0x200
                0x0000000000000400                _Min_Stack_Size = 0x400

.isr_vector     0x0000000008000000      0x10c
                0x0000000008000000                . = ALIGN (0x4)
 *(.isr_vector)
 .isr_vector    0x0000000008000000      0x10c ./Core/Startup/startup_stm32f103c8tx.o
                0x0000000008000000                g_pfnVectors
                0x000000000800010c                . = ALIGN (0x4)

.text           0x000000000800010c     0x6f60
                0x000000000800010c                . = ALIGN (0x4)
 *(.text)
 .text          0x000000000800010c       0x40 c:/st/stm32cubeide_1.9.0/stm32cubeide/plugins/com.st.stm32cube.ide.mcu.externaltools.gnu-tools-for-stm32.10.3-2021.10.win32_1.0.0.202111181127/tools/bin/../lib/gcc/arm-none-eabi/10.3.1/thumb/v7-m/nofp/crtbegin.o
 .text          0x000000000800014c       0x10 c:/st/stm32cubeide_1.9.0/stm32cubeide/plugins/com.st.stm32cube.ide.mcu.externaltools.gnu-tools-for-stm32.10.3-2021.10.win32_1.0.0.202111181127/tools/bin/../lib/gcc/arm-none-eabi/10.3.1/../../../../arm-none-eabi/lib/thumb/v7-m/nofp\libc_nano.a(lib_a-strlen.o)
                0x000000000800014c                strlen
 .text          0x000000000800015c      0x21c c:/st/stm32cubeide_1.9.0/stm32cubeide/plugins/com.st.stm32cube.ide.mcu.externaltools.gnu-tools-for-stm32.10.3-2021.10.win32_1.0.0.202111181127/tools/bin/../lib/gcc/arm-none-eabi/10.3.1/thumb/v7-m/nofp\libgcc.a(_arm_addsubsf3.o)
                0x000000000800015c                __aeabi_frsub
                0x0000000008000164                __subsf3
                0x0000000008000164                __aeabi_fsub
                0x0000000008000168                __addsf3
                0x0000000008000168                __aeabi_fadd
                0x00000000080002c8                __aeabi_ui2f
                0x00000000080002c8                __floatunsisf
                0x00000000080002d0                __floatsisf
                0x00000000080002d0                __aeabi_i2f
                0x00000000080002ec                __aeabi_ul2f
                0x00000000080002ec                __floatundisf
                0x00000000080002fc                __aeabi_l2f
                0x00000000080002fc                __floatdisf
 .text          0x0000000008000378      0x2a0 c:/st/stm32cubeide_1.9.0/stm32cubeide/plugins/com.st.stm32cube.ide.mcu.externaltools.gnu-tools-for-stm32.10.3-2021.10.win32_1.0.0.202111181127/tools/bin/../lib/gcc/arm-none-eabi/10.3.1/thumb/v7-m/nofp\libgcc.a(_arm_muldivsf3.o)
                0x0000000008000378                __aeabi_fmul
                0x0000000008000378                __mulsf3
                0x00000000080004e0                __divsf3
                0x00000000080004e0                __aeabi_fdiv
 .text          0x0000000008000618       0xec c:/st/stm32cubeide_1.9.0/stm32cubeide/plugins/com.st.stm32cube.ide.mcu.externaltools.gnu-tools-for-stm32.10.3-2021.10.win32_1.0.0.202111181127/tools/bin/../lib/gcc/arm-none-eabi/10.3.1/thumb/v7-m/nofp\libgcc.a(_arm_cmpsf2.o)
                0x0000000008000618                __gtsf2
                0x0000000008000618                __gesf2
                0x0000000008000620                __lesf2
                0x0000000008000620                __ltsf2
                0x0000000008000628                __cmpsf2
                0x0000000008000628                __eqsf2
                0x0000000008000628                __nesf2
                0x0000000008000688                __aeabi_cfrcmple
                0x0000000008000690                __aeabi_cfcmpeq
                0x0000000008000690                __aeabi_cfcmple
                0x00000000080006a0                __aeabi_fcmpeq
                0x00000000080006b4                __aeabi_fcmplt
                0x00000000080006c8                __aeabi_fcmple
                0x00000000080006dc                __aeabi_fcmpge
                0x00000000080006f0                __aeabi_fcmpgt
 .text          0x0000000008000704       0x4c c:/st/stm32cubeide_1.9.0/stm32cubeide/plugins/com.st.stm32cube.ide.mcu.externaltools.gnu-tools-for-stm32.10.3-2021.10.win32_1.0.0.202111181127/tools/bin/../lib/gcc/arm-none-eabi/10.3.1/thumb/v7-m/nofp\libgcc.a(_arm_fixsfsi.o)
                0x0000000008000704                __aeabi_f2iz
                0x0000000008000704                __fixsfsi
 *(.text*)
 .text.update_GPS_from_NMEA
                0x0000000008000750      0x11c ./Core/Src/GPS/GPScontroller.o
                0x0000000008000750                update_GPS_from_NMEA
 .text.configure_GPS
                0x000000000800086c       0xc0 ./Core/Src/GPS/GPScontroller.o
                0x000000000800086c                configure_GPS
 .text.GPS_init
                0x000000000800092c        0xc ./Core/Src/GPS/GPSmodel.o
                0x000000000800092c                GPS_init
 .text.NMEA_deg2dec
                0x0000000008000938       0x40 ./Core/Src/GPS/GPSmodel.o
                0x0000000008000938                NMEA_deg2dec
 .text.fields_to_GPS
                0x0000000008000978       0x74 ./Core/Src/GPS/GPSmodel.o
                0x0000000008000978                fields_to_GPS
 .text.GPS_update_GNGGA
                0x00000000080009ec       0x6c ./Core/Src/GPS/GPSmodel.o
                0x00000000080009ec                GPS_update_GNGGA
 .text.GPS_update
                0x0000000008000a58        0xc ./Core/Src/GPS/GPSmodel.o
                0x0000000008000a58                GPS_update
 .text.get_value
                0x0000000008000a64       0x5e ./Core/Src/GPS/parser.o
                0x0000000008000a64                get_value
 .text.coma_count
                0x0000000008000ac2       0x18 ./Core/Src/GPS/parser.o
                0x0000000008000ac2                coma_count
 .text.get_fields
                0x0000000008000ada       0x52 ./Core/Src/GPS/parser.o
                0x0000000008000ada                get_fields
 .text.start_sentence_ptr
                0x0000000008000b2c       0x26 ./Core/Src/GPS/parser.o
                0x0000000008000b2c                start_sentence_ptr
 .text.is_sentence_complete
                0x0000000008000b52       0x2c ./Core/Src/GPS/parser.o
                0x0000000008000b52                is_sentence_complete
 .text.get_sentence_ptr
                0x0000000008000b7e       0x38 ./Core/Src/GPS/parser.o
                0x0000000008000b7e                get_sentence_ptr
 .text.pow_10   0x0000000008000bb6       0x1a ./Core/Src/GPS/tools.o
                0x0000000008000bb6                pow_10
 .text.ascii_to_int
                0x0000000008000bd0       0x42 ./Core/Src/GPS/tools.o
                0x0000000008000bd0                ascii_to_int
 .text.ascii_to_float
                0x0000000008000c12       0xb2 ./Core/Src/GPS/tools.o
                0x0000000008000c12                ascii_to_float
 .text.int_to_ascii
                0x0000000008000cc4       0xac ./Core/Src/GPS/tools.o
                0x0000000008000cc4                int_to_ascii
 .text.float_to_ascii
                0x0000000008000d70       0x70 ./Core/Src/GPS/tools.o
                0x0000000008000d70                float_to_ascii
 .text.insert_chars
                0x0000000008000de0       0x1c ./Core/Src/GPS/tools.o
                0x0000000008000de0                insert_chars
 .text.get_time_string
                0x0000000008000dfc       0x50 ./Core/Src/GPS/tools.o
                0x0000000008000dfc                get_time_string
 .text.get_date_string
                0x0000000008000e4c       0x50 ./Core/Src/GPS/tools.o
                0x0000000008000e4c                get_date_string
 .text.u8x8_byte_stm32hal_hw_i2c
                0x0000000008000e9c       0x80 ./Core/Src/OLED/Screens.o
                0x0000000008000e9c                u8x8_byte_stm32hal_hw_i2c
 .text.psoc_gpio_and_delay_cb
                0x0000000008000f1c       0x4c ./Core/Src/OLED/Screens.o
                0x0000000008000f1c                psoc_gpio_and_delay_cb
 .text.draw_button_line
                0x0000000008000f68       0xae ./Core/Src/OLED/Screens.o
                0x0000000008000f68                draw_button_line
 *fill*         0x0000000008001016        0x2 
 .text.initScreen
                0x0000000008001018       0x40 ./Core/Src/OLED/Screens.o
                0x0000000008001018                initScreen
 .text.draw_screen_time
                0x0000000008001058       0x98 ./Core/Src/OLED/Screens.o
                0x0000000008001058                draw_screen_time
 .text.draw_screen_ubic
                0x00000000080010f0       0xac ./Core/Src/OLED/Screens.o
                0x00000000080010f0                draw_screen_ubic
 .text.updateScreen
                0x000000000800119c       0x4c ./Core/Src/OLED/Screens.o
                0x000000000800119c                updateScreen
 .text.u8g2_DrawBox
                0x00000000080011e8       0x38 ./Core/Src/OLED/u8g2/u8g2_box.o
                0x00000000080011e8                u8g2_DrawBox
 .text.u8g2_DrawFrame
                0x0000000008001220       0x60 ./Core/Src/OLED/u8g2/u8g2_box.o
                0x0000000008001220                u8g2_DrawFrame
 .text.u8g2_send_buffer
                0x0000000008001280       0x4e ./Core/Src/OLED/u8g2/u8g2_buffer.o
 .text.u8g2_ClearBuffer
                0x00000000080012ce       0x14 ./Core/Src/OLED/u8g2/u8g2_buffer.o
                0x00000000080012ce                u8g2_ClearBuffer
 .text.u8g2_SendBuffer
                0x00000000080012e2       0x12 ./Core/Src/OLED/u8g2/u8g2_buffer.o
                0x00000000080012e2                u8g2_SendBuffer
 .text.u8g2_SetBufferCurrTileRow
                0x00000000080012f4       0x1a ./Core/Src/OLED/u8g2/u8g2_buffer.o
                0x00000000080012f4                u8g2_SetBufferCurrTileRow
 .text.u8g2_FirstPage
                0x000000000800130e       0x1a ./Core/Src/OLED/u8g2/u8g2_buffer.o
                0x000000000800130e                u8g2_FirstPage
 .text.u8g2_NextPage
                0x0000000008001328       0x3e ./Core/Src/OLED/u8g2/u8g2_buffer.o
                0x0000000008001328                u8g2_NextPage
 .text.u8g2_ClearDisplay
                0x0000000008001366       0x1e ./Core/Src/OLED/u8g2/u8g2_cleardisplay.o
                0x0000000008001366                u8g2_ClearDisplay
 .text.u8g2_m_16_8_f
                0x0000000008001384        0xc ./Core/Src/OLED/u8g2/u8g2_d_memory.o
                0x0000000008001384                u8g2_m_16_8_f
 .text.u8g2_Setup_ssd1306_i2c_128x64_noname_f
                0x0000000008001390       0x3c ./Core/Src/OLED/u8g2/u8g2_d_setup.o
                0x0000000008001390                u8g2_Setup_ssd1306_i2c_128x64_noname_f
 .text.u8g2_font_get_word
                0x00000000080013cc        0xe ./Core/Src/OLED/u8g2/u8g2_font.o
 .text.u8g2_font_calc_vref_font
                0x00000000080013da        0x4 ./Core/Src/OLED/u8g2/u8g2_font.o
                0x00000000080013da                u8g2_font_calc_vref_font
 .text.u8g2_read_font_info
                0x00000000080013de       0x6a ./Core/Src/OLED/u8g2/u8g2_font.o
                0x00000000080013de                u8g2_read_font_info
 .text.u8g2_font_decode_get_unsigned_bits
                0x0000000008001448       0x3c ./Core/Src/OLED/u8g2/u8g2_font.o
                0x0000000008001448                u8g2_font_decode_get_unsigned_bits
 .text.u8g2_font_setup_decode
                0x0000000008001484       0x40 ./Core/Src/OLED/u8g2/u8g2_font.o
 .text.u8g2_font_decode_get_signed_bits
                0x00000000080014c4       0x16 ./Core/Src/OLED/u8g2/u8g2_font.o
                0x00000000080014c4                u8g2_font_decode_get_signed_bits
 .text.u8g2_font_decode_len
                0x00000000080014da       0x8c ./Core/Src/OLED/u8g2/u8g2_font.o
                0x00000000080014da                u8g2_font_decode_len
 .text.u8g2_font_decode_glyph
                0x0000000008001566       0xac ./Core/Src/OLED/u8g2/u8g2_font.o
                0x0000000008001566                u8g2_font_decode_glyph
 .text.u8g2_font_get_glyph_data
                0x0000000008001612       0x6e ./Core/Src/OLED/u8g2/u8g2_font.o
                0x0000000008001612                u8g2_font_get_glyph_data
 .text.u8g2_GetGlyphWidth
                0x0000000008001680       0x3e ./Core/Src/OLED/u8g2/u8g2_font.o
                0x0000000008001680                u8g2_GetGlyphWidth
 .text.u8g2_string_width
                0x00000000080016be       0x5a ./Core/Src/OLED/u8g2/u8g2_font.o
 .text.u8g2_SetFontMode
                0x0000000008001718        0x6 ./Core/Src/OLED/u8g2/u8g2_font.o
                0x0000000008001718                u8g2_SetFontMode
 .text.u8g2_DrawGlyph
                0x000000000800171e       0x2e ./Core/Src/OLED/u8g2/u8g2_font.o
                0x000000000800171e                u8g2_DrawGlyph
 .text.u8g2_draw_string
                0x000000000800174c       0x4e ./Core/Src/OLED/u8g2/u8g2_font.o
 *fill*         0x000000000800179a        0x2 
 .text.u8g2_DrawStr
                0x000000000800179c       0x10 ./Core/Src/OLED/u8g2/u8g2_font.o
                0x000000000800179c                u8g2_DrawStr
 .text.u8g2_DrawUTF8
                0x00000000080017ac       0x10 ./Core/Src/OLED/u8g2/u8g2_font.o
                0x00000000080017ac                u8g2_DrawUTF8
 .text.u8g2_UpdateRefHeight
                0x00000000080017bc       0x56 ./Core/Src/OLED/u8g2/u8g2_font.o
                0x00000000080017bc                u8g2_UpdateRefHeight
 *fill*         0x0000000008001812        0x2 
 .text.u8g2_SetFontPosBaseline
                0x0000000008001814        0xc ./Core/Src/OLED/u8g2/u8g2_font.o
                0x0000000008001814                u8g2_SetFontPosBaseline
 .text.u8g2_SetFont
                0x0000000008001820       0x1e ./Core/Src/OLED/u8g2/u8g2_font.o
                0x0000000008001820                u8g2_SetFont
 *fill*         0x000000000800183e        0x2 
 .text.u8g2_GetStrWidth
                0x0000000008001840        0xc ./Core/Src/OLED/u8g2/u8g2_font.o
                0x0000000008001840                u8g2_GetStrWidth
 .text.u8g2_GetUTF8Width
                0x000000000800184c        0xc ./Core/Src/OLED/u8g2/u8g2_font.o
                0x000000000800184c                u8g2_GetUTF8Width
 .text.u8g2_SetFontDirection
                0x0000000008001858        0x2 ./Core/Src/OLED/u8g2/u8g2_font.o
                0x0000000008001858                u8g2_SetFontDirection
 .text.u8g2_draw_hv_line_2dir
                0x000000000800185a       0x18 ./Core/Src/OLED/u8g2/u8g2_hvline.o
                0x000000000800185a                u8g2_draw_hv_line_2dir
 .text.u8g2_DrawHVLine
                0x0000000008001872       0xc8 ./Core/Src/OLED/u8g2/u8g2_hvline.o
                0x0000000008001872                u8g2_DrawHVLine
 .text.u8g2_SetDrawColor
                0x000000000800193a       0x10 ./Core/Src/OLED/u8g2/u8g2_hvline.o
                0x000000000800193a                u8g2_SetDrawColor
 .text.u8g2_ll_hvline_vertical_top_lsb
                0x000000000800194a       0x8e ./Core/Src/OLED/u8g2/u8g2_ll_hvline.o
                0x000000000800194a                u8g2_ll_hvline_vertical_top_lsb
 .text.u8g2_DrawUTF8Line
                0x00000000080019d8       0xee ./Core/Src/OLED/u8g2/u8g2_selection_list.o
                0x00000000080019d8                u8g2_DrawUTF8Line
 .text.u8g2_update_dimension_common
                0x0000000008001ac6       0x5a ./Core/Src/OLED/u8g2/u8g2_setup.o
 .text.u8g2_update_dimension_r0
                0x0000000008001b20        0x4 ./Core/Src/OLED/u8g2/u8g2_setup.o
                0x0000000008001b20                u8g2_update_dimension_r0
 .text.u8g2_update_page_win_r0
                0x0000000008001b24       0x20 ./Core/Src/OLED/u8g2/u8g2_setup.o
                0x0000000008001b24                u8g2_update_page_win_r0
 .text.u8g2_draw_l90_r0
                0x0000000008001b44        0xe ./Core/Src/OLED/u8g2/u8g2_setup.o
                0x0000000008001b44                u8g2_draw_l90_r0
 .text.u8g2_SetupBuffer
                0x0000000008001b52       0x40 ./Core/Src/OLED/u8g2/u8g2_setup.o
                0x0000000008001b52                u8g2_SetupBuffer
 .text.u8x8_ascii_next
                0x0000000008001b92       0x10 ./Core/Src/OLED/u8g2/u8x8_8x8.o
                0x0000000008001b92                u8x8_ascii_next
 .text.u8x8_utf8_next
                0x0000000008001ba2       0x92 ./Core/Src/OLED/u8g2/u8x8_8x8.o
                0x0000000008001ba2                u8x8_utf8_next
 .text.u8x8_utf8_init
                0x0000000008001c34        0x8 ./Core/Src/OLED/u8g2/u8x8_8x8.o
                0x0000000008001c34                u8x8_utf8_init
 .text.u8x8_byte_SendBytes
                0x0000000008001c3c       0x10 ./Core/Src/OLED/u8g2/u8x8_byte.o
                0x0000000008001c3c                u8x8_byte_SendBytes
 .text.u8x8_byte_SendByte
                0x0000000008001c4c       0x16 ./Core/Src/OLED/u8g2/u8x8_byte.o
                0x0000000008001c4c                u8x8_byte_SendByte
 .text.u8x8_byte_StartTransfer
                0x0000000008001c62       0x10 ./Core/Src/OLED/u8g2/u8x8_byte.o
                0x0000000008001c62                u8x8_byte_StartTransfer
 .text.u8x8_byte_EndTransfer
                0x0000000008001c72       0x10 ./Core/Src/OLED/u8g2/u8x8_byte.o
                0x0000000008001c72                u8x8_byte_EndTransfer
 .text.u8x8_i2c_data_transfer
                0x0000000008001c82       0x2a ./Core/Src/OLED/u8g2/u8x8_cad.o
 .text.u8x8_cad_SendCmd
                0x0000000008001cac       0x10 ./Core/Src/OLED/u8g2/u8x8_cad.o
                0x0000000008001cac                u8x8_cad_SendCmd
 .text.u8x8_cad_SendArg
                0x0000000008001cbc       0x10 ./Core/Src/OLED/u8g2/u8x8_cad.o
                0x0000000008001cbc                u8x8_cad_SendArg
 .text.u8x8_cad_SendData
                0x0000000008001ccc       0x10 ./Core/Src/OLED/u8g2/u8x8_cad.o
                0x0000000008001ccc                u8x8_cad_SendData
 .text.u8x8_cad_StartTransfer
                0x0000000008001cdc       0x10 ./Core/Src/OLED/u8g2/u8x8_cad.o
                0x0000000008001cdc                u8x8_cad_StartTransfer
 .text.u8x8_cad_EndTransfer
                0x0000000008001cec       0x10 ./Core/Src/OLED/u8g2/u8x8_cad.o
                0x0000000008001cec                u8x8_cad_EndTransfer
 .text.u8x8_cad_SendSequence
                0x0000000008001cfc       0x62 ./Core/Src/OLED/u8g2/u8x8_cad.o
                0x0000000008001cfc                u8x8_cad_SendSequence
 *fill*         0x0000000008001d5e        0x2 
 .text.u8x8_cad_ssd13xx_fast_i2c
                0x0000000008001d60       0xb8 ./Core/Src/OLED/u8g2/u8x8_cad.o
                0x0000000008001d60                u8x8_cad_ssd13xx_fast_i2c
 .text.u8x8_d_ssd1306_sh1106_generic
                0x0000000008001e18       0xd0 ./Core/Src/OLED/u8g2/u8x8_d_ssd1306_128x64_noname.o
 .text.u8x8_d_ssd1306_128x64_noname
                0x0000000008001ee8       0x38 ./Core/Src/OLED/u8g2/u8x8_d_ssd1306_128x64_noname.o
                0x0000000008001ee8                u8x8_d_ssd1306_128x64_noname
 .text.u8x8_d_helper_display_setup_memory
                0x0000000008001f20        0xa ./Core/Src/OLED/u8g2/u8x8_display.o
                0x0000000008001f20                u8x8_d_helper_display_setup_memory
 .text.u8x8_d_helper_display_init
                0x0000000008001f2a       0x60 ./Core/Src/OLED/u8g2/u8x8_display.o
                0x0000000008001f2a                u8x8_d_helper_display_init
 .text.u8x8_DrawTile
                0x0000000008001f8a       0x20 ./Core/Src/OLED/u8g2/u8x8_display.o
                0x0000000008001f8a                u8x8_DrawTile
 .text.u8x8_SetupMemory
                0x0000000008001faa       0x10 ./Core/Src/OLED/u8g2/u8x8_display.o
                0x0000000008001faa                u8x8_SetupMemory
 .text.u8x8_InitDisplay
                0x0000000008001fba       0x10 ./Core/Src/OLED/u8g2/u8x8_display.o
                0x0000000008001fba                u8x8_InitDisplay
 .text.u8x8_SetPowerSave
                0x0000000008001fca       0x10 ./Core/Src/OLED/u8g2/u8x8_display.o
                0x0000000008001fca                u8x8_SetPowerSave
 .text.u8x8_RefreshDisplay
                0x0000000008001fda       0x10 ./Core/Src/OLED/u8g2/u8x8_display.o
                0x0000000008001fda                u8x8_RefreshDisplay
 .text.u8x8_gpio_call
                0x0000000008001fea        0xc ./Core/Src/OLED/u8g2/u8x8_gpio.o
                0x0000000008001fea                u8x8_gpio_call
 .text.u8x8_dummy_cb
                0x0000000008001ff6        0x4 ./Core/Src/OLED/u8g2/u8x8_setup.o
                0x0000000008001ff6                u8x8_dummy_cb
 *fill*         0x0000000008001ffa        0x2 
 .text.u8x8_SetupDefaults
                0x0000000008001ffc       0x28 ./Core/Src/OLED/u8g2/u8x8_setup.o
                0x0000000008001ffc                u8x8_SetupDefaults
 .text.u8x8_Setup
                0x0000000008002024       0x1c ./Core/Src/OLED/u8g2/u8x8_setup.o
                0x0000000008002024                u8x8_Setup
 .text.u8x8_GetStringLineCnt
                0x0000000008002040       0x18 ./Core/Src/OLED/u8g2/u8x8_string.o
                0x0000000008002040                u8x8_GetStringLineCnt
 .text.u8x8_GetStringLineStart
                0x0000000008002058       0x24 ./Core/Src/OLED/u8g2/u8x8_string.o
                0x0000000008002058                u8x8_GetStringLineStart
 .text.open_append
                0x000000000800207c       0x28 ./Core/Src/SDlogging.o
                0x000000000800207c                open_append
 .text.log_data
                0x00000000080020a4      0x114 ./Core/Src/SDlogging.o
                0x00000000080020a4                log_data
 .text.SPI_TxBuffer
                0x00000000080021b8       0x1c ./Core/Src/fatfs_sd.o
 .text.SPI_TxByte
                0x00000000080021d4       0x28 ./Core/Src/fatfs_sd.o
 .text.SELECT   0x00000000080021fc       0x1c ./Core/Src/fatfs_sd.o
 .text.DESELECT
                0x0000000008002218       0x1c ./Core/Src/fatfs_sd.o
 .text.SPI_RxByte
                0x0000000008002234       0x34 ./Core/Src/fatfs_sd.o
 .text.SD_PowerOn
                0x0000000008002268       0x64 ./Core/Src/fatfs_sd.o
 .text.SD_ReadyWait
                0x00000000080022cc       0x20 ./Core/Src/fatfs_sd.o
 .text.SD_TxDataBlock
                0x00000000080022ec       0x5e ./Core/Src/fatfs_sd.o
 .text.SD_SendCmd
                0x000000000800234a       0x64 ./Core/Src/fatfs_sd.o
 *fill*         0x00000000080023ae        0x2 
 .text.SD_RxDataBlock
                0x00000000080023b0       0x48 ./Core/Src/fatfs_sd.o
 .text.SD_disk_initialize
                0x00000000080023f8      0x15c ./Core/Src/fatfs_sd.o
                0x00000000080023f8                SD_disk_initialize
 .text.SD_disk_status
                0x0000000008002554       0x14 ./Core/Src/fatfs_sd.o
                0x0000000008002554                SD_disk_status
 .text.SD_disk_read
                0x0000000008002568       0x8c ./Core/Src/fatfs_sd.o
                0x0000000008002568                SD_disk_read
 .text.SD_disk_write
                0x00000000080025f4       0xb0 ./Core/Src/fatfs_sd.o
                0x00000000080025f4                SD_disk_write
 .text.SD_disk_ioctl
                0x00000000080026a4      0x144 ./Core/Src/fatfs_sd.o
                0x00000000080026a4                SD_disk_ioctl
 .text.HAL_TIM_PeriodElapsedCallback
                0x00000000080027e8        0x4 ./Core/Src/main.o
                0x00000000080027e8                HAL_TIM_PeriodElapsedCallback
 .text.HAL_UART_RxIdleCallback
                0x00000000080027ec       0x14 ./Core/Src/main.o
                0x00000000080027ec                HAL_UART_RxIdleCallback
 .text.HAL_GPIO_EXTI_Callback
                0x0000000008002800       0x2c ./Core/Src/main.o
                0x0000000008002800                HAL_GPIO_EXTI_Callback
 .text.check_buttons
                0x000000000800282c       0x68 ./Core/Src/main.o
                0x000000000800282c                check_buttons
 .text.Setup    0x0000000008002894       0x28 ./Core/Src/main.o
                0x0000000008002894                Setup
 .text.SystemClock_Config
                0x00000000080028bc       0x7e ./Core/Src/main.o
                0x00000000080028bc                SystemClock_Config
 *fill*         0x000000000800293a        0x2 
 .text.startup.main
                0x000000000800293c      0x2b0 ./Core/Src/main.o
                0x000000000800293c                main
 .text.Error_Handler
                0x0000000008002bec        0x4 ./Core/Src/main.o
                0x0000000008002bec                Error_Handler
 .text.HAL_MspInit
                0x0000000008002bf0       0x44 ./Core/Src/stm32f1xx_hal_msp.o
                0x0000000008002bf0                HAL_MspInit
 .text.HAL_I2C_MspInit
                0x0000000008002c34       0x64 ./Core/Src/stm32f1xx_hal_msp.o
                0x0000000008002c34                HAL_I2C_MspInit
 .text.HAL_RTC_MspInit
                0x0000000008002c98       0x3c ./Core/Src/stm32f1xx_hal_msp.o
                0x0000000008002c98                HAL_RTC_MspInit
 .text.HAL_SPI_MspInit
                0x0000000008002cd4       0x74 ./Core/Src/stm32f1xx_hal_msp.o
                0x0000000008002cd4                HAL_SPI_MspInit
 .text.HAL_TIM_Base_MspInit
                0x0000000008002d48       0x40 ./Core/Src/stm32f1xx_hal_msp.o
                0x0000000008002d48                HAL_TIM_Base_MspInit
 .text.HAL_UART_MspInit
                0x0000000008002d88      0x120 ./Core/Src/stm32f1xx_hal_msp.o
                0x0000000008002d88                HAL_UART_MspInit
 .text.SDTimer_Handler
                0x0000000008002ea8       0x2c ./Core/Src/stm32f1xx_it.o
                0x0000000008002ea8                SDTimer_Handler
 .text.NMI_Handler
                0x0000000008002ed4        0x2 ./Core/Src/stm32f1xx_it.o
                0x0000000008002ed4                NMI_Handler
 .text.HardFault_Handler
                0x0000000008002ed6        0x2 ./Core/Src/stm32f1xx_it.o
                0x0000000008002ed6                HardFault_Handler
 .text.MemManage_Handler
                0x0000000008002ed8        0x2 ./Core/Src/stm32f1xx_it.o
                0x0000000008002ed8                MemManage_Handler
 .text.BusFault_Handler
                0x0000000008002eda        0x2 ./Core/Src/stm32f1xx_it.o
                0x0000000008002eda                BusFault_Handler
 .text.UsageFault_Handler
                0x0000000008002edc        0x2 ./Core/Src/stm32f1xx_it.o
                0x0000000008002edc                UsageFault_Handler
 .text.SVC_Handler
                0x0000000008002ede        0x2 ./Core/Src/stm32f1xx_it.o
                0x0000000008002ede                SVC_Handler
 .text.DebugMon_Handler
                0x0000000008002ee0        0x2 ./Core/Src/stm32f1xx_it.o
                0x0000000008002ee0                DebugMon_Handler
 .text.PendSV_Handler
                0x0000000008002ee2        0x2 ./Core/Src/stm32f1xx_it.o
                0x0000000008002ee2                PendSV_Handler
 .text.SysTick_Handler
                0x0000000008002ee4       0x28 ./Core/Src/stm32f1xx_it.o
                0x0000000008002ee4                SysTick_Handler
 .text.EXTI1_IRQHandler
                0x0000000008002f0c        0x6 ./Core/Src/stm32f1xx_it.o
                0x0000000008002f0c                EXTI1_IRQHandler
 .text.EXTI2_IRQHandler
                0x0000000008002f12        0x6 ./Core/Src/stm32f1xx_it.o
                0x0000000008002f12                EXTI2_IRQHandler
 .text.DMA1_Channel5_IRQHandler
                0x0000000008002f18        0xc ./Core/Src/stm32f1xx_it.o
                0x0000000008002f18                DMA1_Channel5_IRQHandler
 .text.TIM3_IRQHandler
                0x0000000008002f24        0xc ./Core/Src/stm32f1xx_it.o
                0x0000000008002f24                TIM3_IRQHandler
 .text.USART1_IRQHandler
                0x0000000008002f30       0x3c ./Core/Src/stm32f1xx_it.o
                0x0000000008002f30                USART1_IRQHandler
 .text.SystemInit
                0x0000000008002f6c        0x2 ./Core/Src/system_stm32f1xx.o
                0x0000000008002f6c                SystemInit
 *fill*         0x0000000008002f6e        0x2 
 .text.Reset_Handler
                0x0000000008002f70       0x48 ./Core/Startup/startup_stm32f103c8tx.o
                0x0000000008002f70                Reset_Handler
 .text.Default_Handler
                0x0000000008002fb8        0x2 ./Core/Startup/startup_stm32f103c8tx.o
                0x0000000008002fb8                DMA1_Channel4_IRQHandler
                0x0000000008002fb8                SPI2_IRQHandler
                0x0000000008002fb8                EXTI9_5_IRQHandler
                0x0000000008002fb8                SPI1_IRQHandler
                0x0000000008002fb8                PVD_IRQHandler
                0x0000000008002fb8                USBWakeUp_IRQHandler
                0x0000000008002fb8                WWDG_IRQHandler
                0x0000000008002fb8                ADC1_2_IRQHandler
                0x0000000008002fb8                RCC_IRQHandler
                0x0000000008002fb8                I2C1_ER_IRQHandler
                0x0000000008002fb8                RTC_IRQHandler
                0x0000000008002fb8                DMA1_Channel6_IRQHandler
                0x0000000008002fb8                TIM1_UP_IRQHandler
                0x0000000008002fb8                DMA1_Channel2_IRQHandler
                0x0000000008002fb8                I2C2_EV_IRQHandler
                0x0000000008002fb8                DMA1_Channel7_IRQHandler
                0x0000000008002fb8                USB_LP_CAN1_RX0_IRQHandler
                0x0000000008002fb8                USART2_IRQHandler
                0x0000000008002fb8                FLASH_IRQHandler
                0x0000000008002fb8                EXTI15_10_IRQHandler
                0x0000000008002fb8                TIM1_BRK_IRQHandler
                0x0000000008002fb8                TAMPER_IRQHandler
                0x0000000008002fb8                TIM2_IRQHandler
                0x0000000008002fb8                CAN1_SCE_IRQHandler
                0x0000000008002fb8                Default_Handler
                0x0000000008002fb8                DMA1_Channel3_IRQHandler
                0x0000000008002fb8                TIM4_IRQHandler
                0x0000000008002fb8                USART3_IRQHandler
                0x0000000008002fb8                EXTI3_IRQHandler
                0x0000000008002fb8                I2C2_ER_IRQHandler
                0x0000000008002fb8                TIM1_TRG_COM_IRQHandler
                0x0000000008002fb8                I2C1_EV_IRQHandler
                0x0000000008002fb8                TIM1_CC_IRQHandler
                0x0000000008002fb8                DMA1_Channel1_IRQHandler
                0x0000000008002fb8                EXTI0_IRQHandler
                0x0000000008002fb8                RTC_Alarm_IRQHandler
                0x0000000008002fb8                EXTI4_IRQHandler
                0x0000000008002fb8                CAN1_RX1_IRQHandler
                0x0000000008002fb8                USB_HP_CAN1_TX_IRQHandler
 *fill*         0x0000000008002fba        0x2 
 .text.HAL_InitTick
                0x0000000008002fbc       0x48 ./Drivers/STM32F1xx_HAL_Driver/Src/stm32f1xx_hal.o
                0x0000000008002fbc                HAL_InitTick
 .text.HAL_Init
                0x0000000008003004       0x24 ./Drivers/STM32F1xx_HAL_Driver/Src/stm32f1xx_hal.o
                0x0000000008003004                HAL_Init
 .text.HAL_IncTick
                0x0000000008003028       0x18 ./Drivers/STM32F1xx_HAL_Driver/Src/stm32f1xx_hal.o
                0x0000000008003028                HAL_IncTick
 .text.HAL_GetTick
                0x0000000008003040        0xc ./Drivers/STM32F1xx_HAL_Driver/Src/stm32f1xx_hal.o
                0x0000000008003040                HAL_GetTick
 .text.HAL_Delay
                0x000000000800304c       0x24 ./Drivers/STM32F1xx_HAL_Driver/Src/stm32f1xx_hal.o
                0x000000000800304c                HAL_Delay
 .text.HAL_NVIC_SetPriorityGrouping
                0x0000000008003070       0x24 ./Drivers/STM32F1xx_HAL_Driver/Src/stm32f1xx_hal_cortex.o
                0x0000000008003070                HAL_NVIC_SetPriorityGrouping
 .text.HAL_NVIC_SetPriority
                0x0000000008003094       0x64 ./Drivers/STM32F1xx_HAL_Driver/Src/stm32f1xx_hal_cortex.o
                0x0000000008003094                HAL_NVIC_SetPriority
 .text.HAL_NVIC_EnableIRQ
                0x00000000080030f8       0x1c ./Drivers/STM32F1xx_HAL_Driver/Src/stm32f1xx_hal_cortex.o
                0x00000000080030f8                HAL_NVIC_EnableIRQ
 .text.HAL_SYSTICK_Config
                0x0000000008003114       0x28 ./Drivers/STM32F1xx_HAL_Driver/Src/stm32f1xx_hal_cortex.o
                0x0000000008003114                HAL_SYSTICK_Config
 .text.HAL_DMA_Init
                0x000000000800313c       0x5c ./Drivers/STM32F1xx_HAL_Driver/Src/stm32f1xx_hal_dma.o
                0x000000000800313c                HAL_DMA_Init
 .text.HAL_DMA_Start_IT
                0x0000000008003198       0x78 ./Drivers/STM32F1xx_HAL_Driver/Src/stm32f1xx_hal_dma.o
                0x0000000008003198                HAL_DMA_Start_IT
 .text.HAL_DMA_Abort_IT
                0x0000000008003210       0x8c ./Drivers/STM32F1xx_HAL_Driver/Src/stm32f1xx_hal_dma.o
                0x0000000008003210                HAL_DMA_Abort_IT
 .text.HAL_DMA_IRQHandler
                0x000000000800329c      0x124 ./Drivers/STM32F1xx_HAL_Driver/Src/stm32f1xx_hal_dma.o
                0x000000000800329c                HAL_DMA_IRQHandler
 .text.HAL_GPIO_Init
                0x00000000080033c0      0x1b4 ./Drivers/STM32F1xx_HAL_Driver/Src/stm32f1xx_hal_gpio.o
                0x00000000080033c0                HAL_GPIO_Init
 .text.HAL_GPIO_ReadPin
                0x0000000008003574        0xc ./Drivers/STM32F1xx_HAL_Driver/Src/stm32f1xx_hal_gpio.o
                0x0000000008003574                HAL_GPIO_ReadPin
 .text.HAL_GPIO_WritePin
                0x0000000008003580        0xa ./Drivers/STM32F1xx_HAL_Driver/Src/stm32f1xx_hal_gpio.o
                0x0000000008003580                HAL_GPIO_WritePin
 *fill*         0x000000000800358a        0x2 
 .text.HAL_GPIO_EXTI_IRQHandler
                0x000000000800358c       0x18 ./Drivers/STM32F1xx_HAL_Driver/Src/stm32f1xx_hal_gpio.o
                0x000000000800358c                HAL_GPIO_EXTI_IRQHandler
 .text.I2C_IsAcknowledgeFailed
                0x00000000080035a4       0x32 ./Drivers/STM32F1xx_HAL_Driver/Src/stm32f1xx_hal_i2c.o
 .text.I2C_WaitOnFlagUntilTimeout
                0x00000000080035d6       0x64 ./Drivers/STM32F1xx_HAL_Driver/Src/stm32f1xx_hal_i2c.o
 .text.I2C_WaitOnMasterAddressFlagUntilTimeout
                0x000000000800363a       0x76 ./Drivers/STM32F1xx_HAL_Driver/Src/stm32f1xx_hal_i2c.o
 .text.I2C_WaitOnBTFFlagUntilTimeout
                0x00000000080036b0       0x4c ./Drivers/STM32F1xx_HAL_Driver/Src/stm32f1xx_hal_i2c.o
 .text.I2C_WaitOnTXEFlagUntilTimeout
                0x00000000080036fc       0x4c ./Drivers/STM32F1xx_HAL_Driver/Src/stm32f1xx_hal_i2c.o
 .text.HAL_I2C_Init
                0x0000000008003748      0x150 ./Drivers/STM32F1xx_HAL_Driver/Src/stm32f1xx_hal_i2c.o
                0x0000000008003748                HAL_I2C_Init
 .text.HAL_I2C_Master_Transmit
                0x0000000008003898      0x1b0 ./Drivers/STM32F1xx_HAL_Driver/Src/stm32f1xx_hal_i2c.o
                0x0000000008003898                HAL_I2C_Master_Transmit
 .text.HAL_PWR_EnableBkUpAccess
                0x0000000008003a48        0xc ./Drivers/STM32F1xx_HAL_Driver/Src/stm32f1xx_hal_pwr.o
                0x0000000008003a48                HAL_PWR_EnableBkUpAccess
 .text.HAL_RCC_OscConfig
                0x0000000008003a54      0x338 ./Drivers/STM32F1xx_HAL_Driver/Src/stm32f1xx_hal_rcc.o
                0x0000000008003a54                HAL_RCC_OscConfig
 .text.HAL_RCC_GetSysClockFreq
                0x0000000008003d8c       0x74 ./Drivers/STM32F1xx_HAL_Driver/Src/stm32f1xx_hal_rcc.o
                0x0000000008003d8c                HAL_RCC_GetSysClockFreq
 .text.HAL_RCC_ClockConfig
                0x0000000008003e00      0x138 ./Drivers/STM32F1xx_HAL_Driver/Src/stm32f1xx_hal_rcc.o
                0x0000000008003e00                HAL_RCC_ClockConfig
 .text.HAL_RCC_GetPCLK1Freq
                0x0000000008003f38       0x20 ./Drivers/STM32F1xx_HAL_Driver/Src/stm32f1xx_hal_rcc.o
                0x0000000008003f38                HAL_RCC_GetPCLK1Freq
 .text.HAL_RCC_GetPCLK2Freq
                0x0000000008003f58       0x20 ./Drivers/STM32F1xx_HAL_Driver/Src/stm32f1xx_hal_rcc.o
                0x0000000008003f58                HAL_RCC_GetPCLK2Freq
 .text.HAL_RCCEx_PeriphCLKConfig
                0x0000000008003f78       0xf4 ./Drivers/STM32F1xx_HAL_Driver/Src/stm32f1xx_hal_rcc_ex.o
                0x0000000008003f78                HAL_RCCEx_PeriphCLKConfig
 .text.HAL_RCCEx_GetPeriphCLKFreq
                0x000000000800406c       0xe4 ./Drivers/STM32F1xx_HAL_Driver/Src/stm32f1xx_hal_rcc_ex.o
                0x000000000800406c                HAL_RCCEx_GetPeriphCLKFreq
 .text.RTC_ReadTimeCounter
                0x0000000008004150       0x24 ./Drivers/STM32F1xx_HAL_Driver/Src/stm32f1xx_hal_rtc.o
 .text.RTC_ReadAlarmCounter
                0x0000000008004174        0xe ./Drivers/STM32F1xx_HAL_Driver/Src/stm32f1xx_hal_rtc.o
 .text.RTC_ByteToBcd2
                0x0000000008004182       0x16 ./Drivers/STM32F1xx_HAL_Driver/Src/stm32f1xx_hal_rtc.o
 .text.RTC_Bcd2ToByte
                0x0000000008004198       0x10 ./Drivers/STM32F1xx_HAL_Driver/Src/stm32f1xx_hal_rtc.o
 .text.RTC_WeekDayNum
                0x00000000080041a8       0x64 ./Drivers/STM32F1xx_HAL_Driver/Src/stm32f1xx_hal_rtc.o
 .text.RTC_EnterInitMode
                0x000000000800420c       0x2e ./Drivers/STM32F1xx_HAL_Driver/Src/stm32f1xx_hal_rtc.o
 .text.RTC_ExitInitMode
                0x000000000800423a       0x30 ./Drivers/STM32F1xx_HAL_Driver/Src/stm32f1xx_hal_rtc.o
 .text.RTC_WriteTimeCounter
                0x000000000800426a       0x28 ./Drivers/STM32F1xx_HAL_Driver/Src/stm32f1xx_hal_rtc.o
 .text.RTC_WriteAlarmCounter
                0x0000000008004292       0x28 ./Drivers/STM32F1xx_HAL_Driver/Src/stm32f1xx_hal_rtc.o
 .text.HAL_RTC_SetTime
                0x00000000080042ba       0x9e ./Drivers/STM32F1xx_HAL_Driver/Src/stm32f1xx_hal_rtc.o
                0x00000000080042ba                HAL_RTC_SetTime
 .text.HAL_RTC_GetTime
                0x0000000008004358      0x17c ./Drivers/STM32F1xx_HAL_Driver/Src/stm32f1xx_hal_rtc.o
                0x0000000008004358                HAL_RTC_GetTime
 .text.HAL_RTC_SetDate
                0x00000000080044d4       0xb0 ./Drivers/STM32F1xx_HAL_Driver/Src/stm32f1xx_hal_rtc.o
                0x00000000080044d4                HAL_RTC_SetDate
 .text.HAL_RTC_GetDate
                0x0000000008004584       0x58 ./Drivers/STM32F1xx_HAL_Driver/Src/stm32f1xx_hal_rtc.o
                0x0000000008004584                HAL_RTC_GetDate
 .text.HAL_RTC_WaitForSynchro
                0x00000000080045dc       0x36 ./Drivers/STM32F1xx_HAL_Driver/Src/stm32f1xx_hal_rtc.o
                0x00000000080045dc                HAL_RTC_WaitForSynchro
 *fill*         0x0000000008004612        0x2 
 .text.HAL_RTC_Init
                0x0000000008004614       0x9c ./Drivers/STM32F1xx_HAL_Driver/Src/stm32f1xx_hal_rtc.o
                0x0000000008004614                HAL_RTC_Init
 .text.SPI_WaitFlagStateUntilTimeout.constprop.0
                0x00000000080046b0       0xac ./Drivers/STM32F1xx_HAL_Driver/Src/stm32f1xx_hal_spi.o
 .text.SPI_EndRxTxTransaction
                0x000000000800475c       0x1c ./Drivers/STM32F1xx_HAL_Driver/Src/stm32f1xx_hal_spi.o
 .text.HAL_SPI_Init
                0x0000000008004778       0xb0 ./Drivers/STM32F1xx_HAL_Driver/Src/stm32f1xx_hal_spi.o
                0x0000000008004778                HAL_SPI_Init
 .text.HAL_SPI_Transmit
                0x0000000008004828      0x15a ./Drivers/STM32F1xx_HAL_Driver/Src/stm32f1xx_hal_spi.o
                0x0000000008004828                HAL_SPI_Transmit
 .text.HAL_SPI_TransmitReceive
                0x0000000008004982      0x1e8 ./Drivers/STM32F1xx_HAL_Driver/Src/stm32f1xx_hal_spi.o
                0x0000000008004982                HAL_SPI_TransmitReceive
 *fill*         0x0000000008004b6a        0x2 
 .text.HAL_TIM_Base_Start_IT
                0x0000000008004b6c       0x54 ./Drivers/STM32F1xx_HAL_Driver/Src/stm32f1xx_hal_tim.o
                0x0000000008004b6c                HAL_TIM_Base_Start_IT
 .text.HAL_TIM_OC_DelayElapsedCallback
                0x0000000008004bc0        0x2 ./Drivers/STM32F1xx_HAL_Driver/Src/stm32f1xx_hal_tim.o
                0x0000000008004bc0                HAL_TIM_OC_DelayElapsedCallback
 .text.HAL_TIM_IC_CaptureCallback
                0x0000000008004bc2        0x2 ./Drivers/STM32F1xx_HAL_Driver/Src/stm32f1xx_hal_tim.o
                0x0000000008004bc2                HAL_TIM_IC_CaptureCallback
 .text.HAL_TIM_PWM_PulseFinishedCallback
                0x0000000008004bc4        0x2 ./Drivers/STM32F1xx_HAL_Driver/Src/stm32f1xx_hal_tim.o
                0x0000000008004bc4                HAL_TIM_PWM_PulseFinishedCallback
 .text.HAL_TIM_TriggerCallback
                0x0000000008004bc6        0x2 ./Drivers/STM32F1xx_HAL_Driver/Src/stm32f1xx_hal_tim.o
                0x0000000008004bc6                HAL_TIM_TriggerCallback
 .text.HAL_TIM_IRQHandler
                0x0000000008004bc8      0x144 ./Drivers/STM32F1xx_HAL_Driver/Src/stm32f1xx_hal_tim.o
                0x0000000008004bc8                HAL_TIM_IRQHandler
 .text.TIM_Base_SetConfig
                0x0000000008004d0c       0x70 ./Drivers/STM32F1xx_HAL_Driver/Src/stm32f1xx_hal_tim.o
                0x0000000008004d0c                TIM_Base_SetConfig
 .text.HAL_TIM_Base_Init
                0x0000000008004d7c       0x58 ./Drivers/STM32F1xx_HAL_Driver/Src/stm32f1xx_hal_tim.o
                0x0000000008004d7c                HAL_TIM_Base_Init
 .text.TIM_ETR_SetConfig
                0x0000000008004dd4       0x14 ./Drivers/STM32F1xx_HAL_Driver/Src/stm32f1xx_hal_tim.o
                0x0000000008004dd4                TIM_ETR_SetConfig
 .text.HAL_TIM_ConfigClockSource
                0x0000000008004de8      0x128 ./Drivers/STM32F1xx_HAL_Driver/Src/stm32f1xx_hal_tim.o
                0x0000000008004de8                HAL_TIM_ConfigClockSource
 .text.HAL_TIMEx_MasterConfigSynchronization
                0x0000000008004f10       0x5c ./Drivers/STM32F1xx_HAL_Driver/Src/stm32f1xx_hal_tim_ex.o
                0x0000000008004f10                HAL_TIMEx_MasterConfigSynchronization
 .text.HAL_TIMEx_CommutCallback
                0x0000000008004f6c        0x2 ./Drivers/STM32F1xx_HAL_Driver/Src/stm32f1xx_hal_tim_ex.o
                0x0000000008004f6c                HAL_TIMEx_CommutCallback
 .text.HAL_TIMEx_BreakCallback
                0x0000000008004f6e        0x2 ./Drivers/STM32F1xx_HAL_Driver/Src/stm32f1xx_hal_tim_ex.o
                0x0000000008004f6e                HAL_TIMEx_BreakCallback
 .text.UART_EndRxTransfer
                0x0000000008004f70       0x1a ./Drivers/STM32F1xx_HAL_Driver/Src/stm32f1xx_hal_uart.o
 *fill*         0x0000000008004f8a        0x2 
 .text.UART_SetConfig
                0x0000000008004f8c       0x74 ./Drivers/STM32F1xx_HAL_Driver/Src/stm32f1xx_hal_uart.o
 .text.UART_WaitOnFlagUntilTimeout.constprop.0
                0x0000000008005000       0x50 ./Drivers/STM32F1xx_HAL_Driver/Src/stm32f1xx_hal_uart.o
 .text.HAL_UART_Init
                0x0000000008005050       0x5c ./Drivers/STM32F1xx_HAL_Driver/Src/stm32f1xx_hal_uart.o
                0x0000000008005050                HAL_UART_Init
 .text.HAL_UART_Transmit
                0x00000000080050ac       0xaa ./Drivers/STM32F1xx_HAL_Driver/Src/stm32f1xx_hal_uart.o
                0x00000000080050ac                HAL_UART_Transmit
 *fill*         0x0000000008005156        0x2 
 .text.HAL_UART_Receive_DMA
                0x0000000008005158       0x90 ./Drivers/STM32F1xx_HAL_Driver/Src/stm32f1xx_hal_uart.o
                0x0000000008005158                HAL_UART_Receive_DMA
 .text.HAL_UART_TxCpltCallback
                0x00000000080051e8        0x2 ./Drivers/STM32F1xx_HAL_Driver/Src/stm32f1xx_hal_uart.o
                0x00000000080051e8                HAL_UART_TxCpltCallback
 .text.HAL_UART_RxCpltCallback
                0x00000000080051ea        0x2 ./Drivers/STM32F1xx_HAL_Driver/Src/stm32f1xx_hal_uart.o
                0x00000000080051ea                HAL_UART_RxCpltCallback
 .text.UART_DMAReceiveCplt
                0x00000000080051ec       0x38 ./Drivers/STM32F1xx_HAL_Driver/Src/stm32f1xx_hal_uart.o
 .text.UART_Receive_IT.isra.0
                0x0000000008005224       0x70 ./Drivers/STM32F1xx_HAL_Driver/Src/stm32f1xx_hal_uart.o
 .text.HAL_UART_RxHalfCpltCallback
                0x0000000008005294        0x2 ./Drivers/STM32F1xx_HAL_Driver/Src/stm32f1xx_hal_uart.o
                0x0000000008005294                HAL_UART_RxHalfCpltCallback
 .text.UART_DMARxHalfCplt
                0x0000000008005296        0xa ./Drivers/STM32F1xx_HAL_Driver/Src/stm32f1xx_hal_uart.o
 .text.HAL_UART_ErrorCallback
                0x00000000080052a0        0x2 ./Drivers/STM32F1xx_HAL_Driver/Src/stm32f1xx_hal_uart.o
                0x00000000080052a0                HAL_UART_ErrorCallback
 .text.UART_DMAError
                0x00000000080052a2       0x4a ./Drivers/STM32F1xx_HAL_Driver/Src/stm32f1xx_hal_uart.o
 .text.HAL_UART_IRQHandler
                0x00000000080052ec      0x144 ./Drivers/STM32F1xx_HAL_Driver/Src/stm32f1xx_hal_uart.o
                0x00000000080052ec                HAL_UART_IRQHandler
 .text.UART_DMAAbortOnError
                0x0000000008005430       0x10 ./Drivers/STM32F1xx_HAL_Driver/Src/stm32f1xx_hal_uart.o
 .text.MX_FATFS_Init
                0x0000000008005440       0x1c ./FATFS/App/fatfs.o
                0x0000000008005440                MX_FATFS_Init
 .text.get_fattime
                0x000000000800545c        0x4 ./FATFS/App/fatfs.o
                0x000000000800545c                get_fattime
 .text.USER_initialize
                0x0000000008005460        0x4 ./FATFS/Target/user_diskio.o
                0x0000000008005460                USER_initialize
 .text.USER_status
                0x0000000008005464        0x4 ./FATFS/Target/user_diskio.o
                0x0000000008005464                USER_status
 .text.USER_read
                0x0000000008005468        0x4 ./FATFS/Target/user_diskio.o
                0x0000000008005468                USER_read
 .text.USER_write
                0x000000000800546c        0x4 ./FATFS/Target/user_diskio.o
                0x000000000800546c                USER_write
 .text.USER_ioctl
                0x0000000008005470        0x4 ./FATFS/Target/user_diskio.o
                0x0000000008005470                USER_ioctl
 .text.disk_status
                0x0000000008005474       0x14 ./Middlewares/Third_Party/FatFs/src/diskio.o
                0x0000000008005474                disk_status
 .text.disk_initialize
                0x0000000008005488       0x20 ./Middlewares/Third_Party/FatFs/src/diskio.o
                0x0000000008005488                disk_initialize
 .text.disk_read
                0x00000000080054a8       0x1c ./Middlewares/Third_Party/FatFs/src/diskio.o
                0x00000000080054a8                disk_read
 .text.disk_write
                0x00000000080054c4       0x1c ./Middlewares/Third_Party/FatFs/src/diskio.o
                0x00000000080054c4                disk_write
 .text.disk_ioctl
                0x00000000080054e0       0x18 ./Middlewares/Third_Party/FatFs/src/diskio.o
                0x00000000080054e0                disk_ioctl
 .text.mem_cpy  0x00000000080054f8       0x14 ./Middlewares/Third_Party/FatFs/src/ff.o
 .text.mem_set  0x000000000800550c        0xe ./Middlewares/Third_Party/FatFs/src/ff.o
 *fill*         0x000000000800551a        0x2 
 .text.chk_lock
                0x000000000800551c       0x80 ./Middlewares/Third_Party/FatFs/src/ff.o
 .text.inc_lock
                0x000000000800559c       0x8c ./Middlewares/Third_Party/FatFs/src/ff.o
 .text.dec_lock
                0x0000000008005628       0x40 ./Middlewares/Third_Party/FatFs/src/ff.o
 .text.clear_lock
                0x0000000008005668       0x1c ./Middlewares/Third_Party/FatFs/src/ff.o
 .text.clmt_clust
                0x0000000008005684       0x2e ./Middlewares/Third_Party/FatFs/src/ff.o
 .text.sum_sfn  0x00000000080056b2       0x1e ./Middlewares/Third_Party/FatFs/src/ff.o
 .text.get_ldnumber
                0x00000000080056d0       0x30 ./Middlewares/Third_Party/FatFs/src/ff.o
 .text.validate
                0x0000000008005700       0x2c ./Middlewares/Third_Party/FatFs/src/ff.o
 .text.sync_window.part.0
                0x000000000800572c       0x52 ./Middlewares/Third_Party/FatFs/src/ff.o
 .text.sync_window
                0x000000000800577e       0x10 ./Middlewares/Third_Party/FatFs/src/ff.o
 .text.move_window
                0x000000000800578e       0x34 ./Middlewares/Third_Party/FatFs/src/ff.o
 *fill*         0x00000000080057c2        0x2 
 .text.check_fs
                0x00000000080057c4       0x50 ./Middlewares/Third_Party/FatFs/src/ff.o
 .text.find_volume
                0x0000000008005814      0x25c ./Middlewares/Third_Party/FatFs/src/ff.o
 .text.sync_fs  0x0000000008005a70       0x74 ./Middlewares/Third_Party/FatFs/src/ff.o
 .text.ld_clust.isra.0
                0x0000000008005ae4       0x10 ./Middlewares/Third_Party/FatFs/src/ff.o
 .text.clust2sect
                0x0000000008005af4       0x1a ./Middlewares/Third_Party/FatFs/src/ff.o
                0x0000000008005af4                clust2sect
 .text.get_fat  0x0000000008005b0e       0xec ./Middlewares/Third_Party/FatFs/src/ff.o
                0x0000000008005b0e                get_fat
 .text.dir_sdi  0x0000000008005bfa       0x94 ./Middlewares/Third_Party/FatFs/src/ff.o
 .text.put_fat  0x0000000008005c8e      0x118 ./Middlewares/Third_Party/FatFs/src/ff.o
                0x0000000008005c8e                put_fat
 .text.create_chain
                0x0000000008005da6       0xb4 ./Middlewares/Third_Party/FatFs/src/ff.o
 .text.dir_next
                0x0000000008005e5a      0x10e ./Middlewares/Third_Party/FatFs/src/ff.o
 .text.dir_find
                0x0000000008005f68      0x134 ./Middlewares/Third_Party/FatFs/src/ff.o
 .text.follow_path
                0x000000000800609c      0x250 ./Middlewares/Third_Party/FatFs/src/ff.o
 .text.dir_register
                0x00000000080062ec      0x264 ./Middlewares/Third_Party/FatFs/src/ff.o
 .text.remove_chain
                0x0000000008006550       0x5e ./Middlewares/Third_Party/FatFs/src/ff.o
 *fill*         0x00000000080065ae        0x2 
 .text.f_mount  0x00000000080065b0       0x5c ./Middlewares/Third_Party/FatFs/src/ff.o
                0x00000000080065b0                f_mount
 .text.f_open   0x000000000800660c      0x1c4 ./Middlewares/Third_Party/FatFs/src/ff.o
                0x000000000800660c                f_open
 .text.f_write  0x00000000080067d0      0x1ac ./Middlewares/Third_Party/FatFs/src/ff.o
                0x00000000080067d0                f_write
 .text.putc_bfd
                0x000000000800697c       0x44 ./Middlewares/Third_Party/FatFs/src/ff.o
 .text.f_sync   0x00000000080069c0       0xaa ./Middlewares/Third_Party/FatFs/src/ff.o
                0x00000000080069c0                f_sync
 .text.f_close  0x0000000008006a6a       0x22 ./Middlewares/Third_Party/FatFs/src/ff.o
                0x0000000008006a6a                f_close
 .text.f_lseek  0x0000000008006a8c      0x25e ./Middlewares/Third_Party/FatFs/src/ff.o
                0x0000000008006a8c                f_lseek
 *fill*         0x0000000008006cea        0x2 
 .text.f_printf
                0x0000000008006cec      0x248 ./Middlewares/Third_Party/FatFs/src/ff.o
                0x0000000008006cec                f_printf
 .text.FATFS_LinkDriverEx
                0x0000000008006f34       0x44 ./Middlewares/Third_Party/FatFs/src/ff_gen_drv.o
                0x0000000008006f34                FATFS_LinkDriverEx
 .text.FATFS_LinkDriver
                0x0000000008006f78        0x6 ./Middlewares/Third_Party/FatFs/src/ff_gen_drv.o
                0x0000000008006f78                FATFS_LinkDriver
 *fill*         0x0000000008006f7e        0x2 
 .text.ff_convert
                0x0000000008006f80       0x3c ./Middlewares/Third_Party/FatFs/src/option/ccsbcs.o
                0x0000000008006f80                ff_convert
 .text.ff_wtoupper
                0x0000000008006fbc       0x24 ./Middlewares/Third_Party/FatFs/src/option/ccsbcs.o
                0x0000000008006fbc                ff_wtoupper
 .text.__libc_init_array
                0x0000000008006fe0       0x48 c:/st/stm32cubeide_1.9.0/stm32cubeide/plugins/com.st.stm32cube.ide.mcu.externaltools.gnu-tools-for-stm32.10.3-2021.10.win32_1.0.0.202111181127/tools/bin/../lib/gcc/arm-none-eabi/10.3.1/../../../../arm-none-eabi/lib/thumb/v7-m/nofp\libc_nano.a(lib_a-init.o)
                0x0000000008006fe0                __libc_init_array
 .text.memcpy   0x0000000008007028       0x1c c:/st/stm32cubeide_1.9.0/stm32cubeide/plugins/com.st.stm32cube.ide.mcu.externaltools.gnu-tools-for-stm32.10.3-2021.10.win32_1.0.0.202111181127/tools/bin/../lib/gcc/arm-none-eabi/10.3.1/../../../../arm-none-eabi/lib/thumb/v7-m/nofp\libc_nano.a(lib_a-memcpy-stub.o)
                0x0000000008007028                memcpy
 .text.memset   0x0000000008007044       0x10 c:/st/stm32cubeide_1.9.0/stm32cubeide/plugins/com.st.stm32cube.ide.mcu.externaltools.gnu-tools-for-stm32.10.3-2021.10.win32_1.0.0.202111181127/tools/bin/../lib/gcc/arm-none-eabi/10.3.1/../../../../arm-none-eabi/lib/thumb/v7-m/nofp\libc_nano.a(lib_a-memset.o)
                0x0000000008007044                memset
 *(.glue_7)
 .glue_7        0x0000000008007054        0x0 linker stubs
 *(.glue_7t)
 .glue_7t       0x0000000008007054        0x0 linker stubs
 *(.eh_frame)
 .eh_frame      0x0000000008007054        0x0 c:/st/stm32cubeide_1.9.0/stm32cubeide/plugins/com.st.stm32cube.ide.mcu.externaltools.gnu-tools-for-stm32.10.3-2021.10.win32_1.0.0.202111181127/tools/bin/../lib/gcc/arm-none-eabi/10.3.1/thumb/v7-m/nofp/crtbegin.o
 *(.init)
 .init          0x0000000008007054        0x4 c:/st/stm32cubeide_1.9.0/stm32cubeide/plugins/com.st.stm32cube.ide.mcu.externaltools.gnu-tools-for-stm32.10.3-2021.10.win32_1.0.0.202111181127/tools/bin/../lib/gcc/arm-none-eabi/10.3.1/thumb/v7-m/nofp/crti.o
                0x0000000008007054                _init
 .init          0x0000000008007058        0x8 c:/st/stm32cubeide_1.9.0/stm32cubeide/plugins/com.st.stm32cube.ide.mcu.externaltools.gnu-tools-for-stm32.10.3-2021.10.win32_1.0.0.202111181127/tools/bin/../lib/gcc/arm-none-eabi/10.3.1/thumb/v7-m/nofp/crtn.o
 *(.fini)
 .fini          0x0000000008007060        0x4 c:/st/stm32cubeide_1.9.0/stm32cubeide/plugins/com.st.stm32cube.ide.mcu.externaltools.gnu-tools-for-stm32.10.3-2021.10.win32_1.0.0.202111181127/tools/bin/../lib/gcc/arm-none-eabi/10.3.1/thumb/v7-m/nofp/crti.o
                0x0000000008007060                _fini
 .fini          0x0000000008007064        0x8 c:/st/stm32cubeide_1.9.0/stm32cubeide/plugins/com.st.stm32cube.ide.mcu.externaltools.gnu-tools-for-stm32.10.3-2021.10.win32_1.0.0.202111181127/tools/bin/../lib/gcc/arm-none-eabi/10.3.1/thumb/v7-m/nofp/crtn.o
                0x000000000800706c                . = ALIGN (0x4)
                0x000000000800706c                _etext = .

.vfp11_veneer   0x000000000800706c        0x0
 .vfp11_veneer  0x000000000800706c        0x0 linker stubs

.v4_bx          0x000000000800706c        0x0
 .v4_bx         0x000000000800706c        0x0 linker stubs

.iplt           0x000000000800706c        0x0
 .iplt          0x000000000800706c        0x0 c:/st/stm32cubeide_1.9.0/stm32cubeide/plugins/com.st.stm32cube.ide.mcu.externaltools.gnu-tools-for-stm32.10.3-2021.10.win32_1.0.0.202111181127/tools/bin/../lib/gcc/arm-none-eabi/10.3.1/thumb/v7-m/nofp/crtbegin.o

.rodata         0x000000000800706c      0xed0
                0x000000000800706c                . = ALIGN (0x4)
 *(.rodata)
 .rodata        0x000000000800706c       0x47 ./Core/Src/GPS/GPScontroller.o
 .rodata        0x00000000080070b3        0x3 ./Core/Src/GPS/tools.o
 .rodata        0x00000000080070b6        0xa ./Core/Src/SDlogging.o
 *(.rodata*)
 .rodata.update_GPS_from_NMEA.str1.1
                0x00000000080070c0        0xc ./Core/Src/GPS/GPScontroller.o
 .rodata.draw_screen_time.str1.1
                0x00000000080070cc       0x12 ./Core/Src/OLED/Screens.o
 .rodata.draw_screen_ubic.str1.1
                0x00000000080070de        0xc ./Core/Src/OLED/Screens.o
 .rodata.updateScreen.str1.1
                0x00000000080070ea       0x10 ./Core/Src/OLED/Screens.o
 .rodata.u8g2_font_t0_11_tf
                0x00000000080070fa      0x819 ./Core/Src/OLED/u8g2/u8g2_fonts.o
                0x00000000080070fa                u8g2_font_t0_11_tf
 *fill*         0x0000000008007913        0x1 
 .rodata.u8g2_cb_r0
                0x0000000008007914        0xc ./Core/Src/OLED/u8g2/u8g2_setup.o
                0x0000000008007914                u8g2_cb_r0
 .rodata.u8x8_d_ssd1306_128x64_noname_flip0_seq
                0x0000000008007920        0x7 ./Core/Src/OLED/u8g2/u8x8_d_ssd1306_128x64_noname.o
 .rodata.u8x8_d_ssd1306_128x64_noname_flip1_seq
                0x0000000008007927        0x7 ./Core/Src/OLED/u8g2/u8x8_d_ssd1306_128x64_noname.o
 .rodata.u8x8_d_ssd1306_128x64_noname_init_seq
                0x000000000800792e       0x35 ./Core/Src/OLED/u8g2/u8x8_d_ssd1306_128x64_noname.o
 .rodata.u8x8_d_ssd1306_128x64_noname_powersave0_seq
                0x0000000008007963        0x5 ./Core/Src/OLED/u8g2/u8x8_d_ssd1306_128x64_noname.o
 .rodata.u8x8_d_ssd1306_128x64_noname_powersave1_seq
                0x0000000008007968        0x5 ./Core/Src/OLED/u8g2/u8x8_d_ssd1306_128x64_noname.o
 *fill*         0x000000000800796d        0x3 
 .rodata.u8x8_ssd1306_128x64_noname_display_info
                0x0000000008007970       0x18 ./Core/Src/OLED/u8g2/u8x8_d_ssd1306_128x64_noname.o
 .rodata.log_data.str1.1
                0x0000000008007988       0x2e ./Core/Src/SDlogging.o
                                         0x2f (size before relaxing)
 .rodata.AHBPrescTable
                0x00000000080079b6       0x10 ./Core/Src/system_stm32f1xx.o
                0x00000000080079b6                AHBPrescTable
 .rodata.APBPrescTable
                0x00000000080079c6        0x8 ./Core/Src/system_stm32f1xx.o
                0x00000000080079c6                APBPrescTable
 .rodata.HAL_RCC_GetSysClockFreq.str1.1
                0x00000000080079ce       0x11 ./Drivers/STM32F1xx_HAL_Driver/Src/stm32f1xx_hal_rcc.o
 .rodata.HAL_RCCEx_GetPeriphCLKFreq.str1.1
                0x00000000080079df       0x11 ./Drivers/STM32F1xx_HAL_Driver/Src/stm32f1xx_hal_rcc_ex.o
 .rodata.follow_path.str1.1
                0x00000000080079df       0x10 ./Middlewares/Third_Party/FatFs/src/ff.o
 .rodata.ExCvt  0x00000000080079ef       0x80 ./Middlewares/Third_Party/FatFs/src/ff.o
 .rodata.LfnOfs
                0x0000000008007a6f        0xd ./Middlewares/Third_Party/FatFs/src/ff.o
 .rodata.Tbl    0x0000000008007a7c      0x100 ./Middlewares/Third_Party/FatFs/src/option/ccsbcs.o
 .rodata.tbl_lower.1
                0x0000000008007b7c      0x1e0 ./Middlewares/Third_Party/FatFs/src/option/ccsbcs.o
 .rodata.tbl_upper.0
                0x0000000008007d5c      0x1e0 ./Middlewares/Third_Party/FatFs/src/option/ccsbcs.o
                0x0000000008007f3c                . = ALIGN (0x4)

.rel.dyn        0x0000000008007f3c        0x0
 .rel.iplt      0x0000000008007f3c        0x0 c:/st/stm32cubeide_1.9.0/stm32cubeide/plugins/com.st.stm32cube.ide.mcu.externaltools.gnu-tools-for-stm32.10.3-2021.10.win32_1.0.0.202111181127/tools/bin/../lib/gcc/arm-none-eabi/10.3.1/thumb/v7-m/nofp/crtbegin.o

.ARM.extab      0x0000000008007f3c        0x0
                0x0000000008007f3c                . = ALIGN (0x4)
 *(.ARM.extab* .gnu.linkonce.armextab.*)
                0x0000000008007f3c                . = ALIGN (0x4)

.ARM            0x0000000008007f3c        0x0
                0x0000000008007f3c                . = ALIGN (0x4)
                0x0000000008007f3c                __exidx_start = .
 *(.ARM.exidx*)
                0x0000000008007f3c                __exidx_end = .
                0x0000000008007f3c                . = ALIGN (0x4)

.preinit_array  0x0000000008007f3c        0x0
                0x0000000008007f3c                . = ALIGN (0x4)
                0x0000000008007f3c                PROVIDE (__preinit_array_start = .)
 *(.preinit_array*)
                0x0000000008007f3c                PROVIDE (__preinit_array_end = .)
                0x0000000008007f3c                . = ALIGN (0x4)

.init_array     0x0000000008007f3c        0x4
                0x0000000008007f3c                . = ALIGN (0x4)
                0x0000000008007f3c                PROVIDE (__init_array_start = .)
 *(SORT_BY_NAME(.init_array.*))
 *(.init_array*)
 .init_array    0x0000000008007f3c        0x4 c:/st/stm32cubeide_1.9.0/stm32cubeide/plugins/com.st.stm32cube.ide.mcu.externaltools.gnu-tools-for-stm32.10.3-2021.10.win32_1.0.0.202111181127/tools/bin/../lib/gcc/arm-none-eabi/10.3.1/thumb/v7-m/nofp/crtbegin.o
                0x0000000008007f40                PROVIDE (__init_array_end = .)
                0x0000000008007f40                . = ALIGN (0x4)

.fini_array     0x0000000008007f40        0x4
                0x0000000008007f40                . = ALIGN (0x4)
                [!provide]                        PROVIDE (__fini_array_start = .)
 *(SORT_BY_NAME(.fini_array.*))
 *(.fini_array*)
 .fini_array    0x0000000008007f40        0x4 c:/st/stm32cubeide_1.9.0/stm32cubeide/plugins/com.st.stm32cube.ide.mcu.externaltools.gnu-tools-for-stm32.10.3-2021.10.win32_1.0.0.202111181127/tools/bin/../lib/gcc/arm-none-eabi/10.3.1/thumb/v7-m/nofp/crtbegin.o
                [!provide]                        PROVIDE (__fini_array_end = .)
                0x0000000008007f44                . = ALIGN (0x4)
                0x0000000008007f44                _sidata = LOADADDR (.data)

.data           0x0000000020000000       0x24 load address 0x0000000008007f44
                0x0000000020000000                . = ALIGN (0x4)
                0x0000000020000000                _sdata = .
 *(.data)
 *(.data*)
 .data.Stat     0x0000000020000000        0x1 ./Core/Src/fatfs_sd.o
 *fill*         0x0000000020000001        0x3 
 .data.SystemCoreClock
                0x0000000020000004        0x4 ./Core/Src/system_stm32f1xx.o
                0x0000000020000004                SystemCoreClock
 .data.uwTickFreq
                0x0000000020000008        0x1 ./Drivers/STM32F1xx_HAL_Driver/Src/stm32f1xx_hal.o
                0x0000000020000008                uwTickFreq
 *fill*         0x0000000020000009        0x3 
 .data.uwTickPrio
                0x000000002000000c        0x4 ./Drivers/STM32F1xx_HAL_Driver/Src/stm32f1xx_hal.o
                0x000000002000000c                uwTickPrio
 .data.USER_Driver
                0x0000000020000010       0x14 ./FATFS/Target/user_diskio.o
                0x0000000020000010                USER_Driver
 *(.RamFunc)
 *(.RamFunc*)
                0x0000000020000024                . = ALIGN (0x4)
                0x0000000020000024                _edata = .

.igot.plt       0x0000000020000024        0x0 load address 0x0000000008007f68
 .igot.plt      0x0000000020000024        0x0 c:/st/stm32cubeide_1.9.0/stm32cubeide/plugins/com.st.stm32cube.ide.mcu.externaltools.gnu-tools-for-stm32.10.3-2021.10.win32_1.0.0.202111181127/tools/bin/../lib/gcc/arm-none-eabi/10.3.1/thumb/v7-m/nofp/crtbegin.o
                0x0000000020000024                . = ALIGN (0x4)

.bss            0x0000000020000024      0xb70 load address 0x0000000008007f68
                0x0000000020000024                _sbss = .
                0x0000000020000024                __bss_start__ = _sbss
 *(.bss)
 .bss           0x0000000020000024       0x1c c:/st/stm32cubeide_1.9.0/stm32cubeide/plugins/com.st.stm32cube.ide.mcu.externaltools.gnu-tools-for-stm32.10.3-2021.10.win32_1.0.0.202111181127/tools/bin/../lib/gcc/arm-none-eabi/10.3.1/thumb/v7-m/nofp/crtbegin.o
 *(.bss*)
 .bss.count.0   0x0000000020000040        0x1 ./Core/Src/GPS/GPSmodel.o
 .bss.buf_idx.1
                0x0000000020000041        0x1 ./Core/Src/OLED/Screens.o
 .bss.buffer.0  0x0000000020000042       0x20 ./Core/Src/OLED/Screens.o
 .bss.buf.123   0x0000000020000062      0x400 ./Core/Src/OLED/u8g2/u8g2_d_memory.o
 .bss.in_transfer.3
                0x0000000020000462        0x1 ./Core/Src/OLED/u8g2/u8x8_cad.o
 .bss.CardType  0x0000000020000463        0x1 ./Core/Src/fatfs_sd.o
 .bss.PowerFlag
                0x0000000020000464        0x1 ./Core/Src/fatfs_sd.o
 .bss.GPSupdated
                0x0000000020000465        0x1 ./Core/Src/main.o
                0x0000000020000465                GPSupdated
 .bss.button_pressed
                0x0000000020000466        0x1 ./Core/Src/main.o
                0x0000000020000466                button_pressed
 .bss.date_updated
                0x0000000020000467        0x1 ./Core/Src/main.o
                0x0000000020000467                date_updated
 .bss.gps       0x0000000020000468        0xc ./Core/Src/main.o
                0x0000000020000468                gps
 .bss.hdma_usart1_rx
                0x0000000020000474       0x44 ./Core/Src/main.o
                0x0000000020000474                hdma_usart1_rx
 .bss.hi2c1     0x00000000200004b8       0x54 ./Core/Src/main.o
                0x00000000200004b8                hi2c1
 .bss.hrtc      0x000000002000050c       0x14 ./Core/Src/main.o
                0x000000002000050c                hrtc
 .bss.hspi1     0x0000000020000520       0x58 ./Core/Src/main.o
                0x0000000020000520                hspi1
 .bss.htim3     0x0000000020000578       0x48 ./Core/Src/main.o
                0x0000000020000578                htim3
 .bss.huart1    0x00000000200005c0       0x40 ./Core/Src/main.o
                0x00000000200005c0                huart1
 .bss.huart3    0x0000000020000600       0x40 ./Core/Src/main.o
                0x0000000020000600                huart3
 .bss.longPress
                0x0000000020000640        0x4 ./Core/Src/main.o
                0x0000000020000640                longPress
 .bss.screen_number
                0x0000000020000644        0x1 ./Core/Src/main.o
                0x0000000020000644                screen_number
 .bss.screen_power
                0x0000000020000645        0x1 ./Core/Src/main.o
                0x0000000020000645                screen_power
 .bss.time_updated
                0x0000000020000646        0x1 ./Core/Src/main.o
                0x0000000020000646                time_updated
 *fill*         0x0000000020000647        0x1 
 .bss.u8g2      0x0000000020000648       0x84 ./Core/Src/main.o
                0x0000000020000648                u8g2
 .bss.usart_rx_dma_buffer
                0x00000000200006cc      0x28a ./Core/Src/main.o
                0x00000000200006cc                usart_rx_dma_buffer
 .bss.FatFsCnt  0x0000000020000956        0x1 ./Core/Src/stm32f1xx_it.o
                0x0000000020000956                FatFsCnt
 *fill*         0x0000000020000957        0x1 
 .bss.Timer1    0x0000000020000958        0x2 ./Core/Src/stm32f1xx_it.o
                0x0000000020000958                Timer1
 .bss.Timer2    0x000000002000095a        0x2 ./Core/Src/stm32f1xx_it.o
                0x000000002000095a                Timer2
 .bss.uwTick    0x000000002000095c        0x4 ./Drivers/STM32F1xx_HAL_Driver/Src/stm32f1xx_hal.o
                0x000000002000095c                uwTick
 .bss.USERPath  0x0000000020000960        0x4 ./FATFS/App/fatfs.o
                0x0000000020000960                USERPath
 .bss.retUSER   0x0000000020000964        0x1 ./FATFS/App/fatfs.o
                0x0000000020000964                retUSER
 *fill*         0x0000000020000965        0x3 
 .bss.FatFs     0x0000000020000968        0x4 ./Middlewares/Third_Party/FatFs/src/ff.o
 .bss.Files     0x000000002000096c       0x18 ./Middlewares/Third_Party/FatFs/src/ff.o
 .bss.Fsid      0x0000000020000984        0x2 ./Middlewares/Third_Party/FatFs/src/ff.o
 .bss.LfnBuf    0x0000000020000986      0x200 ./Middlewares/Third_Party/FatFs/src/ff.o
 *fill*         0x0000000020000b86        0x2 
 .bss.disk      0x0000000020000b88        0xc ./Middlewares/Third_Party/FatFs/src/ff_gen_drv.o
                0x0000000020000b88                disk
 *(COMMON)
                0x0000000020000b94                . = ALIGN (0x4)
                0x0000000020000b94                _ebss = .
                0x0000000020000b94                __bss_end__ = _ebss

._user_heap_stack
                0x0000000020000b94      0x604 load address 0x0000000008007f68
                0x0000000020000b98                . = ALIGN (0x8)
 *fill*         0x0000000020000b94        0x4 
                [!provide]                        PROVIDE (end = .)
                0x0000000020000b98                PROVIDE (_end = .)
                0x0000000020000d98                . = (. + _Min_Heap_Size)
 *fill*         0x0000000020000b98      0x200 
                0x0000000020001198                . = (. + _Min_Stack_Size)
 *fill*         0x0000000020000d98      0x400 
                0x0000000020001198                . = ALIGN (0x8)

/DISCARD/
 libc.a(*)
 libm.a(*)
 libgcc.a(*)

.ARM.attributes
                0x0000000000000000       0x29
 *(.ARM.attributes)
 .ARM.attributes
                0x0000000000000000       0x1d c:/st/stm32cubeide_1.9.0/stm32cubeide/plugins/com.st.stm32cube.ide.mcu.externaltools.gnu-tools-for-stm32.10.3-2021.10.win32_1.0.0.202111181127/tools/bin/../lib/gcc/arm-none-eabi/10.3.1/thumb/v7-m/nofp/crti.o
 .ARM.attributes
                0x000000000000001d       0x2d c:/st/stm32cubeide_1.9.0/stm32cubeide/plugins/com.st.stm32cube.ide.mcu.externaltools.gnu-tools-for-stm32.10.3-2021.10.win32_1.0.0.202111181127/tools/bin/../lib/gcc/arm-none-eabi/10.3.1/thumb/v7-m/nofp/crtbegin.o
 .ARM.attributes
                0x000000000000004a       0x2d ./Core/Src/GPS/GPScontroller.o
 .ARM.attributes
                0x0000000000000077       0x2d ./Core/Src/GPS/GPSmodel.o
 .ARM.attributes
                0x00000000000000a4       0x2d ./Core/Src/GPS/parser.o
 .ARM.attributes
                0x00000000000000d1       0x2d ./Core/Src/GPS/tools.o
 .ARM.attributes
                0x00000000000000fe       0x2d ./Core/Src/OLED/Screens.o
 .ARM.attributes
                0x000000000000012b       0x2d ./Core/Src/OLED/u8g2/u8g2_box.o
 .ARM.attributes
                0x0000000000000158       0x2d ./Core/Src/OLED/u8g2/u8g2_buffer.o
 .ARM.attributes
                0x0000000000000185       0x2d ./Core/Src/OLED/u8g2/u8g2_cleardisplay.o
 .ARM.attributes
                0x00000000000001b2       0x2d ./Core/Src/OLED/u8g2/u8g2_d_memory.o
 .ARM.attributes
                0x00000000000001df       0x2d ./Core/Src/OLED/u8g2/u8g2_d_setup.o
 .ARM.attributes
                0x000000000000020c       0x2d ./Core/Src/OLED/u8g2/u8g2_font.o
 .ARM.attributes
                0x0000000000000239       0x2d ./Core/Src/OLED/u8g2/u8g2_fonts.o
 .ARM.attributes
                0x0000000000000266       0x2d ./Core/Src/OLED/u8g2/u8g2_hvline.o
 .ARM.attributes
                0x0000000000000293       0x2d ./Core/Src/OLED/u8g2/u8g2_ll_hvline.o
 .ARM.attributes
                0x00000000000002c0       0x2d ./Core/Src/OLED/u8g2/u8g2_selection_list.o
 .ARM.attributes
                0x00000000000002ed       0x2d ./Core/Src/OLED/u8g2/u8g2_setup.o
 .ARM.attributes
                0x000000000000031a       0x2d ./Core/Src/OLED/u8g2/u8x8_8x8.o
 .ARM.attributes
                0x0000000000000347       0x2d ./Core/Src/OLED/u8g2/u8x8_byte.o
 .ARM.attributes
                0x0000000000000374       0x2d ./Core/Src/OLED/u8g2/u8x8_cad.o
 .ARM.attributes
                0x00000000000003a1       0x2d ./Core/Src/OLED/u8g2/u8x8_d_ssd1306_128x64_noname.o
 .ARM.attributes
                0x00000000000003ce       0x2d ./Core/Src/OLED/u8g2/u8x8_display.o
 .ARM.attributes
                0x00000000000003fb       0x2d ./Core/Src/OLED/u8g2/u8x8_gpio.o
 .ARM.attributes
                0x0000000000000428       0x2d ./Core/Src/OLED/u8g2/u8x8_setup.o
 .ARM.attributes
                0x0000000000000455       0x2d ./Core/Src/OLED/u8g2/u8x8_string.o
 .ARM.attributes
                0x0000000000000482       0x2d ./Core/Src/SDlogging.o
 .ARM.attributes
                0x00000000000004af       0x2d ./Core/Src/fatfs_sd.o
 .ARM.attributes
                0x00000000000004dc       0x2d ./Core/Src/main.o
 .ARM.attributes
                0x0000000000000509       0x2d ./Core/Src/stm32f1xx_hal_msp.o
 .ARM.attributes
                0x0000000000000536       0x2d ./Core/Src/stm32f1xx_it.o
 .ARM.attributes
                0x0000000000000563       0x2d ./Core/Src/system_stm32f1xx.o
 .ARM.attributes
                0x0000000000000590       0x21 ./Core/Startup/startup_stm32f103c8tx.o
 .ARM.attributes
                0x00000000000005b1       0x2d ./Drivers/STM32F1xx_HAL_Driver/Src/stm32f1xx_hal.o
 .ARM.attributes
                0x00000000000005de       0x2d ./Drivers/STM32F1xx_HAL_Driver/Src/stm32f1xx_hal_cortex.o
 .ARM.attributes
                0x000000000000060b       0x2d ./Drivers/STM32F1xx_HAL_Driver/Src/stm32f1xx_hal_dma.o
 .ARM.attributes
                0x0000000000000638       0x2d ./Drivers/STM32F1xx_HAL_Driver/Src/stm32f1xx_hal_gpio.o
 .ARM.attributes
                0x0000000000000665       0x2d ./Drivers/STM32F1xx_HAL_Driver/Src/stm32f1xx_hal_i2c.o
 .ARM.attributes
                0x0000000000000692       0x2d ./Drivers/STM32F1xx_HAL_Driver/Src/stm32f1xx_hal_pwr.o
 .ARM.attributes
                0x00000000000006bf       0x2d ./Drivers/STM32F1xx_HAL_Driver/Src/stm32f1xx_hal_rcc.o
 .ARM.attributes
                0x00000000000006ec       0x2d ./Drivers/STM32F1xx_HAL_Driver/Src/stm32f1xx_hal_rcc_ex.o
 .ARM.attributes
                0x0000000000000719       0x2d ./Drivers/STM32F1xx_HAL_Driver/Src/stm32f1xx_hal_rtc.o
 .ARM.attributes
                0x0000000000000746       0x2d ./Drivers/STM32F1xx_HAL_Driver/Src/stm32f1xx_hal_spi.o
 .ARM.attributes
                0x0000000000000773       0x2d ./Drivers/STM32F1xx_HAL_Driver/Src/stm32f1xx_hal_tim.o
 .ARM.attributes
                0x00000000000007a0       0x2d ./Drivers/STM32F1xx_HAL_Driver/Src/stm32f1xx_hal_tim_ex.o
 .ARM.attributes
                0x00000000000007cd       0x2d ./Drivers/STM32F1xx_HAL_Driver/Src/stm32f1xx_hal_uart.o
 .ARM.attributes
                0x00000000000007fa       0x2d ./FATFS/App/fatfs.o
 .ARM.attributes
                0x0000000000000827       0x2d ./FATFS/Target/user_diskio.o
 .ARM.attributes
                0x0000000000000854       0x2d ./Middlewares/Third_Party/FatFs/src/diskio.o
 .ARM.attributes
                0x0000000000000881       0x2d ./Middlewares/Third_Party/FatFs/src/ff.o
 .ARM.attributes
                0x00000000000008ae       0x2d ./Middlewares/Third_Party/FatFs/src/ff_gen_drv.o
 .ARM.attributes
                0x00000000000008db       0x2d ./Middlewares/Third_Party/FatFs/src/option/ccsbcs.o
 .ARM.attributes
                0x0000000000000908       0x2d c:/st/stm32cubeide_1.9.0/stm32cubeide/plugins/com.st.stm32cube.ide.mcu.externaltools.gnu-tools-for-stm32.10.3-2021.10.win32_1.0.0.202111181127/tools/bin/../lib/gcc/arm-none-eabi/10.3.1/../../../../arm-none-eabi/lib/thumb/v7-m/nofp\libc_nano.a(lib_a-init.o)
 .ARM.attributes
                0x0000000000000935       0x2d c:/st/stm32cubeide_1.9.0/stm32cubeide/plugins/com.st.stm32cube.ide.mcu.externaltools.gnu-tools-for-stm32.10.3-2021.10.win32_1.0.0.202111181127/tools/bin/../lib/gcc/arm-none-eabi/10.3.1/../../../../arm-none-eabi/lib/thumb/v7-m/nofp\libc_nano.a(lib_a-memcpy-stub.o)
 .ARM.attributes
                0x0000000000000962       0x2d c:/st/stm32cubeide_1.9.0/stm32cubeide/plugins/com.st.stm32cube.ide.mcu.externaltools.gnu-tools-for-stm32.10.3-2021.10.win32_1.0.0.202111181127/tools/bin/../lib/gcc/arm-none-eabi/10.3.1/../../../../arm-none-eabi/lib/thumb/v7-m/nofp\libc_nano.a(lib_a-memset.o)
 .ARM.attributes
                0x000000000000098f       0x17 c:/st/stm32cubeide_1.9.0/stm32cubeide/plugins/com.st.stm32cube.ide.mcu.externaltools.gnu-tools-for-stm32.10.3-2021.10.win32_1.0.0.202111181127/tools/bin/../lib/gcc/arm-none-eabi/10.3.1/../../../../arm-none-eabi/lib/thumb/v7-m/nofp\libc_nano.a(lib_a-strlen.o)
 .ARM.attributes
                0x00000000000009a6       0x1d c:/st/stm32cubeide_1.9.0/stm32cubeide/plugins/com.st.stm32cube.ide.mcu.externaltools.gnu-tools-for-stm32.10.3-2021.10.win32_1.0.0.202111181127/tools/bin/../lib/gcc/arm-none-eabi/10.3.1/thumb/v7-m/nofp\libgcc.a(_arm_addsubsf3.o)
 .ARM.attributes
                0x00000000000009c3       0x1d c:/st/stm32cubeide_1.9.0/stm32cubeide/plugins/com.st.stm32cube.ide.mcu.externaltools.gnu-tools-for-stm32.10.3-2021.10.win32_1.0.0.202111181127/tools/bin/../lib/gcc/arm-none-eabi/10.3.1/thumb/v7-m/nofp\libgcc.a(_arm_muldivsf3.o)
 .ARM.attributes
                0x00000000000009e0       0x1d c:/st/stm32cubeide_1.9.0/stm32cubeide/plugins/com.st.stm32cube.ide.mcu.externaltools.gnu-tools-for-stm32.10.3-2021.10.win32_1.0.0.202111181127/tools/bin/../lib/gcc/arm-none-eabi/10.3.1/thumb/v7-m/nofp\libgcc.a(_arm_cmpsf2.o)
 .ARM.attributes
                0x00000000000009fd       0x1d c:/st/stm32cubeide_1.9.0/stm32cubeide/plugins/com.st.stm32cube.ide.mcu.externaltools.gnu-tools-for-stm32.10.3-2021.10.win32_1.0.0.202111181127/tools/bin/../lib/gcc/arm-none-eabi/10.3.1/thumb/v7-m/nofp\libgcc.a(_arm_fixsfsi.o)
 .ARM.attributes
                0x0000000000000a1a       0x1d c:/st/stm32cubeide_1.9.0/stm32cubeide/plugins/com.st.stm32cube.ide.mcu.externaltools.gnu-tools-for-stm32.10.3-2021.10.win32_1.0.0.202111181127/tools/bin/../lib/gcc/arm-none-eabi/10.3.1/thumb/v7-m/nofp/crtn.o
OUTPUT(GPSTracker.elf elf32-littlearm)
LOAD linker stubs
LOAD c:/st/stm32cubeide_1.9.0/stm32cubeide/plugins/com.st.stm32cube.ide.mcu.externaltools.gnu-tools-for-stm32.10.3-2021.10.win32_1.0.0.202111181127/tools/bin/../lib/gcc/arm-none-eabi/10.3.1/../../../../arm-none-eabi/lib/thumb/v7-m/nofp\libc.a
LOAD c:/st/stm32cubeide_1.9.0/stm32cubeide/plugins/com.st.stm32cube.ide.mcu.externaltools.gnu-tools-for-stm32.10.3-2021.10.win32_1.0.0.202111181127/tools/bin/../lib/gcc/arm-none-eabi/10.3.1/../../../../arm-none-eabi/lib/thumb/v7-m/nofp\libm.a
LOAD c:/st/stm32cubeide_1.9.0/stm32cubeide/plugins/com.st.stm32cube.ide.mcu.externaltools.gnu-tools-for-stm32.10.3-2021.10.win32_1.0.0.202111181127/tools/bin/../lib/gcc/arm-none-eabi/10.3.1/thumb/v7-m/nofp\libgcc.a

.comment        0x0000000000000000       0x50
 .comment       0x0000000000000000       0x50 ./Core/Src/GPS/GPScontroller.o
                                         0x51 (size before relaxing)
 .comment       0x0000000000000050       0x51 ./Core/Src/GPS/GPSmodel.o
 .comment       0x0000000000000050       0x51 ./Core/Src/GPS/parser.o
 .comment       0x0000000000000050       0x51 ./Core/Src/GPS/tools.o
 .comment       0x0000000000000050       0x51 ./Core/Src/OLED/Screens.o
 .comment       0x0000000000000050       0x51 ./Core/Src/OLED/u8g2/u8g2_box.o
 .comment       0x0000000000000050       0x51 ./Core/Src/OLED/u8g2/u8g2_buffer.o
 .comment       0x0000000000000050       0x51 ./Core/Src/OLED/u8g2/u8g2_cleardisplay.o
 .comment       0x0000000000000050       0x51 ./Core/Src/OLED/u8g2/u8g2_d_memory.o
 .comment       0x0000000000000050       0x51 ./Core/Src/OLED/u8g2/u8g2_d_setup.o
 .comment       0x0000000000000050       0x51 ./Core/Src/OLED/u8g2/u8g2_font.o
 .comment       0x0000000000000050       0x51 ./Core/Src/OLED/u8g2/u8g2_fonts.o
 .comment       0x0000000000000050       0x51 ./Core/Src/OLED/u8g2/u8g2_hvline.o
 .comment       0x0000000000000050       0x51 ./Core/Src/OLED/u8g2/u8g2_ll_hvline.o
 .comment       0x0000000000000050       0x51 ./Core/Src/OLED/u8g2/u8g2_selection_list.o
 .comment       0x0000000000000050       0x51 ./Core/Src/OLED/u8g2/u8g2_setup.o
 .comment       0x0000000000000050       0x51 ./Core/Src/OLED/u8g2/u8x8_8x8.o
 .comment       0x0000000000000050       0x51 ./Core/Src/OLED/u8g2/u8x8_byte.o
 .comment       0x0000000000000050       0x51 ./Core/Src/OLED/u8g2/u8x8_cad.o
 .comment       0x0000000000000050       0x51 ./Core/Src/OLED/u8g2/u8x8_d_ssd1306_128x64_noname.o
 .comment       0x0000000000000050       0x51 ./Core/Src/OLED/u8g2/u8x8_display.o
 .comment       0x0000000000000050       0x51 ./Core/Src/OLED/u8g2/u8x8_gpio.o
 .comment       0x0000000000000050       0x51 ./Core/Src/OLED/u8g2/u8x8_setup.o
 .comment       0x0000000000000050       0x51 ./Core/Src/OLED/u8g2/u8x8_string.o
 .comment       0x0000000000000050       0x51 ./Core/Src/SDlogging.o
 .comment       0x0000000000000050       0x51 ./Core/Src/fatfs_sd.o
 .comment       0x0000000000000050       0x51 ./Core/Src/main.o
 .comment       0x0000000000000050       0x51 ./Core/Src/stm32f1xx_hal_msp.o
 .comment       0x0000000000000050       0x51 ./Core/Src/stm32f1xx_it.o
 .comment       0x0000000000000050       0x51 ./Core/Src/system_stm32f1xx.o
 .comment       0x0000000000000050       0x51 ./Drivers/STM32F1xx_HAL_Driver/Src/stm32f1xx_hal.o
 .comment       0x0000000000000050       0x51 ./Drivers/STM32F1xx_HAL_Driver/Src/stm32f1xx_hal_cortex.o
 .comment       0x0000000000000050       0x51 ./Drivers/STM32F1xx_HAL_Driver/Src/stm32f1xx_hal_dma.o
 .comment       0x0000000000000050       0x51 ./Drivers/STM32F1xx_HAL_Driver/Src/stm32f1xx_hal_gpio.o
 .comment       0x0000000000000050       0x51 ./Drivers/STM32F1xx_HAL_Driver/Src/stm32f1xx_hal_i2c.o
 .comment       0x0000000000000050       0x51 ./Drivers/STM32F1xx_HAL_Driver/Src/stm32f1xx_hal_pwr.o
 .comment       0x0000000000000050       0x51 ./Drivers/STM32F1xx_HAL_Driver/Src/stm32f1xx_hal_rcc.o
 .comment       0x0000000000000050       0x51 ./Drivers/STM32F1xx_HAL_Driver/Src/stm32f1xx_hal_rcc_ex.o
 .comment       0x0000000000000050       0x51 ./Drivers/STM32F1xx_HAL_Driver/Src/stm32f1xx_hal_rtc.o
 .comment       0x0000000000000050       0x51 ./Drivers/STM32F1xx_HAL_Driver/Src/stm32f1xx_hal_spi.o
 .comment       0x0000000000000050       0x51 ./Drivers/STM32F1xx_HAL_Driver/Src/stm32f1xx_hal_tim.o
 .comment       0x0000000000000050       0x51 ./Drivers/STM32F1xx_HAL_Driver/Src/stm32f1xx_hal_tim_ex.o
 .comment       0x0000000000000050       0x51 ./Drivers/STM32F1xx_HAL_Driver/Src/stm32f1xx_hal_uart.o
 .comment       0x0000000000000050       0x51 ./FATFS/App/fatfs.o
 .comment       0x0000000000000050       0x51 ./FATFS/Target/user_diskio.o
 .comment       0x0000000000000050       0x51 ./Middlewares/Third_Party/FatFs/src/diskio.o
 .comment       0x0000000000000050       0x51 ./Middlewares/Third_Party/FatFs/src/ff.o
 .comment       0x0000000000000050       0x51 ./Middlewares/Third_Party/FatFs/src/ff_gen_drv.o
 .comment       0x0000000000000050       0x51 ./Middlewares/Third_Party/FatFs/src/option/ccsbcs.o

.debug_frame    0x0000000000000000      0x1e4
 .debug_frame   0x0000000000000000       0x2c c:/st/stm32cubeide_1.9.0/stm32cubeide/plugins/com.st.stm32cube.ide.mcu.externaltools.gnu-tools-for-stm32.10.3-2021.10.win32_1.0.0.202111181127/tools/bin/../lib/gcc/arm-none-eabi/10.3.1/../../../../arm-none-eabi/lib/thumb/v7-m/nofp\libc_nano.a(lib_a-init.o)
 .debug_frame   0x000000000000002c       0x28 c:/st/stm32cubeide_1.9.0/stm32cubeide/plugins/com.st.stm32cube.ide.mcu.externaltools.gnu-tools-for-stm32.10.3-2021.10.win32_1.0.0.202111181127/tools/bin/../lib/gcc/arm-none-eabi/10.3.1/../../../../arm-none-eabi/lib/thumb/v7-m/nofp\libc_nano.a(lib_a-memcpy-stub.o)
 .debug_frame   0x0000000000000054       0x20 c:/st/stm32cubeide_1.9.0/stm32cubeide/plugins/com.st.stm32cube.ide.mcu.externaltools.gnu-tools-for-stm32.10.3-2021.10.win32_1.0.0.202111181127/tools/bin/../lib/gcc/arm-none-eabi/10.3.1/../../../../arm-none-eabi/lib/thumb/v7-m/nofp\libc_nano.a(lib_a-memset.o)
 .debug_frame   0x0000000000000074       0x4c c:/st/stm32cubeide_1.9.0/stm32cubeide/plugins/com.st.stm32cube.ide.mcu.externaltools.gnu-tools-for-stm32.10.3-2021.10.win32_1.0.0.202111181127/tools/bin/../lib/gcc/arm-none-eabi/10.3.1/thumb/v7-m/nofp\libgcc.a(_arm_addsubsf3.o)
 .debug_frame   0x00000000000000c0       0x38 c:/st/stm32cubeide_1.9.0/stm32cubeide/plugins/com.st.stm32cube.ide.mcu.externaltools.gnu-tools-for-stm32.10.3-2021.10.win32_1.0.0.202111181127/tools/bin/../lib/gcc/arm-none-eabi/10.3.1/thumb/v7-m/nofp\libgcc.a(_arm_muldivsf3.o)