../Core/Src/Statechart.c:58:6:statechart_init	24	static
../Core/Src/Statechart.c:76:6:statechart_enter	16	static
../Core/Src/Statechart.c:89:6:statechart_exit	16	static
../Core/Src/Statechart.c:105:6:statechart_trigger_without_event	16	static
../Core/Src/Statechart.c:110:12:statechart_is_active	24	static
../Core/Src/Statechart.c:126:12:statechart_is_final	16	static
../Core/Src/Statechart.c:132:12:statechart_is_state_active	24	static
../Core/Src/Statechart.c:152:13:clear_in_events	16	static
../Core/Src/Statechart.c:157:13:micro_step	16	static
../Core/Src/Statechart.c:177:13:run_cycle	16	static
../Core/Src/Statechart.c:196:6:statechart_raise_buttonPushed	16	static
../Core/Src/Statechart.c:208:13:enact_main_region_Encendido	16	static
../Core/Src/Statechart.c:215:13:enact_main_region_Apagado	16	static
../Core/Src/Statechart.c:222:13:enseq_main_region_Encendido_default	16	static
../Core/Src/Statechart.c:230:13:enseq_main_region_Apagado_default	16	static
../Core/Src/Statechart.c:238:13:enseq_main_region_default	16	static
../Core/Src/Statechart.c:245:13:exseq_main_region_Encendido	16	static
../Core/Src/Statechart.c:252:13:exseq_main_region_Apagado	16	static
../Core/Src/Statechart.c:259:13:exseq_main_region	16	static
../Core/Src/Statechart.c:282:13:react_main_region__entry_Default	16	static
../Core/Src/Statechart.c:289:19:react	16	static
../Core/Src/Statechart.c:296:19:main_region_Encendido_react	24	static
../Core/Src/Statechart.c:318:19:main_region_Apagado_react	24	static
../Core/Src/Statechart.c:343:13:statechart_eventqueue_init	24	static
../Core/Src/Statechart.c:352:19:statechart_eventqueue_size	16	static
../Core/Src/Statechart.c:357:25:statechart_eventqueue_pop	24	static
../Core/Src/Statechart.c:376:19:statechart_eventqueue_push	16	static
../Core/Src/Statechart.c:395:13:statechart_event_init	16	static
../Core/Src/Statechart.c:400:13:statechart_add_event_to_queue	24	static
../Core/Src/Statechart.c:407:13:statechart_dispatch_event	16	static
../Core/Src/Statechart.c:420:25:statechart_get_next_event	24	static
../Core/Src/Statechart.c:430:13:statechart_dispatch_next_event	24	static
